<?xml version="1.0" encoding="utf-8" ?>
<!-- DO NOT EDIT THIS FILE -->

<log version='2.0' source='trc'>
	<msg id='1' display='false' source='trc'>
		<type>PROCESS_START</type>
		<severity>INFO</severity>
		<timestamp>Wed Jul  2 17:00:13 2025</timestamp>
		<arg name='process'>/VM/stud/S5843444/mandelbrot/mpi/hybrid_openmp_mpi_mandelbrot</arg>
		<arg name='pid'>298692</arg>
	</msg>
	<!-- Instrumentation filter's state:
    Patterns applicability:
        Generic loop pattern.....................: disabled
        Generic loop pattern (with dynamic jumps): disabled
        Known trip value loop pattern............: disabled
        Runtime final value loop pattern.........: disabled
        No initial IV loop pattern...............: disabled
        IV step only loop pattern................: disabled
        No entry loop pattern....................: disabled
    Clustered memory model (CMM) applicability:
        Generic loop pattern.....................: enabled
        Generic loop pattern (with dynamic jumps): enabled
        Known trip value loop pattern............: enabled
        Runtime final value loop pattern.........: enabled
        No initial IV loop pattern...............: enabled
        IV step only loop pattern................: enabled
        No entry loop pattern....................: disabled
 -->
	<!-- Callstack mode:
    filter modules.........: true
    filter routines........: true
    count loops............: false
    count flops............: false
    trace..................: false
    extended trace.........: false
    omp trace..............: false
    jit trace..............: false
    failures trace.........: false
    dump raw...............: false
    dump final.............: false
    dump all...............: false
    stack stitching........: true
    stl profiling..........: true
    aggressive frame switch: true
    unwind frame exit......: true
    analyze child loops....: true
 -->
	<!-- Managed application profiling: -->
	<!-- 	State...................: enabled -->
	<!-- Gpu Profiling: -->
	<!-- 	State: disabled -->
	<msg id='2' display='false' source='trc'>
		<type>PROCESS_ANALYSIS_MODE</type>
		<severity>INFO</severity>
		<timestamp>Wed Jul  2 17:00:13 2025</timestamp>
		<arg name='mode'>full</arg>
	</msg>
	<!-- Update image info for [1:0x400000:YN] /VM/stud/S5843444/mandelbrot/mpi/hybrid_openmp_mpi_mandelbrot -->
	<msg id='3' display='false' source='trc'>
		<type>LOAD_MODULE</type>
		<severity>INFO</severity>
		<timestamp>Wed Jul  2 17:00:13 2025</timestamp>
		<arg name='module'>/VM/stud/S5843444/mandelbrot/mpi/hybrid_openmp_mpi_mandelbrot</arg>
		<arg name='basement'>0x400000</arg>
		<arg name='ceiling'>0x41992f</arg>
		<arg name='symtab'>yes</arg>
	</msg>
	<!-- Instrumenting image: id = 1, name = /VM/stud/S5843444/mandelbrot/mpi/hybrid_openmp_mpi_mandelbrot -->
	<!-- skipping routine "std::operator<<<std::char_traits<char> >", reason cannot build control-flow graph (HasDynamicJumps) -->
	<!-- skipping routine "__libm_hypot", reason cannot build control-flow graph (HasDynamicJumps) -->
	<!-- Update image info for [2:0x7F64A9EED000:NN] /lib64/ld-linux-x86-64.so.2 -->
	<msg id='4' display='false' source='trc'>
		<type>LOAD_MODULE</type>
		<severity>INFO</severity>
		<timestamp>Wed Jul  2 17:00:13 2025</timestamp>
		<arg name='module'>/lib64/ld-linux-x86-64.so.2</arg>
		<arg name='basement'>0x7f64a9eed000</arg>
		<arg name='ceiling'>0x7f64a9f212d7</arg>
		<arg name='symtab'>no</arg>
	</msg>
	<!-- Instrumentation of /lib64/ld-linux-x86-64.so.2 image skipped because of filter conditions. -->
	<!-- Update image info for [3:0x7FFCFCDEE000:NN] [vdso] -->
	<msg id='5' display='false' source='trc'>
		<type>LOAD_MODULE</type>
		<severity>INFO</severity>
		<timestamp>Wed Jul  2 17:00:13 2025</timestamp>
		<arg name='module'>[vdso]</arg>
		<arg name='basement'>0x7ffcfcdee000</arg>
		<arg name='ceiling'>0x7ffcfcdeed7b</arg>
		<arg name='symtab'>no</arg>
	</msg>
	<!-- Instrumentation of [vdso] image skipped because of filter conditions [cs-mode]. -->
	<!-- Update image info for [4:0x7F6494A00000:YN] /opt/intel/oneapi/mpi/2021.10.0//lib/libmpicxx.so.12 -->
	<msg id='6' display='false' source='trc'>
		<type>LOAD_MODULE</type>
		<severity>INFO</severity>
		<timestamp>Wed Jul  2 17:00:13 2025</timestamp>
		<arg name='module'>/opt/intel/oneapi/mpi/2021.10.0//lib/libmpicxx.so.12</arg>
		<arg name='basement'>0x7f6494a00000</arg>
		<arg name='ceiling'>0x7f6494c207a7</arg>
		<arg name='symtab'>yes</arg>
	</msg>
	<!-- Instrumentation of /opt/intel/oneapi/mpi/2021.10.0//lib/libmpicxx.so.12 image skipped because of filter conditions [cs-mode]. -->
	<!-- Update image info for [5:0x7F6494400000:YN] /opt/intel/oneapi/mpi/2021.10.0//lib/libmpifort.so.12 -->
	<msg id='7' display='false' source='trc'>
		<type>LOAD_MODULE</type>
		<severity>INFO</severity>
		<timestamp>Wed Jul  2 17:00:13 2025</timestamp>
		<arg name='module'>/opt/intel/oneapi/mpi/2021.10.0//lib/libmpifort.so.12</arg>
		<arg name='basement'>0x7f6494400000</arg>
		<arg name='ceiling'>0x7f64947b1257</arg>
		<arg name='symtab'>yes</arg>
	</msg>
	<!-- Instrumentation of /opt/intel/oneapi/mpi/2021.10.0//lib/libmpifort.so.12 image skipped because of filter conditions [cs-mode]. -->
	<!-- Update image info for [6:0x7F6492800000:YN] /opt/intel/oneapi/mpi/2021.10.0//lib/release/libmpi.so.12 -->
	<msg id='8' display='false' source='trc'>
		<type>LOAD_MODULE</type>
		<severity>INFO</severity>
		<timestamp>Wed Jul  2 17:00:13 2025</timestamp>
		<arg name='module'>/opt/intel/oneapi/mpi/2021.10.0//lib/release/libmpi.so.12</arg>
		<arg name='basement'>0x7f6492800000</arg>
		<arg name='ceiling'>0x7f64942d0957</arg>
		<arg name='symtab'>yes</arg>
	</msg>
	<!-- Instrumentation of /opt/intel/oneapi/mpi/2021.10.0//lib/release/libmpi.so.12 image skipped because of filter conditions. -->
	<!-- Update image info for [7:0x7F6492400000:NN] /lib/x86_64-linux-gnu/libstdc++.so.6 -->
	<msg id='9' display='false' source='trc'>
		<type>LOAD_MODULE</type>
		<severity>INFO</severity>
		<timestamp>Wed Jul  2 17:00:13 2025</timestamp>
		<arg name='module'>/lib/x86_64-linux-gnu/libstdc++.so.6</arg>
		<arg name='basement'>0x7f6492400000</arg>
		<arg name='ceiling'>0x7f649261987f</arg>
		<arg name='symtab'>no</arg>
	</msg>
	<!-- Instrumentation of /lib/x86_64-linux-gnu/libstdc++.so.6 image skipped because of filter conditions. -->
	<!-- Update image info for [8:0x7F6494320000:NN] /lib/x86_64-linux-gnu/libm.so.6 -->
	<msg id='10' display='false' source='trc'>
		<type>LOAD_MODULE</type>
		<severity>INFO</severity>
		<timestamp>Wed Jul  2 17:00:13 2025</timestamp>
		<arg name='module'>/lib/x86_64-linux-gnu/libm.so.6</arg>
		<arg name='basement'>0x7f6494320000</arg>
		<arg name='ceiling'>0x7f64943ff10f</arg>
		<arg name='symtab'>no</arg>
	</msg>
	<!-- Instrumentation of /lib/x86_64-linux-gnu/libm.so.6 image skipped because of filter conditions [cs-mode]. -->
	<!-- Update image info for [9:0x7F6491E00000:YN] /opt/intel/oneapi/compiler/2023.2.1/linux/compiler/lib/intel64_lin/libiomp5.so -->
	<msg id='11' display='false' source='trc'>
		<type>LOAD_MODULE</type>
		<severity>INFO</severity>
		<timestamp>Wed Jul  2 17:00:13 2025</timestamp>
		<arg name='module'>/opt/intel/oneapi/compiler/2023.2.1/linux/compiler/lib/intel64_lin/libiomp5.so</arg>
		<arg name='basement'>0x7f6491e00000</arg>
		<arg name='ceiling'>0x7f649224114f</arg>
		<arg name='symtab'>yes</arg>
	</msg>
	<!-- Instrumenting image: id = 9, name = /opt/intel/oneapi/compiler/2023.2.1/linux/compiler/lib/intel64_lin/libiomp5.so -->
	<!-- skipping routine "_INTERNALb4e99691::__kmp_itt_fsync_acquired_init_3_0", reason cannot build control-flow graph (HasDynamicJumps) -->
	<!-- skipping routine "__kmpc_fork_call", reason cannot build control-flow graph (HasDynamicJumps) -->
	<!-- Update image info for [10:0x7F64947CE000:NN] /lib/x86_64-linux-gnu/libgcc_s.so.1 -->
	<msg id='12' display='false' source='trc'>
		<type>LOAD_MODULE</type>
		<severity>INFO</severity>
		<timestamp>Wed Jul  2 17:00:13 2025</timestamp>
		<arg name='module'>/lib/x86_64-linux-gnu/libgcc_s.so.1</arg>
		<arg name='basement'>0x7f64947ce000</arg>
		<arg name='ceiling'>0x7f64947ed2c7</arg>
		<arg name='symtab'>no</arg>
	</msg>
	<!-- Instrumentation of /lib/x86_64-linux-gnu/libgcc_s.so.1 image skipped because of filter conditions [cs-mode]. -->
	<!-- Update image info for [11:0x7F649261F000:NN] /lib/x86_64-linux-gnu/libc.so.6 -->
	<msg id='13' display='false' source='trc'>
		<type>LOAD_MODULE</type>
		<severity>INFO</severity>
		<timestamp>Wed Jul  2 17:00:13 2025</timestamp>
		<arg name='module'>/lib/x86_64-linux-gnu/libc.so.6</arg>
		<arg name='basement'>0x7f649261f000</arg>
		<arg name='ceiling'>0x7f64927fff4f</arg>
		<arg name='symtab'>no</arg>
	</msg>
	<!-- Instrumentation of /lib/x86_64-linux-gnu/libc.so.6 image skipped because of filter conditions. -->
	<!-- Update image info for [12:0x7F64947B5000:NN] /lib/x86_64-linux-gnu/librt.so.1 -->
	<msg id='14' display='false' source='trc'>
		<type>LOAD_MODULE</type>
		<severity>INFO</severity>
		<timestamp>Wed Jul  2 17:00:13 2025</timestamp>
		<arg name='module'>/lib/x86_64-linux-gnu/librt.so.1</arg>
		<arg name='basement'>0x7f64947b5000</arg>
		<arg name='ceiling'>0x7f64947b901f</arg>
		<arg name='symtab'>no</arg>
	</msg>
	<!-- Instrumentation of /lib/x86_64-linux-gnu/librt.so.1 image skipped because of filter conditions [cs-mode]. -->
	<!-- Update image info for [13:0x7F64942D9000:NN] /lib/x86_64-linux-gnu/libdl.so.2 -->
	<msg id='15' display='false' source='trc'>
		<type>LOAD_MODULE</type>
		<severity>INFO</severity>
		<timestamp>Wed Jul  2 17:00:13 2025</timestamp>
		<arg name='module'>/lib/x86_64-linux-gnu/libdl.so.2</arg>
		<arg name='basement'>0x7f64942d9000</arg>
		<arg name='ceiling'>0x7f64942dd00f</arg>
		<arg name='symtab'>no</arg>
	</msg>
	<!-- Instrumentation of /lib/x86_64-linux-gnu/libdl.so.2 image skipped because of filter conditions [cs-mode]. -->
	<!-- Update image info for [14:0x7F64942D3000:NN] /lib/x86_64-linux-gnu/libpthread.so.0 -->
	<msg id='16' display='false' source='trc'>
		<type>LOAD_MODULE</type>
		<severity>INFO</severity>
		<timestamp>Wed Jul  2 17:00:13 2025</timestamp>
		<arg name='module'>/lib/x86_64-linux-gnu/libpthread.so.0</arg>
		<arg name='basement'>0x7f64942d3000</arg>
		<arg name='ceiling'>0x7f64942d700f</arg>
		<arg name='symtab'>no</arg>
	</msg>
	<!-- Instrumentation of /lib/x86_64-linux-gnu/libpthread.so.0 image skipped because of filter conditions [cs-mode]. -->
	<!-- Update image info for [15:0x7F648CBD3000:NN] /lib/x86_64-linux-gnu/libnuma.so -->
	<msg id='17' display='false' source='trc'>
		<type>LOAD_MODULE</type>
		<severity>INFO</severity>
		<timestamp>Wed Jul  2 17:00:14 2025</timestamp>
		<arg name='module'>/lib/x86_64-linux-gnu/libnuma.so</arg>
		<arg name='basement'>0x7f648cbd3000</arg>
		<arg name='ceiling'>0x7f648cbdf897</arg>
		<arg name='symtab'>no</arg>
	</msg>
	<!-- Instrumentation of /lib/x86_64-linux-gnu/libnuma.so image skipped because of filter conditions [cs-mode]. -->
	<!-- Update image info for [16:0x7F6400400000:YN] /opt/intel/oneapi/mpi/2021.10.0//libfabric/lib/libfabric.so.1 -->
	<msg id='18' display='false' source='trc'>
		<type>LOAD_MODULE</type>
		<severity>INFO</severity>
		<timestamp>Wed Jul  2 17:00:14 2025</timestamp>
		<arg name='module'>/opt/intel/oneapi/mpi/2021.10.0//libfabric/lib/libfabric.so.1</arg>
		<arg name='basement'>0x7f6400400000</arg>
		<arg name='ceiling'>0x7f6400655c6f</arg>
		<arg name='symtab'>yes</arg>
	</msg>
	<!-- Instrumenting image: id = 16, name = /opt/intel/oneapi/mpi/2021.10.0//libfabric/lib/libfabric.so.1 -->
	<!-- Update image info for [17:0x7F63FF800000:YN] /opt/intel/oneapi/mpi/2021.10.0//libfabric/lib/prov/libverbs-1.12-fi.so -->
	<msg id='19' display='false' source='trc'>
		<type>LOAD_MODULE</type>
		<severity>INFO</severity>
		<timestamp>Wed Jul  2 17:00:14 2025</timestamp>
		<arg name='module'>/opt/intel/oneapi/mpi/2021.10.0//libfabric/lib/prov/libverbs-1.12-fi.so</arg>
		<arg name='basement'>0x7f63ff800000</arg>
		<arg name='ceiling'>0x7f63ffa6619f</arg>
		<arg name='symtab'>yes</arg>
	</msg>
	<!-- Instrumenting image: id = 17, name = /opt/intel/oneapi/mpi/2021.10.0//libfabric/lib/prov/libverbs-1.12-fi.so -->
	<!-- skipping routine "strstr", reason cannot build control-flow graph (HasDynamicJumps) -->
	<!-- Update image info for [18:0x7F63FF79F000:NN] /lib/x86_64-linux-gnu/librdmacm.so.1 -->
	<msg id='20' display='false' source='trc'>
		<type>LOAD_MODULE</type>
		<severity>INFO</severity>
		<timestamp>Wed Jul  2 17:00:14 2025</timestamp>
		<arg name='module'>/lib/x86_64-linux-gnu/librdmacm.so.1</arg>
		<arg name='basement'>0x7f63ff79f000</arg>
		<arg name='ceiling'>0x7f63ff7bd227</arg>
		<arg name='symtab'>no</arg>
	</msg>
	<!-- Instrumentation of /lib/x86_64-linux-gnu/librdmacm.so.1 image skipped because of filter conditions [cs-mode]. -->
	<!-- Update image info for [19:0x7F63FF732000:NN] /lib/x86_64-linux-gnu/libibverbs.so.1 -->
	<msg id='21' display='false' source='trc'>
		<type>LOAD_MODULE</type>
		<severity>INFO</severity>
		<timestamp>Wed Jul  2 17:00:14 2025</timestamp>
		<arg name='module'>/lib/x86_64-linux-gnu/libibverbs.so.1</arg>
		<arg name='basement'>0x7f63ff732000</arg>
		<arg name='ceiling'>0x7f63ff75235f</arg>
		<arg name='symtab'>no</arg>
	</msg>
	<!-- Instrumentation of /lib/x86_64-linux-gnu/libibverbs.so.1 image skipped because of filter conditions [cs-mode]. -->
	<!-- Update image info for [20:0x7F63FF70F000:NN] /lib/x86_64-linux-gnu/libnl-3.so.200 -->
	<msg id='22' display='false' source='trc'>
		<type>LOAD_MODULE</type>
		<severity>INFO</severity>
		<timestamp>Wed Jul  2 17:00:14 2025</timestamp>
		<arg name='module'>/lib/x86_64-linux-gnu/libnl-3.so.200</arg>
		<arg name='basement'>0x7f63ff70f000</arg>
		<arg name='ceiling'>0x7f63ff73190f</arg>
		<arg name='symtab'>no</arg>
	</msg>
	<!-- Instrumentation of /lib/x86_64-linux-gnu/libnl-3.so.200 image skipped because of filter conditions [cs-mode]. -->
	<!-- Update image info for [21:0x7F63FF65D000:NN] /lib/x86_64-linux-gnu/libnl-route-3.so.200 -->
	<msg id='23' display='false' source='trc'>
		<type>LOAD_MODULE</type>
		<severity>INFO</severity>
		<timestamp>Wed Jul  2 17:00:14 2025</timestamp>
		<arg name='module'>/lib/x86_64-linux-gnu/libnl-route-3.so.200</arg>
		<arg name='basement'>0x7f63ff65d000</arg>
		<arg name='ceiling'>0x7f63ff6edb5f</arg>
		<arg name='symtab'>no</arg>
	</msg>
	<!-- Instrumentation of /lib/x86_64-linux-gnu/libnl-route-3.so.200 image skipped because of filter conditions [cs-mode]. -->
	<!-- Update image info for [22:0x7F63FEC00000:YN] /opt/intel/oneapi/mpi/2021.10.0//libfabric/lib/prov/libverbs-1.1-fi.so -->
	<msg id='24' display='false' source='trc'>
		<type>LOAD_MODULE</type>
		<severity>INFO</severity>
		<timestamp>Wed Jul  2 17:00:14 2025</timestamp>
		<arg name='module'>/opt/intel/oneapi/mpi/2021.10.0//libfabric/lib/prov/libverbs-1.1-fi.so</arg>
		<arg name='basement'>0x7f63fec00000</arg>
		<arg name='ceiling'>0x7f63fee62e3f</arg>
		<arg name='symtab'>yes</arg>
	</msg>
	<!-- Instrumentation of /opt/intel/oneapi/mpi/2021.10.0//libfabric/lib/prov/libverbs-1.1-fi.so image skipped because of filter conditions [cs-mode]. -->
	<!-- Update image info for [23:0x7F63FE800000:YN] /opt/intel/oneapi/mpi/2021.10.0//libfabric/lib/prov/libtcp-fi.so -->
	<msg id='25' display='false' source='trc'>
		<type>LOAD_MODULE</type>
		<severity>INFO</severity>
		<timestamp>Wed Jul  2 17:00:14 2025</timestamp>
		<arg name='module'>/opt/intel/oneapi/mpi/2021.10.0//libfabric/lib/prov/libtcp-fi.so</arg>
		<arg name='basement'>0x7f63fe800000</arg>
		<arg name='ceiling'>0x7f63fea5804f</arg>
		<arg name='symtab'>yes</arg>
	</msg>
	<!-- Instrumenting image: id = 23, name = /opt/intel/oneapi/mpi/2021.10.0//libfabric/lib/prov/libtcp-fi.so -->
	<!-- skipping routine "xnet_handle_event_list", reason cannot build control-flow graph (HasDynamicJumps) -->
	<!-- skipping routine "ofi_cq_read", reason cannot build control-flow graph (HasDynamicJumps) -->
	<!-- Update image info for [24:0x7F63FE400000:YN] /opt/intel/oneapi/mpi/2021.10.0//libfabric/lib/prov/libshm-fi.so -->
	<msg id='26' display='false' source='trc'>
		<type>LOAD_MODULE</type>
		<severity>INFO</severity>
		<timestamp>Wed Jul  2 17:00:14 2025</timestamp>
		<arg name='module'>/opt/intel/oneapi/mpi/2021.10.0//libfabric/lib/prov/libshm-fi.so</arg>
		<arg name='basement'>0x7f63fe400000</arg>
		<arg name='ceiling'>0x7f63fe65f387</arg>
		<arg name='symtab'>yes</arg>
	</msg>
	<!-- Instrumentation of /opt/intel/oneapi/mpi/2021.10.0//libfabric/lib/prov/libshm-fi.so image skipped because of filter conditions [cs-mode]. -->
	<!-- Update image info for [25:0x7F63FE000000:YN] /opt/intel/oneapi/mpi/2021.10.0//libfabric/lib/prov/librxm-fi.so -->
	<msg id='27' display='false' source='trc'>
		<type>LOAD_MODULE</type>
		<severity>INFO</severity>
		<timestamp>Wed Jul  2 17:00:14 2025</timestamp>
		<arg name='module'>/opt/intel/oneapi/mpi/2021.10.0//libfabric/lib/prov/librxm-fi.so</arg>
		<arg name='basement'>0x7f63fe000000</arg>
		<arg name='ceiling'>0x7f63fe262497</arg>
		<arg name='symtab'>yes</arg>
	</msg>
	<!-- Instrumenting image: id = 25, name = /opt/intel/oneapi/mpi/2021.10.0//libfabric/lib/prov/librxm-fi.so -->
	<!-- Update image info for [26:0x7F63FD400000:NN] /opt/intel/oneapi/mpi/2021.10.0//libfabric/lib/prov/libpsm3-fi.so -->
	<msg id='28' display='false' source='trc'>
		<type>LOAD_MODULE</type>
		<severity>INFO</severity>
		<timestamp>Wed Jul  2 17:00:14 2025</timestamp>
		<arg name='module'>/opt/intel/oneapi/mpi/2021.10.0//libfabric/lib/prov/libpsm3-fi.so</arg>
		<arg name='basement'>0x7f63fd400000</arg>
		<arg name='ceiling'>0x7f63fd7abdc7</arg>
		<arg name='symtab'>no</arg>
	</msg>
	<!-- Instrumentation of /opt/intel/oneapi/mpi/2021.10.0//libfabric/lib/prov/libpsm3-fi.so image skipped because of no symbols and stripped binaries profiling is disabled. -->
	<!-- Update image info for [27:0x7F648F5A9000:NN] /lib/x86_64-linux-gnu/libuuid.so.1 -->
	<msg id='29' display='false' source='trc'>
		<type>LOAD_MODULE</type>
		<severity>INFO</severity>
		<timestamp>Wed Jul  2 17:00:14 2025</timestamp>
		<arg name='module'>/lib/x86_64-linux-gnu/libuuid.so.1</arg>
		<arg name='basement'>0x7f648f5a9000</arg>
		<arg name='ceiling'>0x7f648f5b2027</arg>
		<arg name='symtab'>no</arg>
	</msg>
	<!-- Instrumentation of /lib/x86_64-linux-gnu/libuuid.so.1 image skipped because of filter conditions [cs-mode]. -->
	<!-- Update image info for [28:0x7F63FCE00000:YN] /opt/intel/oneapi/mpi/2021.10.0//libfabric/lib/prov/libmlx-fi.so -->
	<msg id='30' display='false' source='trc'>
		<type>LOAD_MODULE</type>
		<severity>INFO</severity>
		<timestamp>Wed Jul  2 17:00:14 2025</timestamp>
		<arg name='module'>/opt/intel/oneapi/mpi/2021.10.0//libfabric/lib/prov/libmlx-fi.so</arg>
		<arg name='basement'>0x7f63fce00000</arg>
		<arg name='ceiling'>0x7f63fd044c7f</arg>
		<arg name='symtab'>yes</arg>
	</msg>
	<!-- Instrumentation of /opt/intel/oneapi/mpi/2021.10.0//libfabric/lib/prov/libmlx-fi.so image skipped because of filter conditions [cs-mode]. -->
	<!-- Update image info for [29:0x7F63FD2F3000:NN] /lib/x86_64-linux-gnu/libucp.so.0 -->
	<msg id='31' display='false' source='trc'>
		<type>LOAD_MODULE</type>
		<severity>INFO</severity>
		<timestamp>Wed Jul  2 17:00:14 2025</timestamp>
		<arg name='module'>/lib/x86_64-linux-gnu/libucp.so.0</arg>
		<arg name='basement'>0x7f63fd2f3000</arg>
		<arg name='ceiling'>0x7f63fd3ffbbf</arg>
		<arg name='symtab'>no</arg>
	</msg>
	<!-- Instrumentation of /lib/x86_64-linux-gnu/libucp.so.0 image skipped because of filter conditions [cs-mode]. -->
	<!-- Update image info for [30:0x7F63FD7E4000:NN] /lib/x86_64-linux-gnu/libucs.so.0 -->
	<msg id='32' display='false' source='trc'>
		<type>LOAD_MODULE</type>
		<severity>INFO</severity>
		<timestamp>Wed Jul  2 17:00:14 2025</timestamp>
		<arg name='module'>/lib/x86_64-linux-gnu/libucs.so.0</arg>
		<arg name='basement'>0x7f63fd7e4000</arg>
		<arg name='ceiling'>0x7f63fd83faef</arg>
		<arg name='symtab'>no</arg>
	</msg>
	<!-- Instrumentation of /lib/x86_64-linux-gnu/libucs.so.0 image skipped because of no symbols and stripped binaries profiling is disabled. -->
	<!-- Update image info for [31:0x7F63FD2B1000:NN] /lib/x86_64-linux-gnu/libuct.so.0 -->
	<msg id='33' display='false' source='trc'>
		<type>LOAD_MODULE</type>
		<severity>INFO</severity>
		<timestamp>Wed Jul  2 17:00:14 2025</timestamp>
		<arg name='module'>/lib/x86_64-linux-gnu/libuct.so.0</arg>
		<arg name='basement'>0x7f63fd2b1000</arg>
		<arg name='ceiling'>0x7f63fd2f2c57</arg>
		<arg name='symtab'>no</arg>
	</msg>
	<!-- Instrumentation of /lib/x86_64-linux-gnu/libuct.so.0 image skipped because of filter conditions [cs-mode]. -->
	<!-- Update image info for [32:0x7F63FD7CA000:NN] /lib/x86_64-linux-gnu/libucm.so.0 -->
	<msg id='34' display='false' source='trc'>
		<type>LOAD_MODULE</type>
		<severity>INFO</severity>
		<timestamp>Wed Jul  2 17:00:14 2025</timestamp>
		<arg name='module'>/lib/x86_64-linux-gnu/libucm.so.0</arg>
		<arg name='basement'>0x7f63fd7ca000</arg>
		<arg name='ceiling'>0x7f63fd7e3597</arg>
		<arg name='symtab'>no</arg>
	</msg>
	<!-- Instrumentation of /lib/x86_64-linux-gnu/libucm.so.0 image skipped because of filter conditions [cs-mode]. -->
	<!-- Update image info for [33:0x7F63FBA00000:YN] /opt/intel/oneapi/mpi/2021.10.0//libfabric/lib/prov/libefa-fi.so -->
	<msg id='35' display='false' source='trc'>
		<type>LOAD_MODULE</type>
		<severity>INFO</severity>
		<timestamp>Wed Jul  2 17:00:15 2025</timestamp>
		<arg name='module'>/opt/intel/oneapi/mpi/2021.10.0//libfabric/lib/prov/libefa-fi.so</arg>
		<arg name='basement'>0x7f63fba00000</arg>
		<arg name='ceiling'>0x7f63fbc8ba37</arg>
		<arg name='symtab'>yes</arg>
	</msg>
	<!-- Instrumentation of /opt/intel/oneapi/mpi/2021.10.0//libfabric/lib/prov/libefa-fi.so image skipped because of filter conditions [cs-mode]. -->
	<!-- Update image info for [34:0x7F63FBE0A000:NN] /lib/x86_64-linux-gnu/libefa.so.1 -->
	<msg id='36' display='false' source='trc'>
		<type>LOAD_MODULE</type>
		<severity>INFO</severity>
		<timestamp>Wed Jul  2 17:00:15 2025</timestamp>
		<arg name='module'>/lib/x86_64-linux-gnu/libefa.so.1</arg>
		<arg name='basement'>0x7f63fbe0a000</arg>
		<arg name='ceiling'>0x7f63fbe1700f</arg>
		<arg name='symtab'>no</arg>
	</msg>
	<!-- Instrumentation of /lib/x86_64-linux-gnu/libefa.so.1 image skipped because of filter conditions [cs-mode]. -->
	<msg id='37' display='false' source='trc'>
		<type>UNLOAD_MODULE</type>
		<severity>INFO</severity>
		<timestamp>Wed Jul  2 17:00:15 2025</timestamp>
		<arg name='module'>/opt/intel/oneapi/mpi/2021.10.0//libfabric/lib/prov/libefa-fi.so</arg>
	</msg>
	<msg id='38' display='false' source='trc'>
		<type>UNLOAD_MODULE</type>
		<severity>INFO</severity>
		<timestamp>Wed Jul  2 17:00:15 2025</timestamp>
		<arg name='module'>/lib/x86_64-linux-gnu/libefa.so.1</arg>
	</msg>
	<!-- Update image info for [35:0x7F63F8A00000:NN] /opt/intel/oneapi/advisor/2023.2.0/lib64/runtime/libittnotify.so -->
	<msg id='39' display='false' source='trc'>
		<type>LOAD_MODULE</type>
		<severity>INFO</severity>
		<timestamp>Wed Jul  2 17:00:15 2025</timestamp>
		<arg name='module'>/opt/intel/oneapi/advisor/2023.2.0/lib64/runtime/libittnotify.so</arg>
		<arg name='basement'>0x7f63f8a00000</arg>
		<arg name='ceiling'>0x7f63f8c0c65f</arg>
		<arg name='symtab'>no</arg>
	</msg>
	<!-- __itt_pause was instrumented -->
	<!-- __itt_resume was instrumented -->
	<!-- __itt_metadata_add was instrumented -->
	<!-- Instrumentation of /opt/intel/oneapi/advisor/2023.2.0/lib64/runtime/libittnotify.so image skipped because of filter conditions [cs-mode]. -->
	<!-- Update image info for [36:0x7F63F8D80000:YN] /opt/intel/oneapi/advisor/2023.2.0/lib64/libpinjitprofiling.so -->
	<msg id='40' display='false' source='trc'>
		<type>LOAD_MODULE</type>
		<severity>INFO</severity>
		<timestamp>Wed Jul  2 17:00:15 2025</timestamp>
		<arg name='module'>/opt/intel/oneapi/advisor/2023.2.0/lib64/libpinjitprofiling.so</arg>
		<arg name='basement'>0x7f63f8d80000</arg>
		<arg name='ceiling'>0x7f63f8d84017</arg>
		<arg name='symtab'>yes</arg>
	</msg>
	<!-- Instrumentation of /opt/intel/oneapi/advisor/2023.2.0/lib64/libpinjitprofiling.so image skipped because of filter conditions [cs-mode]. -->
	<msg id='41' display='false' source='trc'>
		<type>UNLOAD_MODULE</type>
		<severity>INFO</severity>
		<timestamp>Wed Jul  2 17:00:22 2025</timestamp>
		<arg name='module'>/opt/intel/oneapi/mpi/2021.10.0//libfabric/lib/prov/libmlx-fi.so</arg>
	</msg>
	<msg id='42' display='false' source='trc'>
		<type>UNLOAD_MODULE</type>
		<severity>INFO</severity>
		<timestamp>Wed Jul  2 17:00:22 2025</timestamp>
		<arg name='module'>/opt/intel/oneapi/mpi/2021.10.0//libfabric/lib/prov/libpsm3-fi.so</arg>
	</msg>
	<msg id='43' display='false' source='trc'>
		<type>UNLOAD_MODULE</type>
		<severity>INFO</severity>
		<timestamp>Wed Jul  2 17:00:22 2025</timestamp>
		<arg name='module'>/lib/x86_64-linux-gnu/libuuid.so.1</arg>
	</msg>
	<msg id='44' display='false' source='trc'>
		<type>UNLOAD_MODULE</type>
		<severity>INFO</severity>
		<timestamp>Wed Jul  2 17:00:22 2025</timestamp>
		<arg name='module'>/opt/intel/oneapi/mpi/2021.10.0//libfabric/lib/prov/librxm-fi.so</arg>
	</msg>
	<msg id='45' display='false' source='trc'>
		<type>UNLOAD_MODULE</type>
		<severity>INFO</severity>
		<timestamp>Wed Jul  2 17:00:22 2025</timestamp>
		<arg name='module'>/opt/intel/oneapi/mpi/2021.10.0//libfabric/lib/prov/libverbs-1.12-fi.so</arg>
	</msg>
	<msg id='46' display='false' source='trc'>
		<type>UNLOAD_MODULE</type>
		<severity>INFO</severity>
		<timestamp>Wed Jul  2 17:00:22 2025</timestamp>
		<arg name='module'>/opt/intel/oneapi/mpi/2021.10.0//libfabric/lib/prov/libverbs-1.1-fi.so</arg>
	</msg>
	<msg id='47' display='false' source='trc'>
		<type>UNLOAD_MODULE</type>
		<severity>INFO</severity>
		<timestamp>Wed Jul  2 17:00:22 2025</timestamp>
		<arg name='module'>/lib/x86_64-linux-gnu/librdmacm.so.1</arg>
	</msg>
	<msg id='48' display='false' source='trc'>
		<type>UNLOAD_MODULE</type>
		<severity>INFO</severity>
		<timestamp>Wed Jul  2 17:00:22 2025</timestamp>
		<arg name='module'>/lib/x86_64-linux-gnu/libibverbs.so.1</arg>
	</msg>
	<msg id='49' display='false' source='trc'>
		<type>UNLOAD_MODULE</type>
		<severity>INFO</severity>
		<timestamp>Wed Jul  2 17:00:22 2025</timestamp>
		<arg name='module'>/lib/x86_64-linux-gnu/libnl-route-3.so.200</arg>
	</msg>
	<msg id='50' display='false' source='trc'>
		<type>UNLOAD_MODULE</type>
		<severity>INFO</severity>
		<timestamp>Wed Jul  2 17:00:22 2025</timestamp>
		<arg name='module'>/lib/x86_64-linux-gnu/libnl-3.so.200</arg>
	</msg>
	<msg id='51' display='false' source='trc'>
		<type>UNLOAD_MODULE</type>
		<severity>INFO</severity>
		<timestamp>Wed Jul  2 17:00:22 2025</timestamp>
		<arg name='module'>/opt/intel/oneapi/mpi/2021.10.0//libfabric/lib/prov/libtcp-fi.so</arg>
	</msg>
	<msg id='52' display='false' source='trc'>
		<type>UNLOAD_MODULE</type>
		<severity>INFO</severity>
		<timestamp>Wed Jul  2 17:00:22 2025</timestamp>
		<arg name='module'>/opt/intel/oneapi/mpi/2021.10.0//libfabric/lib/prov/libshm-fi.so</arg>
	</msg>
	<msg id='53' display='false' source='trc'>
		<type>UNLOAD_MODULE</type>
		<severity>INFO</severity>
		<timestamp>Wed Jul  2 17:00:22 2025</timestamp>
		<arg name='module'>/VM/stud/S5843444/mandelbrot/mpi/hybrid_openmp_mpi_mandelbrot</arg>
	</msg>
	<msg id='54' display='false' source='trc'>
		<type>UNLOAD_MODULE</type>
		<severity>INFO</severity>
		<timestamp>Wed Jul  2 17:00:22 2025</timestamp>
		<arg name='module'>/lib64/ld-linux-x86-64.so.2</arg>
	</msg>
	<msg id='55' display='false' source='trc'>
		<type>UNLOAD_MODULE</type>
		<severity>INFO</severity>
		<timestamp>Wed Jul  2 17:00:22 2025</timestamp>
		<arg name='module'>[vdso]</arg>
	</msg>
	<msg id='56' display='false' source='trc'>
		<type>UNLOAD_MODULE</type>
		<severity>INFO</severity>
		<timestamp>Wed Jul  2 17:00:22 2025</timestamp>
		<arg name='module'>/opt/intel/oneapi/mpi/2021.10.0//lib/libmpicxx.so.12</arg>
	</msg>
	<msg id='57' display='false' source='trc'>
		<type>UNLOAD_MODULE</type>
		<severity>INFO</severity>
		<timestamp>Wed Jul  2 17:00:22 2025</timestamp>
		<arg name='module'>/opt/intel/oneapi/mpi/2021.10.0//lib/libmpifort.so.12</arg>
	</msg>
	<msg id='58' display='false' source='trc'>
		<type>UNLOAD_MODULE</type>
		<severity>INFO</severity>
		<timestamp>Wed Jul  2 17:00:22 2025</timestamp>
		<arg name='module'>/opt/intel/oneapi/mpi/2021.10.0//lib/release/libmpi.so.12</arg>
	</msg>
	<msg id='59' display='false' source='trc'>
		<type>UNLOAD_MODULE</type>
		<severity>INFO</severity>
		<timestamp>Wed Jul  2 17:00:22 2025</timestamp>
		<arg name='module'>/lib/x86_64-linux-gnu/libstdc++.so.6</arg>
	</msg>
	<msg id='60' display='false' source='trc'>
		<type>UNLOAD_MODULE</type>
		<severity>INFO</severity>
		<timestamp>Wed Jul  2 17:00:22 2025</timestamp>
		<arg name='module'>/lib/x86_64-linux-gnu/libm.so.6</arg>
	</msg>
	<msg id='61' display='false' source='trc'>
		<type>UNLOAD_MODULE</type>
		<severity>INFO</severity>
		<timestamp>Wed Jul  2 17:00:22 2025</timestamp>
		<arg name='module'>/opt/intel/oneapi/compiler/2023.2.1/linux/compiler/lib/intel64_lin/libiomp5.so</arg>
	</msg>
	<msg id='62' display='false' source='trc'>
		<type>UNLOAD_MODULE</type>
		<severity>INFO</severity>
		<timestamp>Wed Jul  2 17:00:22 2025</timestamp>
		<arg name='module'>/lib/x86_64-linux-gnu/libgcc_s.so.1</arg>
	</msg>
	<msg id='63' display='false' source='trc'>
		<type>UNLOAD_MODULE</type>
		<severity>INFO</severity>
		<timestamp>Wed Jul  2 17:00:22 2025</timestamp>
		<arg name='module'>/lib/x86_64-linux-gnu/libc.so.6</arg>
	</msg>
	<msg id='64' display='false' source='trc'>
		<type>UNLOAD_MODULE</type>
		<severity>INFO</severity>
		<timestamp>Wed Jul  2 17:00:22 2025</timestamp>
		<arg name='module'>/lib/x86_64-linux-gnu/librt.so.1</arg>
	</msg>
	<msg id='65' display='false' source='trc'>
		<type>UNLOAD_MODULE</type>
		<severity>INFO</severity>
		<timestamp>Wed Jul  2 17:00:22 2025</timestamp>
		<arg name='module'>/lib/x86_64-linux-gnu/libdl.so.2</arg>
	</msg>
	<msg id='66' display='false' source='trc'>
		<type>UNLOAD_MODULE</type>
		<severity>INFO</severity>
		<timestamp>Wed Jul  2 17:00:22 2025</timestamp>
		<arg name='module'>/lib/x86_64-linux-gnu/libpthread.so.0</arg>
	</msg>
	<msg id='67' display='false' source='trc'>
		<type>UNLOAD_MODULE</type>
		<severity>INFO</severity>
		<timestamp>Wed Jul  2 17:00:22 2025</timestamp>
		<arg name='module'>/lib/x86_64-linux-gnu/libnuma.so</arg>
	</msg>
	<msg id='68' display='false' source='trc'>
		<type>UNLOAD_MODULE</type>
		<severity>INFO</severity>
		<timestamp>Wed Jul  2 17:00:22 2025</timestamp>
		<arg name='module'>/opt/intel/oneapi/mpi/2021.10.0//libfabric/lib/libfabric.so.1</arg>
	</msg>
	<msg id='69' display='false' source='trc'>
		<type>UNLOAD_MODULE</type>
		<severity>INFO</severity>
		<timestamp>Wed Jul  2 17:00:22 2025</timestamp>
		<arg name='module'>/lib/x86_64-linux-gnu/libucp.so.0</arg>
	</msg>
	<msg id='70' display='false' source='trc'>
		<type>UNLOAD_MODULE</type>
		<severity>INFO</severity>
		<timestamp>Wed Jul  2 17:00:22 2025</timestamp>
		<arg name='module'>/lib/x86_64-linux-gnu/libucs.so.0</arg>
	</msg>
	<msg id='71' display='false' source='trc'>
		<type>UNLOAD_MODULE</type>
		<severity>INFO</severity>
		<timestamp>Wed Jul  2 17:00:22 2025</timestamp>
		<arg name='module'>/lib/x86_64-linux-gnu/libuct.so.0</arg>
	</msg>
	<msg id='72' display='false' source='trc'>
		<type>UNLOAD_MODULE</type>
		<severity>INFO</severity>
		<timestamp>Wed Jul  2 17:00:22 2025</timestamp>
		<arg name='module'>/lib/x86_64-linux-gnu/libucm.so.0</arg>
	</msg>
	<msg id='73' display='false' source='trc'>
		<type>UNLOAD_MODULE</type>
		<severity>INFO</severity>
		<timestamp>Wed Jul  2 17:00:22 2025</timestamp>
		<arg name='module'>/opt/intel/oneapi/advisor/2023.2.0/lib64/runtime/libittnotify.so</arg>
	</msg>
	<msg id='74' display='false' source='trc'>
		<type>UNLOAD_MODULE</type>
		<severity>INFO</severity>
		<timestamp>Wed Jul  2 17:00:22 2025</timestamp>
		<arg name='module'>/opt/intel/oneapi/advisor/2023.2.0/lib64/libpinjitprofiling.so</arg>
	</msg>
	<msg id='75' display='false' source='trc'>
		<type>UNLOAD_MODULE</type>
		<severity>INFO</severity>
		<timestamp>Wed Jul  2 17:00:22 2025</timestamp>
		<arg name='module'>DynamicCodeBin</arg>
	</msg>
	<msg id='76' display='false' source='trc'>
		<type>PROCESS_FINISH</type>
		<severity>INFO</severity>
		<timestamp>Wed Jul  2 17:00:22 2025</timestamp>
		<arg name='process'>/VM/stud/S5843444/mandelbrot/mpi/hybrid_openmp_mpi_mandelbrot</arg>
		<arg name='pid'>298692</arg>
		<arg name='exitcode'>0x0</arg>
	</msg>
	<!-- Application exited with code 0 -->
</log>