<?xml version="1.0" encoding="utf-8" ?>
<!-- DO NOT EDIT THIS FILE -->

<log version='2.0' source='trc'>
	<msg id='1' display='false' source='trc'>
		<type>PROCESS_START</type>
		<severity>INFO</severity>
		<timestamp>Wed Jul  2 17:00:13 2025</timestamp>
		<arg name='process'>/VM/stud/S5843444/mandelbrot/mpi/hybrid_openmp_mpi_mandelbrot</arg>
		<arg name='pid'>298694</arg>
	</msg>
	<!-- Instrumentation filter's state:
    Patterns applicability:
        Generic loop pattern.....................: disabled
        Generic loop pattern (with dynamic jumps): disabled
        Known trip value loop pattern............: disabled
        Runtime final value loop pattern.........: disabled
        No initial IV loop pattern...............: disabled
        IV step only loop pattern................: disabled
        No entry loop pattern....................: disabled
    Clustered memory model (CMM) applicability:
        Generic loop pattern.....................: enabled
        Generic loop pattern (with dynamic jumps): enabled
        Known trip value loop pattern............: enabled
        Runtime final value loop pattern.........: enabled
        No initial IV loop pattern...............: enabled
        IV step only loop pattern................: enabled
        No entry loop pattern....................: disabled
 -->
	<!-- Callstack mode:
    filter modules.........: true
    filter routines........: true
    count loops............: false
    count flops............: false
    trace..................: false
    extended trace.........: false
    omp trace..............: false
    jit trace..............: false
    failures trace.........: false
    dump raw...............: false
    dump final.............: false
    dump all...............: false
    stack stitching........: true
    stl profiling..........: true
    aggressive frame switch: true
    unwind frame exit......: true
    analyze child loops....: true
 -->
	<!-- Managed application profiling: -->
	<!-- 	State...................: enabled -->
	<!-- Gpu Profiling: -->
	<!-- 	State: disabled -->
	<msg id='2' display='false' source='trc'>
		<type>PROCESS_ANALYSIS_MODE</type>
		<severity>INFO</severity>
		<timestamp>Wed Jul  2 17:00:13 2025</timestamp>
		<arg name='mode'>full</arg>
	</msg>
	<!-- Update image info for [1:0x400000:YN] /VM/stud/S5843444/mandelbrot/mpi/hybrid_openmp_mpi_mandelbrot -->
	<msg id='3' display='false' source='trc'>
		<type>LOAD_MODULE</type>
		<severity>INFO</severity>
		<timestamp>Wed Jul  2 17:00:13 2025</timestamp>
		<arg name='module'>/VM/stud/S5843444/mandelbrot/mpi/hybrid_openmp_mpi_mandelbrot</arg>
		<arg name='basement'>0x400000</arg>
		<arg name='ceiling'>0x41992f</arg>
		<arg name='symtab'>yes</arg>
	</msg>
	<!-- Instrumenting image: id = 1, name = /VM/stud/S5843444/mandelbrot/mpi/hybrid_openmp_mpi_mandelbrot -->
	<!-- skipping routine "std::operator<<<std::char_traits<char> >", reason cannot build control-flow graph (HasDynamicJumps) -->
	<!-- skipping routine "__libm_hypot", reason cannot build control-flow graph (HasDynamicJumps) -->
	<!-- Update image info for [2:0x7F69ED449000:NN] /lib64/ld-linux-x86-64.so.2 -->
	<msg id='4' display='false' source='trc'>
		<type>LOAD_MODULE</type>
		<severity>INFO</severity>
		<timestamp>Wed Jul  2 17:00:13 2025</timestamp>
		<arg name='module'>/lib64/ld-linux-x86-64.so.2</arg>
		<arg name='basement'>0x7f69ed449000</arg>
		<arg name='ceiling'>0x7f69ed47d2d7</arg>
		<arg name='symtab'>no</arg>
	</msg>
	<!-- Instrumentation of /lib64/ld-linux-x86-64.so.2 image skipped because of filter conditions. -->
	<!-- Update image info for [3:0x7FFD1E981000:NN] [vdso] -->
	<msg id='5' display='false' source='trc'>
		<type>LOAD_MODULE</type>
		<severity>INFO</severity>
		<timestamp>Wed Jul  2 17:00:13 2025</timestamp>
		<arg name='module'>[vdso]</arg>
		<arg name='basement'>0x7ffd1e981000</arg>
		<arg name='ceiling'>0x7ffd1e981d7b</arg>
		<arg name='symtab'>no</arg>
	</msg>
	<!-- Instrumentation of [vdso] image skipped because of filter conditions [cs-mode]. -->
	<!-- Update image info for [4:0x7F69D7E00000:YN] /opt/intel/oneapi/mpi/2021.10.0//lib/libmpicxx.so.12 -->
	<msg id='6' display='false' source='trc'>
		<type>LOAD_MODULE</type>
		<severity>INFO</severity>
		<timestamp>Wed Jul  2 17:00:13 2025</timestamp>
		<arg name='module'>/opt/intel/oneapi/mpi/2021.10.0//lib/libmpicxx.so.12</arg>
		<arg name='basement'>0x7f69d7e00000</arg>
		<arg name='ceiling'>0x7f69d80207a7</arg>
		<arg name='symtab'>yes</arg>
	</msg>
	<!-- Instrumentation of /opt/intel/oneapi/mpi/2021.10.0//lib/libmpicxx.so.12 image skipped because of filter conditions [cs-mode]. -->
	<!-- Update image info for [5:0x7F69D7A00000:YN] /opt/intel/oneapi/mpi/2021.10.0//lib/libmpifort.so.12 -->
	<msg id='7' display='false' source='trc'>
		<type>LOAD_MODULE</type>
		<severity>INFO</severity>
		<timestamp>Wed Jul  2 17:00:13 2025</timestamp>
		<arg name='module'>/opt/intel/oneapi/mpi/2021.10.0//lib/libmpifort.so.12</arg>
		<arg name='basement'>0x7f69d7a00000</arg>
		<arg name='ceiling'>0x7f69d7db1257</arg>
		<arg name='symtab'>yes</arg>
	</msg>
	<!-- Instrumentation of /opt/intel/oneapi/mpi/2021.10.0//lib/libmpifort.so.12 image skipped because of filter conditions [cs-mode]. -->
	<!-- Update image info for [6:0x7F69D5E00000:YN] /opt/intel/oneapi/mpi/2021.10.0//lib/release/libmpi.so.12 -->
	<msg id='8' display='false' source='trc'>
		<type>LOAD_MODULE</type>
		<severity>INFO</severity>
		<timestamp>Wed Jul  2 17:00:13 2025</timestamp>
		<arg name='module'>/opt/intel/oneapi/mpi/2021.10.0//lib/release/libmpi.so.12</arg>
		<arg name='basement'>0x7f69d5e00000</arg>
		<arg name='ceiling'>0x7f69d78d0957</arg>
		<arg name='symtab'>yes</arg>
	</msg>
	<!-- Instrumentation of /opt/intel/oneapi/mpi/2021.10.0//lib/release/libmpi.so.12 image skipped because of filter conditions. -->
	<!-- Update image info for [7:0x7F69D5A00000:NN] /lib/x86_64-linux-gnu/libstdc++.so.6 -->
	<msg id='9' display='false' source='trc'>
		<type>LOAD_MODULE</type>
		<severity>INFO</severity>
		<timestamp>Wed Jul  2 17:00:13 2025</timestamp>
		<arg name='module'>/lib/x86_64-linux-gnu/libstdc++.so.6</arg>
		<arg name='basement'>0x7f69d5a00000</arg>
		<arg name='ceiling'>0x7f69d5c1987f</arg>
		<arg name='symtab'>no</arg>
	</msg>
	<!-- Instrumentation of /lib/x86_64-linux-gnu/libstdc++.so.6 image skipped because of filter conditions. -->
	<!-- Update image info for [8:0x7F69D5D20000:NN] /lib/x86_64-linux-gnu/libm.so.6 -->
	<msg id='10' display='false' source='trc'>
		<type>LOAD_MODULE</type>
		<severity>INFO</severity>
		<timestamp>Wed Jul  2 17:00:13 2025</timestamp>
		<arg name='module'>/lib/x86_64-linux-gnu/libm.so.6</arg>
		<arg name='basement'>0x7f69d5d20000</arg>
		<arg name='ceiling'>0x7f69d5dff10f</arg>
		<arg name='symtab'>no</arg>
	</msg>
	<!-- Instrumentation of /lib/x86_64-linux-gnu/libm.so.6 image skipped because of filter conditions [cs-mode]. -->
	<!-- Update image info for [9:0x7F69D5400000:YN] /opt/intel/oneapi/compiler/2023.2.1/linux/compiler/lib/intel64_lin/libiomp5.so -->
	<msg id='11' display='false' source='trc'>
		<type>LOAD_MODULE</type>
		<severity>INFO</severity>
		<timestamp>Wed Jul  2 17:00:13 2025</timestamp>
		<arg name='module'>/opt/intel/oneapi/compiler/2023.2.1/linux/compiler/lib/intel64_lin/libiomp5.so</arg>
		<arg name='basement'>0x7f69d5400000</arg>
		<arg name='ceiling'>0x7f69d584114f</arg>
		<arg name='symtab'>yes</arg>
	</msg>
	<!-- Instrumenting image: id = 9, name = /opt/intel/oneapi/compiler/2023.2.1/linux/compiler/lib/intel64_lin/libiomp5.so -->
	<!-- skipping routine "_INTERNALb4e99691::__kmp_itt_fsync_acquired_init_3_0", reason cannot build control-flow graph (HasDynamicJumps) -->
	<!-- skipping routine "__kmpc_fork_call", reason cannot build control-flow graph (HasDynamicJumps) -->
	<!-- Update image info for [10:0x7F69D795C000:NN] /lib/x86_64-linux-gnu/libgcc_s.so.1 -->
	<msg id='12' display='false' source='trc'>
		<type>LOAD_MODULE</type>
		<severity>INFO</severity>
		<timestamp>Wed Jul  2 17:00:13 2025</timestamp>
		<arg name='module'>/lib/x86_64-linux-gnu/libgcc_s.so.1</arg>
		<arg name='basement'>0x7f69d795c000</arg>
		<arg name='ceiling'>0x7f69d797b2c7</arg>
		<arg name='symtab'>no</arg>
	</msg>
	<!-- Instrumentation of /lib/x86_64-linux-gnu/libgcc_s.so.1 image skipped because of filter conditions [cs-mode]. -->
	<!-- Update image info for [11:0x7F69D521F000:NN] /lib/x86_64-linux-gnu/libc.so.6 -->
	<msg id='13' display='false' source='trc'>
		<type>LOAD_MODULE</type>
		<severity>INFO</severity>
		<timestamp>Wed Jul  2 17:00:13 2025</timestamp>
		<arg name='module'>/lib/x86_64-linux-gnu/libc.so.6</arg>
		<arg name='basement'>0x7f69d521f000</arg>
		<arg name='ceiling'>0x7f69d53fff4f</arg>
		<arg name='symtab'>no</arg>
	</msg>
	<!-- Instrumentation of /lib/x86_64-linux-gnu/libc.so.6 image skipped because of filter conditions. -->
	<!-- Update image info for [12:0x7F69D7DBB000:NN] /lib/x86_64-linux-gnu/librt.so.1 -->
	<msg id='14' display='false' source='trc'>
		<type>LOAD_MODULE</type>
		<severity>INFO</severity>
		<timestamp>Wed Jul  2 17:00:13 2025</timestamp>
		<arg name='module'>/lib/x86_64-linux-gnu/librt.so.1</arg>
		<arg name='basement'>0x7f69d7dbb000</arg>
		<arg name='ceiling'>0x7f69d7dbf01f</arg>
		<arg name='symtab'>no</arg>
	</msg>
	<!-- Instrumentation of /lib/x86_64-linux-gnu/librt.so.1 image skipped because of filter conditions [cs-mode]. -->
	<!-- Update image info for [13:0x7F69D7DB2000:NN] /lib/x86_64-linux-gnu/libdl.so.2 -->
	<msg id='15' display='false' source='trc'>
		<type>LOAD_MODULE</type>
		<severity>INFO</severity>
		<timestamp>Wed Jul  2 17:00:13 2025</timestamp>
		<arg name='module'>/lib/x86_64-linux-gnu/libdl.so.2</arg>
		<arg name='basement'>0x7f69d7db2000</arg>
		<arg name='ceiling'>0x7f69d7db600f</arg>
		<arg name='symtab'>no</arg>
	</msg>
	<!-- Instrumentation of /lib/x86_64-linux-gnu/libdl.so.2 image skipped because of filter conditions [cs-mode]. -->
	<!-- Update image info for [14:0x7F69D7911000:NN] /lib/x86_64-linux-gnu/libpthread.so.0 -->
	<msg id='16' display='false' source='trc'>
		<type>LOAD_MODULE</type>
		<severity>INFO</severity>
		<timestamp>Wed Jul  2 17:00:13 2025</timestamp>
		<arg name='module'>/lib/x86_64-linux-gnu/libpthread.so.0</arg>
		<arg name='basement'>0x7f69d7911000</arg>
		<arg name='ceiling'>0x7f69d791500f</arg>
		<arg name='symtab'>no</arg>
	</msg>
	<!-- Instrumentation of /lib/x86_64-linux-gnu/libpthread.so.0 image skipped because of filter conditions [cs-mode]. -->
	<!-- Update image info for [15:0x7F69D0159000:NN] /lib/x86_64-linux-gnu/libnuma.so -->
	<msg id='17' display='false' source='trc'>
		<type>LOAD_MODULE</type>
		<severity>INFO</severity>
		<timestamp>Wed Jul  2 17:00:14 2025</timestamp>
		<arg name='module'>/lib/x86_64-linux-gnu/libnuma.so</arg>
		<arg name='basement'>0x7f69d0159000</arg>
		<arg name='ceiling'>0x7f69d0165897</arg>
		<arg name='symtab'>no</arg>
	</msg>
	<!-- Instrumentation of /lib/x86_64-linux-gnu/libnuma.so image skipped because of filter conditions [cs-mode]. -->
	<!-- Update image info for [16:0x7F6943A00000:YN] /opt/intel/oneapi/mpi/2021.10.0//libfabric/lib/libfabric.so.1 -->
	<msg id='18' display='false' source='trc'>
		<type>LOAD_MODULE</type>
		<severity>INFO</severity>
		<timestamp>Wed Jul  2 17:00:14 2025</timestamp>
		<arg name='module'>/opt/intel/oneapi/mpi/2021.10.0//libfabric/lib/libfabric.so.1</arg>
		<arg name='basement'>0x7f6943a00000</arg>
		<arg name='ceiling'>0x7f6943c55c6f</arg>
		<arg name='symtab'>yes</arg>
	</msg>
	<!-- Instrumenting image: id = 16, name = /opt/intel/oneapi/mpi/2021.10.0//libfabric/lib/libfabric.so.1 -->
	<!-- Update image info for [17:0x7F6942C00000:YN] /opt/intel/oneapi/mpi/2021.10.0//libfabric/lib/prov/libverbs-1.12-fi.so -->
	<msg id='19' display='false' source='trc'>
		<type>LOAD_MODULE</type>
		<severity>INFO</severity>
		<timestamp>Wed Jul  2 17:00:14 2025</timestamp>
		<arg name='module'>/opt/intel/oneapi/mpi/2021.10.0//libfabric/lib/prov/libverbs-1.12-fi.so</arg>
		<arg name='basement'>0x7f6942c00000</arg>
		<arg name='ceiling'>0x7f6942e6619f</arg>
		<arg name='symtab'>yes</arg>
	</msg>
	<!-- Instrumenting image: id = 17, name = /opt/intel/oneapi/mpi/2021.10.0//libfabric/lib/prov/libverbs-1.12-fi.so -->
	<!-- skipping routine "strstr", reason cannot build control-flow graph (HasDynamicJumps) -->
	<!-- Update image info for [18:0x7F6942F51000:NN] /lib/x86_64-linux-gnu/librdmacm.so.1 -->
	<msg id='20' display='false' source='trc'>
		<type>LOAD_MODULE</type>
		<severity>INFO</severity>
		<timestamp>Wed Jul  2 17:00:14 2025</timestamp>
		<arg name='module'>/lib/x86_64-linux-gnu/librdmacm.so.1</arg>
		<arg name='basement'>0x7f6942f51000</arg>
		<arg name='ceiling'>0x7f6942f6f227</arg>
		<arg name='symtab'>no</arg>
	</msg>
	<!-- Instrumentation of /lib/x86_64-linux-gnu/librdmacm.so.1 image skipped because of filter conditions [cs-mode]. -->
	<!-- Update image info for [19:0x7F6942ED6000:NN] /lib/x86_64-linux-gnu/libibverbs.so.1 -->
	<msg id='21' display='false' source='trc'>
		<type>LOAD_MODULE</type>
		<severity>INFO</severity>
		<timestamp>Wed Jul  2 17:00:14 2025</timestamp>
		<arg name='module'>/lib/x86_64-linux-gnu/libibverbs.so.1</arg>
		<arg name='basement'>0x7f6942ed6000</arg>
		<arg name='ceiling'>0x7f6942ef635f</arg>
		<arg name='symtab'>no</arg>
	</msg>
	<!-- Instrumentation of /lib/x86_64-linux-gnu/libibverbs.so.1 image skipped because of filter conditions [cs-mode]. -->
	<!-- Update image info for [20:0x7F6942EB3000:NN] /lib/x86_64-linux-gnu/libnl-3.so.200 -->
	<msg id='22' display='false' source='trc'>
		<type>LOAD_MODULE</type>
		<severity>INFO</severity>
		<timestamp>Wed Jul  2 17:00:14 2025</timestamp>
		<arg name='module'>/lib/x86_64-linux-gnu/libnl-3.so.200</arg>
		<arg name='basement'>0x7f6942eb3000</arg>
		<arg name='ceiling'>0x7f6942ed590f</arg>
		<arg name='symtab'>no</arg>
	</msg>
	<!-- Instrumentation of /lib/x86_64-linux-gnu/libnl-3.so.200 image skipped because of filter conditions [cs-mode]. -->
	<!-- Update image info for [21:0x7F6942B6F000:NN] /lib/x86_64-linux-gnu/libnl-route-3.so.200 -->
	<msg id='23' display='false' source='trc'>
		<type>LOAD_MODULE</type>
		<severity>INFO</severity>
		<timestamp>Wed Jul  2 17:00:14 2025</timestamp>
		<arg name='module'>/lib/x86_64-linux-gnu/libnl-route-3.so.200</arg>
		<arg name='basement'>0x7f6942b6f000</arg>
		<arg name='ceiling'>0x7f6942bffb5f</arg>
		<arg name='symtab'>no</arg>
	</msg>
	<!-- Instrumentation of /lib/x86_64-linux-gnu/libnl-route-3.so.200 image skipped because of filter conditions [cs-mode]. -->
	<!-- Update image info for [22:0x7F6942200000:YN] /opt/intel/oneapi/mpi/2021.10.0//libfabric/lib/prov/libverbs-1.1-fi.so -->
	<msg id='24' display='false' source='trc'>
		<type>LOAD_MODULE</type>
		<severity>INFO</severity>
		<timestamp>Wed Jul  2 17:00:14 2025</timestamp>
		<arg name='module'>/opt/intel/oneapi/mpi/2021.10.0//libfabric/lib/prov/libverbs-1.1-fi.so</arg>
		<arg name='basement'>0x7f6942200000</arg>
		<arg name='ceiling'>0x7f6942462e3f</arg>
		<arg name='symtab'>yes</arg>
	</msg>
	<!-- Instrumentation of /opt/intel/oneapi/mpi/2021.10.0//libfabric/lib/prov/libverbs-1.1-fi.so image skipped because of filter conditions [cs-mode]. -->
	<!-- Update image info for [23:0x7F6941E00000:YN] /opt/intel/oneapi/mpi/2021.10.0//libfabric/lib/prov/libtcp-fi.so -->
	<msg id='25' display='false' source='trc'>
		<type>LOAD_MODULE</type>
		<severity>INFO</severity>
		<timestamp>Wed Jul  2 17:00:14 2025</timestamp>
		<arg name='module'>/opt/intel/oneapi/mpi/2021.10.0//libfabric/lib/prov/libtcp-fi.so</arg>
		<arg name='basement'>0x7f6941e00000</arg>
		<arg name='ceiling'>0x7f694205804f</arg>
		<arg name='symtab'>yes</arg>
	</msg>
	<!-- Instrumenting image: id = 23, name = /opt/intel/oneapi/mpi/2021.10.0//libfabric/lib/prov/libtcp-fi.so -->
	<!-- skipping routine "xnet_handle_event_list", reason cannot build control-flow graph (HasDynamicJumps) -->
	<!-- skipping routine "ofi_cq_read", reason cannot build control-flow graph (HasDynamicJumps) -->
	<!-- Update image info for [24:0x7F6941800000:YN] /opt/intel/oneapi/mpi/2021.10.0//libfabric/lib/prov/libshm-fi.so -->
	<msg id='26' display='false' source='trc'>
		<type>LOAD_MODULE</type>
		<severity>INFO</severity>
		<timestamp>Wed Jul  2 17:00:14 2025</timestamp>
		<arg name='module'>/opt/intel/oneapi/mpi/2021.10.0//libfabric/lib/prov/libshm-fi.so</arg>
		<arg name='basement'>0x7f6941800000</arg>
		<arg name='ceiling'>0x7f6941a5f387</arg>
		<arg name='symtab'>yes</arg>
	</msg>
	<!-- Instrumentation of /opt/intel/oneapi/mpi/2021.10.0//libfabric/lib/prov/libshm-fi.so image skipped because of filter conditions [cs-mode]. -->
	<!-- Update image info for [25:0x7F6941400000:YN] /opt/intel/oneapi/mpi/2021.10.0//libfabric/lib/prov/librxm-fi.so -->
	<msg id='27' display='false' source='trc'>
		<type>LOAD_MODULE</type>
		<severity>INFO</severity>
		<timestamp>Wed Jul  2 17:00:14 2025</timestamp>
		<arg name='module'>/opt/intel/oneapi/mpi/2021.10.0//libfabric/lib/prov/librxm-fi.so</arg>
		<arg name='basement'>0x7f6941400000</arg>
		<arg name='ceiling'>0x7f6941662497</arg>
		<arg name='symtab'>yes</arg>
	</msg>
	<!-- Instrumenting image: id = 25, name = /opt/intel/oneapi/mpi/2021.10.0//libfabric/lib/prov/librxm-fi.so -->
	<!-- Update image info for [26:0x7F6940800000:NN] /opt/intel/oneapi/mpi/2021.10.0//libfabric/lib/prov/libpsm3-fi.so -->
	<msg id='28' display='false' source='trc'>
		<type>LOAD_MODULE</type>
		<severity>INFO</severity>
		<timestamp>Wed Jul  2 17:00:14 2025</timestamp>
		<arg name='module'>/opt/intel/oneapi/mpi/2021.10.0//libfabric/lib/prov/libpsm3-fi.so</arg>
		<arg name='basement'>0x7f6940800000</arg>
		<arg name='ceiling'>0x7f6940babdc7</arg>
		<arg name='symtab'>no</arg>
	</msg>
	<!-- Instrumentation of /opt/intel/oneapi/mpi/2021.10.0//libfabric/lib/prov/libpsm3-fi.so image skipped because of no symbols and stripped binaries profiling is disabled. -->
	<!-- Update image info for [27:0x7F69D2BAB000:NN] /lib/x86_64-linux-gnu/libuuid.so.1 -->
	<msg id='29' display='false' source='trc'>
		<type>LOAD_MODULE</type>
		<severity>INFO</severity>
		<timestamp>Wed Jul  2 17:00:14 2025</timestamp>
		<arg name='module'>/lib/x86_64-linux-gnu/libuuid.so.1</arg>
		<arg name='basement'>0x7f69d2bab000</arg>
		<arg name='ceiling'>0x7f69d2bb4027</arg>
		<arg name='symtab'>no</arg>
	</msg>
	<!-- Instrumentation of /lib/x86_64-linux-gnu/libuuid.so.1 image skipped because of filter conditions [cs-mode]. -->
	<!-- Update image info for [28:0x7F6940200000:YN] /opt/intel/oneapi/mpi/2021.10.0//libfabric/lib/prov/libmlx-fi.so -->
	<msg id='30' display='false' source='trc'>
		<type>LOAD_MODULE</type>
		<severity>INFO</severity>
		<timestamp>Wed Jul  2 17:00:14 2025</timestamp>
		<arg name='module'>/opt/intel/oneapi/mpi/2021.10.0//libfabric/lib/prov/libmlx-fi.so</arg>
		<arg name='basement'>0x7f6940200000</arg>
		<arg name='ceiling'>0x7f6940444c7f</arg>
		<arg name='symtab'>yes</arg>
	</msg>
	<!-- Instrumentation of /opt/intel/oneapi/mpi/2021.10.0//libfabric/lib/prov/libmlx-fi.so image skipped because of filter conditions [cs-mode]. -->
	<!-- Update image info for [29:0x7F6940BF3000:NN] /lib/x86_64-linux-gnu/libucp.so.0 -->
	<msg id='31' display='false' source='trc'>
		<type>LOAD_MODULE</type>
		<severity>INFO</severity>
		<timestamp>Wed Jul  2 17:00:14 2025</timestamp>
		<arg name='module'>/lib/x86_64-linux-gnu/libucp.so.0</arg>
		<arg name='basement'>0x7f6940bf3000</arg>
		<arg name='ceiling'>0x7f6940cffbbf</arg>
		<arg name='symtab'>no</arg>
	</msg>
	<!-- Instrumentation of /lib/x86_64-linux-gnu/libucp.so.0 image skipped because of filter conditions [cs-mode]. -->
	<!-- Update image info for [30:0x7F694167A000:NN] /lib/x86_64-linux-gnu/libucs.so.0 -->
	<msg id='32' display='false' source='trc'>
		<type>LOAD_MODULE</type>
		<severity>INFO</severity>
		<timestamp>Wed Jul  2 17:00:14 2025</timestamp>
		<arg name='module'>/lib/x86_64-linux-gnu/libucs.so.0</arg>
		<arg name='basement'>0x7f694167a000</arg>
		<arg name='ceiling'>0x7f69416d5aef</arg>
		<arg name='symtab'>no</arg>
	</msg>
	<!-- Instrumentation of /lib/x86_64-linux-gnu/libucs.so.0 image skipped because of no symbols and stripped binaries profiling is disabled. -->
	<!-- Update image info for [31:0x7F6940BB1000:NN] /lib/x86_64-linux-gnu/libuct.so.0 -->
	<msg id='33' display='false' source='trc'>
		<type>LOAD_MODULE</type>
		<severity>INFO</severity>
		<timestamp>Wed Jul  2 17:00:14 2025</timestamp>
		<arg name='module'>/lib/x86_64-linux-gnu/libuct.so.0</arg>
		<arg name='basement'>0x7f6940bb1000</arg>
		<arg name='ceiling'>0x7f6940bf2c57</arg>
		<arg name='symtab'>no</arg>
	</msg>
	<!-- Instrumentation of /lib/x86_64-linux-gnu/libuct.so.0 image skipped because of filter conditions [cs-mode]. -->
	<!-- Update image info for [32:0x7F69407E6000:NN] /lib/x86_64-linux-gnu/libucm.so.0 -->
	<msg id='34' display='false' source='trc'>
		<type>LOAD_MODULE</type>
		<severity>INFO</severity>
		<timestamp>Wed Jul  2 17:00:14 2025</timestamp>
		<arg name='module'>/lib/x86_64-linux-gnu/libucm.so.0</arg>
		<arg name='basement'>0x7f69407e6000</arg>
		<arg name='ceiling'>0x7f69407ff597</arg>
		<arg name='symtab'>no</arg>
	</msg>
	<!-- Instrumentation of /lib/x86_64-linux-gnu/libucm.so.0 image skipped because of filter conditions [cs-mode]. -->
	<!-- Update image info for [33:0x7F693F000000:YN] /opt/intel/oneapi/mpi/2021.10.0//libfabric/lib/prov/libefa-fi.so -->
	<msg id='35' display='false' source='trc'>
		<type>LOAD_MODULE</type>
		<severity>INFO</severity>
		<timestamp>Wed Jul  2 17:00:15 2025</timestamp>
		<arg name='module'>/opt/intel/oneapi/mpi/2021.10.0//libfabric/lib/prov/libefa-fi.so</arg>
		<arg name='basement'>0x7f693f000000</arg>
		<arg name='ceiling'>0x7f693f28ba37</arg>
		<arg name='symtab'>yes</arg>
	</msg>
	<!-- Instrumentation of /opt/intel/oneapi/mpi/2021.10.0//libfabric/lib/prov/libefa-fi.so image skipped because of filter conditions [cs-mode]. -->
	<!-- Update image info for [34:0x7F693F33F000:NN] /lib/x86_64-linux-gnu/libefa.so.1 -->
	<msg id='36' display='false' source='trc'>
		<type>LOAD_MODULE</type>
		<severity>INFO</severity>
		<timestamp>Wed Jul  2 17:00:15 2025</timestamp>
		<arg name='module'>/lib/x86_64-linux-gnu/libefa.so.1</arg>
		<arg name='basement'>0x7f693f33f000</arg>
		<arg name='ceiling'>0x7f693f34c00f</arg>
		<arg name='symtab'>no</arg>
	</msg>
	<!-- Instrumentation of /lib/x86_64-linux-gnu/libefa.so.1 image skipped because of filter conditions [cs-mode]. -->
	<msg id='37' display='false' source='trc'>
		<type>UNLOAD_MODULE</type>
		<severity>INFO</severity>
		<timestamp>Wed Jul  2 17:00:15 2025</timestamp>
		<arg name='module'>/opt/intel/oneapi/mpi/2021.10.0//libfabric/lib/prov/libefa-fi.so</arg>
	</msg>
	<msg id='38' display='false' source='trc'>
		<type>UNLOAD_MODULE</type>
		<severity>INFO</severity>
		<timestamp>Wed Jul  2 17:00:15 2025</timestamp>
		<arg name='module'>/lib/x86_64-linux-gnu/libefa.so.1</arg>
	</msg>
	<!-- Update image info for [35:0x7F693C000000:NN] /opt/intel/oneapi/advisor/2023.2.0/lib64/runtime/libittnotify.so -->
	<msg id='39' display='false' source='trc'>
		<type>LOAD_MODULE</type>
		<severity>INFO</severity>
		<timestamp>Wed Jul  2 17:00:15 2025</timestamp>
		<arg name='module'>/opt/intel/oneapi/advisor/2023.2.0/lib64/runtime/libittnotify.so</arg>
		<arg name='basement'>0x7f693c000000</arg>
		<arg name='ceiling'>0x7f693c20c65f</arg>
		<arg name='symtab'>no</arg>
	</msg>
	<!-- __itt_pause was instrumented -->
	<!-- __itt_resume was instrumented -->
	<!-- __itt_metadata_add was instrumented -->
	<!-- Instrumentation of /opt/intel/oneapi/advisor/2023.2.0/lib64/runtime/libittnotify.so image skipped because of filter conditions [cs-mode]. -->
	<!-- Update image info for [36:0x7F693C2C7000:YN] /opt/intel/oneapi/advisor/2023.2.0/lib64/libpinjitprofiling.so -->
	<msg id='40' display='false' source='trc'>
		<type>LOAD_MODULE</type>
		<severity>INFO</severity>
		<timestamp>Wed Jul  2 17:00:15 2025</timestamp>
		<arg name='module'>/opt/intel/oneapi/advisor/2023.2.0/lib64/libpinjitprofiling.so</arg>
		<arg name='basement'>0x7f693c2c7000</arg>
		<arg name='ceiling'>0x7f693c2cb017</arg>
		<arg name='symtab'>yes</arg>
	</msg>
	<!-- Instrumentation of /opt/intel/oneapi/advisor/2023.2.0/lib64/libpinjitprofiling.so image skipped because of filter conditions [cs-mode]. -->
	<msg id='41' display='false' source='trc'>
		<type>UNLOAD_MODULE</type>
		<severity>INFO</severity>
		<timestamp>Wed Jul  2 17:00:22 2025</timestamp>
		<arg name='module'>/opt/intel/oneapi/mpi/2021.10.0//libfabric/lib/prov/libmlx-fi.so</arg>
	</msg>
	<msg id='42' display='false' source='trc'>
		<type>UNLOAD_MODULE</type>
		<severity>INFO</severity>
		<timestamp>Wed Jul  2 17:00:22 2025</timestamp>
		<arg name='module'>/opt/intel/oneapi/mpi/2021.10.0//libfabric/lib/prov/libpsm3-fi.so</arg>
	</msg>
	<msg id='43' display='false' source='trc'>
		<type>UNLOAD_MODULE</type>
		<severity>INFO</severity>
		<timestamp>Wed Jul  2 17:00:22 2025</timestamp>
		<arg name='module'>/lib/x86_64-linux-gnu/libuuid.so.1</arg>
	</msg>
	<msg id='44' display='false' source='trc'>
		<type>UNLOAD_MODULE</type>
		<severity>INFO</severity>
		<timestamp>Wed Jul  2 17:00:22 2025</timestamp>
		<arg name='module'>/opt/intel/oneapi/mpi/2021.10.0//libfabric/lib/prov/librxm-fi.so</arg>
	</msg>
	<msg id='45' display='false' source='trc'>
		<type>UNLOAD_MODULE</type>
		<severity>INFO</severity>
		<timestamp>Wed Jul  2 17:00:22 2025</timestamp>
		<arg name='module'>/opt/intel/oneapi/mpi/2021.10.0//libfabric/lib/prov/libverbs-1.12-fi.so</arg>
	</msg>
	<msg id='46' display='false' source='trc'>
		<type>UNLOAD_MODULE</type>
		<severity>INFO</severity>
		<timestamp>Wed Jul  2 17:00:22 2025</timestamp>
		<arg name='module'>/opt/intel/oneapi/mpi/2021.10.0//libfabric/lib/prov/libverbs-1.1-fi.so</arg>
	</msg>
	<msg id='47' display='false' source='trc'>
		<type>UNLOAD_MODULE</type>
		<severity>INFO</severity>
		<timestamp>Wed Jul  2 17:00:22 2025</timestamp>
		<arg name='module'>/lib/x86_64-linux-gnu/librdmacm.so.1</arg>
	</msg>
	<msg id='48' display='false' source='trc'>
		<type>UNLOAD_MODULE</type>
		<severity>INFO</severity>
		<timestamp>Wed Jul  2 17:00:22 2025</timestamp>
		<arg name='module'>/lib/x86_64-linux-gnu/libibverbs.so.1</arg>
	</msg>
	<msg id='49' display='false' source='trc'>
		<type>UNLOAD_MODULE</type>
		<severity>INFO</severity>
		<timestamp>Wed Jul  2 17:00:22 2025</timestamp>
		<arg name='module'>/lib/x86_64-linux-gnu/libnl-route-3.so.200</arg>
	</msg>
	<msg id='50' display='false' source='trc'>
		<type>UNLOAD_MODULE</type>
		<severity>INFO</severity>
		<timestamp>Wed Jul  2 17:00:22 2025</timestamp>
		<arg name='module'>/lib/x86_64-linux-gnu/libnl-3.so.200</arg>
	</msg>
	<msg id='51' display='false' source='trc'>
		<type>UNLOAD_MODULE</type>
		<severity>INFO</severity>
		<timestamp>Wed Jul  2 17:00:22 2025</timestamp>
		<arg name='module'>/opt/intel/oneapi/mpi/2021.10.0//libfabric/lib/prov/libtcp-fi.so</arg>
	</msg>
	<msg id='52' display='false' source='trc'>
		<type>UNLOAD_MODULE</type>
		<severity>INFO</severity>
		<timestamp>Wed Jul  2 17:00:22 2025</timestamp>
		<arg name='module'>/opt/intel/oneapi/mpi/2021.10.0//libfabric/lib/prov/libshm-fi.so</arg>
	</msg>
	<msg id='53' display='false' source='trc'>
		<type>UNLOAD_MODULE</type>
		<severity>INFO</severity>
		<timestamp>Wed Jul  2 17:00:22 2025</timestamp>
		<arg name='module'>/VM/stud/S5843444/mandelbrot/mpi/hybrid_openmp_mpi_mandelbrot</arg>
	</msg>
	<msg id='54' display='false' source='trc'>
		<type>UNLOAD_MODULE</type>
		<severity>INFO</severity>
		<timestamp>Wed Jul  2 17:00:22 2025</timestamp>
		<arg name='module'>/lib64/ld-linux-x86-64.so.2</arg>
	</msg>
	<msg id='55' display='false' source='trc'>
		<type>UNLOAD_MODULE</type>
		<severity>INFO</severity>
		<timestamp>Wed Jul  2 17:00:22 2025</timestamp>
		<arg name='module'>[vdso]</arg>
	</msg>
	<msg id='56' display='false' source='trc'>
		<type>UNLOAD_MODULE</type>
		<severity>INFO</severity>
		<timestamp>Wed Jul  2 17:00:22 2025</timestamp>
		<arg name='module'>/opt/intel/oneapi/mpi/2021.10.0//lib/libmpicxx.so.12</arg>
	</msg>
	<msg id='57' display='false' source='trc'>
		<type>UNLOAD_MODULE</type>
		<severity>INFO</severity>
		<timestamp>Wed Jul  2 17:00:22 2025</timestamp>
		<arg name='module'>/opt/intel/oneapi/mpi/2021.10.0//lib/libmpifort.so.12</arg>
	</msg>
	<msg id='58' display='false' source='trc'>
		<type>UNLOAD_MODULE</type>
		<severity>INFO</severity>
		<timestamp>Wed Jul  2 17:00:22 2025</timestamp>
		<arg name='module'>/opt/intel/oneapi/mpi/2021.10.0//lib/release/libmpi.so.12</arg>
	</msg>
	<msg id='59' display='false' source='trc'>
		<type>UNLOAD_MODULE</type>
		<severity>INFO</severity>
		<timestamp>Wed Jul  2 17:00:22 2025</timestamp>
		<arg name='module'>/lib/x86_64-linux-gnu/libstdc++.so.6</arg>
	</msg>
	<msg id='60' display='false' source='trc'>
		<type>UNLOAD_MODULE</type>
		<severity>INFO</severity>
		<timestamp>Wed Jul  2 17:00:22 2025</timestamp>
		<arg name='module'>/lib/x86_64-linux-gnu/libm.so.6</arg>
	</msg>
	<msg id='61' display='false' source='trc'>
		<type>UNLOAD_MODULE</type>
		<severity>INFO</severity>
		<timestamp>Wed Jul  2 17:00:22 2025</timestamp>
		<arg name='module'>/opt/intel/oneapi/compiler/2023.2.1/linux/compiler/lib/intel64_lin/libiomp5.so</arg>
	</msg>
	<msg id='62' display='false' source='trc'>
		<type>UNLOAD_MODULE</type>
		<severity>INFO</severity>
		<timestamp>Wed Jul  2 17:00:22 2025</timestamp>
		<arg name='module'>/lib/x86_64-linux-gnu/libgcc_s.so.1</arg>
	</msg>
	<msg id='63' display='false' source='trc'>
		<type>UNLOAD_MODULE</type>
		<severity>INFO</severity>
		<timestamp>Wed Jul  2 17:00:22 2025</timestamp>
		<arg name='module'>/lib/x86_64-linux-gnu/libc.so.6</arg>
	</msg>
	<msg id='64' display='false' source='trc'>
		<type>UNLOAD_MODULE</type>
		<severity>INFO</severity>
		<timestamp>Wed Jul  2 17:00:22 2025</timestamp>
		<arg name='module'>/lib/x86_64-linux-gnu/librt.so.1</arg>
	</msg>
	<msg id='65' display='false' source='trc'>
		<type>UNLOAD_MODULE</type>
		<severity>INFO</severity>
		<timestamp>Wed Jul  2 17:00:22 2025</timestamp>
		<arg name='module'>/lib/x86_64-linux-gnu/libdl.so.2</arg>
	</msg>
	<msg id='66' display='false' source='trc'>
		<type>UNLOAD_MODULE</type>
		<severity>INFO</severity>
		<timestamp>Wed Jul  2 17:00:22 2025</timestamp>
		<arg name='module'>/lib/x86_64-linux-gnu/libpthread.so.0</arg>
	</msg>
	<msg id='67' display='false' source='trc'>
		<type>UNLOAD_MODULE</type>
		<severity>INFO</severity>
		<timestamp>Wed Jul  2 17:00:22 2025</timestamp>
		<arg name='module'>/lib/x86_64-linux-gnu/libnuma.so</arg>
	</msg>
	<msg id='68' display='false' source='trc'>
		<type>UNLOAD_MODULE</type>
		<severity>INFO</severity>
		<timestamp>Wed Jul  2 17:00:22 2025</timestamp>
		<arg name='module'>/opt/intel/oneapi/mpi/2021.10.0//libfabric/lib/libfabric.so.1</arg>
	</msg>
	<msg id='69' display='false' source='trc'>
		<type>UNLOAD_MODULE</type>
		<severity>INFO</severity>
		<timestamp>Wed Jul  2 17:00:22 2025</timestamp>
		<arg name='module'>/lib/x86_64-linux-gnu/libucp.so.0</arg>
	</msg>
	<msg id='70' display='false' source='trc'>
		<type>UNLOAD_MODULE</type>
		<severity>INFO</severity>
		<timestamp>Wed Jul  2 17:00:22 2025</timestamp>
		<arg name='module'>/lib/x86_64-linux-gnu/libucs.so.0</arg>
	</msg>
	<msg id='71' display='false' source='trc'>
		<type>UNLOAD_MODULE</type>
		<severity>INFO</severity>
		<timestamp>Wed Jul  2 17:00:22 2025</timestamp>
		<arg name='module'>/lib/x86_64-linux-gnu/libuct.so.0</arg>
	</msg>
	<msg id='72' display='false' source='trc'>
		<type>UNLOAD_MODULE</type>
		<severity>INFO</severity>
		<timestamp>Wed Jul  2 17:00:22 2025</timestamp>
		<arg name='module'>/lib/x86_64-linux-gnu/libucm.so.0</arg>
	</msg>
	<msg id='73' display='false' source='trc'>
		<type>UNLOAD_MODULE</type>
		<severity>INFO</severity>
		<timestamp>Wed Jul  2 17:00:22 2025</timestamp>
		<arg name='module'>/opt/intel/oneapi/advisor/2023.2.0/lib64/runtime/libittnotify.so</arg>
	</msg>
	<msg id='74' display='false' source='trc'>
		<type>UNLOAD_MODULE</type>
		<severity>INFO</severity>
		<timestamp>Wed Jul  2 17:00:22 2025</timestamp>
		<arg name='module'>/opt/intel/oneapi/advisor/2023.2.0/lib64/libpinjitprofiling.so</arg>
	</msg>
	<msg id='75' display='false' source='trc'>
		<type>UNLOAD_MODULE</type>
		<severity>INFO</severity>
		<timestamp>Wed Jul  2 17:00:22 2025</timestamp>
		<arg name='module'>DynamicCodeBin</arg>
	</msg>
	<msg id='76' display='false' source='trc'>
		<type>PROCESS_FINISH</type>
		<severity>INFO</severity>
		<timestamp>Wed Jul  2 17:00:22 2025</timestamp>
		<arg name='process'>/VM/stud/S5843444/mandelbrot/mpi/hybrid_openmp_mpi_mandelbrot</arg>
		<arg name='pid'>298694</arg>
		<arg name='exitcode'>0x0</arg>
	</msg>
	<!-- Application exited with code 0 -->
</log>