<?xml version="1.0" encoding="utf-8" ?>
<!-- DO NOT EDIT THIS FILE -->

<log version='2.0' source='trc'>
	<msg id='1' display='false' source='trc'>
		<type>PROCESS_START</type>
		<severity>INFO</severity>
		<timestamp>Wed Jul  2 16:59:06 2025</timestamp>
		<arg name='process'>/VM/stud/S5843444/mandelbrot/mpi/mpi_mandelbrot_parametric</arg>
		<arg name='pid'>297377</arg>
	</msg>
	<!-- Instrumentation filter's state:
    Patterns applicability:
        Generic loop pattern.....................: disabled
        Generic loop pattern (with dynamic jumps): disabled
        Known trip value loop pattern............: disabled
        Runtime final value loop pattern.........: disabled
        No initial IV loop pattern...............: disabled
        IV step only loop pattern................: disabled
        No entry loop pattern....................: disabled
    Clustered memory model (CMM) applicability:
        Generic loop pattern.....................: enabled
        Generic loop pattern (with dynamic jumps): enabled
        Known trip value loop pattern............: enabled
        Runtime final value loop pattern.........: enabled
        No initial IV loop pattern...............: enabled
        IV step only loop pattern................: enabled
        No entry loop pattern....................: disabled
 -->
	<!-- Callstack mode:
    filter modules.........: true
    filter routines........: true
    count loops............: false
    count flops............: false
    trace..................: false
    extended trace.........: false
    omp trace..............: false
    jit trace..............: false
    failures trace.........: false
    dump raw...............: false
    dump final.............: false
    dump all...............: false
    stack stitching........: true
    stl profiling..........: true
    aggressive frame switch: true
    unwind frame exit......: true
    analyze child loops....: true
 -->
	<!-- Managed application profiling: -->
	<!-- 	State...................: enabled -->
	<!-- Gpu Profiling: -->
	<!-- 	State: disabled -->
	<msg id='2' display='false' source='trc'>
		<type>PROCESS_ANALYSIS_MODE</type>
		<severity>INFO</severity>
		<timestamp>Wed Jul  2 16:59:06 2025</timestamp>
		<arg name='mode'>full</arg>
	</msg>
	<!-- Update image info for [1:0x400000:YN] /VM/stud/S5843444/mandelbrot/mpi/mpi_mandelbrot_parametric -->
	<msg id='3' display='false' source='trc'>
		<type>LOAD_MODULE</type>
		<severity>INFO</severity>
		<timestamp>Wed Jul  2 16:59:06 2025</timestamp>
		<arg name='module'>/VM/stud/S5843444/mandelbrot/mpi/mpi_mandelbrot_parametric</arg>
		<arg name='basement'>0x400000</arg>
		<arg name='ceiling'>0x4171ef</arg>
		<arg name='symtab'>yes</arg>
	</msg>
	<!-- Instrumenting image: id = 1, name = /VM/stud/S5843444/mandelbrot/mpi/mpi_mandelbrot_parametric -->
	<!-- skipping routine "__errno_location", reason cannot build control-flow graph (HasDynamicJumps) -->
	<!-- skipping routine "__libm_hypot", reason cannot build control-flow graph (HasDynamicJumps) -->
	<!-- Update image info for [2:0x7FEFDF5B1000:NN] /lib64/ld-linux-x86-64.so.2 -->
	<msg id='4' display='false' source='trc'>
		<type>LOAD_MODULE</type>
		<severity>INFO</severity>
		<timestamp>Wed Jul  2 16:59:06 2025</timestamp>
		<arg name='module'>/lib64/ld-linux-x86-64.so.2</arg>
		<arg name='basement'>0x7fefdf5b1000</arg>
		<arg name='ceiling'>0x7fefdf5e52d7</arg>
		<arg name='symtab'>no</arg>
	</msg>
	<!-- Instrumentation of /lib64/ld-linux-x86-64.so.2 image skipped because of filter conditions. -->
	<!-- Update image info for [3:0x7FFD2952C000:NN] [vdso] -->
	<msg id='5' display='false' source='trc'>
		<type>LOAD_MODULE</type>
		<severity>INFO</severity>
		<timestamp>Wed Jul  2 16:59:06 2025</timestamp>
		<arg name='module'>[vdso]</arg>
		<arg name='basement'>0x7ffd2952c000</arg>
		<arg name='ceiling'>0x7ffd2952cd7b</arg>
		<arg name='symtab'>no</arg>
	</msg>
	<!-- Instrumentation of [vdso] image skipped because of filter conditions [cs-mode]. -->
	<!-- Update image info for [4:0x7FEFCA000000:YN] /opt/intel/oneapi/mpi/2021.10.0//lib/libmpicxx.so.12 -->
	<msg id='6' display='false' source='trc'>
		<type>LOAD_MODULE</type>
		<severity>INFO</severity>
		<timestamp>Wed Jul  2 16:59:06 2025</timestamp>
		<arg name='module'>/opt/intel/oneapi/mpi/2021.10.0//lib/libmpicxx.so.12</arg>
		<arg name='basement'>0x7fefca000000</arg>
		<arg name='ceiling'>0x7fefca2207a7</arg>
		<arg name='symtab'>yes</arg>
	</msg>
	<!-- Instrumentation of /opt/intel/oneapi/mpi/2021.10.0//lib/libmpicxx.so.12 image skipped because of filter conditions [cs-mode]. -->
	<!-- Update image info for [5:0x7FEFC9A00000:YN] /opt/intel/oneapi/mpi/2021.10.0//lib/libmpifort.so.12 -->
	<msg id='7' display='false' source='trc'>
		<type>LOAD_MODULE</type>
		<severity>INFO</severity>
		<timestamp>Wed Jul  2 16:59:06 2025</timestamp>
		<arg name='module'>/opt/intel/oneapi/mpi/2021.10.0//lib/libmpifort.so.12</arg>
		<arg name='basement'>0x7fefc9a00000</arg>
		<arg name='ceiling'>0x7fefc9db1257</arg>
		<arg name='symtab'>yes</arg>
	</msg>
	<!-- Instrumentation of /opt/intel/oneapi/mpi/2021.10.0//lib/libmpifort.so.12 image skipped because of filter conditions [cs-mode]. -->
	<!-- Update image info for [6:0x7FEFC7E00000:YN] /opt/intel/oneapi/mpi/2021.10.0//lib/release/libmpi.so.12 -->
	<msg id='8' display='false' source='trc'>
		<type>LOAD_MODULE</type>
		<severity>INFO</severity>
		<timestamp>Wed Jul  2 16:59:06 2025</timestamp>
		<arg name='module'>/opt/intel/oneapi/mpi/2021.10.0//lib/release/libmpi.so.12</arg>
		<arg name='basement'>0x7fefc7e00000</arg>
		<arg name='ceiling'>0x7fefc98d0957</arg>
		<arg name='symtab'>yes</arg>
	</msg>
	<!-- Instrumentation of /opt/intel/oneapi/mpi/2021.10.0//lib/release/libmpi.so.12 image skipped because of filter conditions. -->
	<!-- Update image info for [7:0x7FEFC7A00000:NN] /lib/x86_64-linux-gnu/libstdc++.so.6 -->
	<msg id='9' display='false' source='trc'>
		<type>LOAD_MODULE</type>
		<severity>INFO</severity>
		<timestamp>Wed Jul  2 16:59:06 2025</timestamp>
		<arg name='module'>/lib/x86_64-linux-gnu/libstdc++.so.6</arg>
		<arg name='basement'>0x7fefc7a00000</arg>
		<arg name='ceiling'>0x7fefc7c1987f</arg>
		<arg name='symtab'>no</arg>
	</msg>
	<!-- Instrumentation of /lib/x86_64-linux-gnu/libstdc++.so.6 image skipped because of filter conditions. -->
	<!-- Update image info for [8:0x7FEFC9E31000:NN] /lib/x86_64-linux-gnu/libm.so.6 -->
	<msg id='10' display='false' source='trc'>
		<type>LOAD_MODULE</type>
		<severity>INFO</severity>
		<timestamp>Wed Jul  2 16:59:06 2025</timestamp>
		<arg name='module'>/lib/x86_64-linux-gnu/libm.so.6</arg>
		<arg name='basement'>0x7fefc9e31000</arg>
		<arg name='ceiling'>0x7fefc9f1010f</arg>
		<arg name='symtab'>no</arg>
	</msg>
	<!-- Instrumentation of /lib/x86_64-linux-gnu/libm.so.6 image skipped because of filter conditions [cs-mode]. -->
	<!-- Update image info for [9:0x7FEFC9E07000:NN] /lib/x86_64-linux-gnu/libgcc_s.so.1 -->
	<msg id='11' display='false' source='trc'>
		<type>LOAD_MODULE</type>
		<severity>INFO</severity>
		<timestamp>Wed Jul  2 16:59:06 2025</timestamp>
		<arg name='module'>/lib/x86_64-linux-gnu/libgcc_s.so.1</arg>
		<arg name='basement'>0x7fefc9e07000</arg>
		<arg name='ceiling'>0x7fefc9e262c7</arg>
		<arg name='symtab'>no</arg>
	</msg>
	<!-- Instrumentation of /lib/x86_64-linux-gnu/libgcc_s.so.1 image skipped because of filter conditions [cs-mode]. -->
	<!-- Update image info for [10:0x7FEFC7C1F000:NN] /lib/x86_64-linux-gnu/libc.so.6 -->
	<msg id='12' display='false' source='trc'>
		<type>LOAD_MODULE</type>
		<severity>INFO</severity>
		<timestamp>Wed Jul  2 16:59:06 2025</timestamp>
		<arg name='module'>/lib/x86_64-linux-gnu/libc.so.6</arg>
		<arg name='basement'>0x7fefc7c1f000</arg>
		<arg name='ceiling'>0x7fefc7dfff4f</arg>
		<arg name='symtab'>no</arg>
	</msg>
	<!-- Instrumentation of /lib/x86_64-linux-gnu/libc.so.6 image skipped because of filter conditions. -->
	<!-- Update image info for [11:0x7FEFC99FB000:NN] /lib/x86_64-linux-gnu/librt.so.1 -->
	<msg id='13' display='false' source='trc'>
		<type>LOAD_MODULE</type>
		<severity>INFO</severity>
		<timestamp>Wed Jul  2 16:59:06 2025</timestamp>
		<arg name='module'>/lib/x86_64-linux-gnu/librt.so.1</arg>
		<arg name='basement'>0x7fefc99fb000</arg>
		<arg name='ceiling'>0x7fefc99ff01f</arg>
		<arg name='symtab'>no</arg>
	</msg>
	<!-- Instrumentation of /lib/x86_64-linux-gnu/librt.so.1 image skipped because of filter conditions [cs-mode]. -->
	<!-- Update image info for [12:0x7FEFC99F6000:NN] /lib/x86_64-linux-gnu/libdl.so.2 -->
	<msg id='14' display='false' source='trc'>
		<type>LOAD_MODULE</type>
		<severity>INFO</severity>
		<timestamp>Wed Jul  2 16:59:06 2025</timestamp>
		<arg name='module'>/lib/x86_64-linux-gnu/libdl.so.2</arg>
		<arg name='basement'>0x7fefc99f6000</arg>
		<arg name='ceiling'>0x7fefc99fa00f</arg>
		<arg name='symtab'>no</arg>
	</msg>
	<!-- Instrumentation of /lib/x86_64-linux-gnu/libdl.so.2 image skipped because of filter conditions [cs-mode]. -->
	<!-- Update image info for [13:0x7FEFC2E64000:NN] /lib/x86_64-linux-gnu/libnuma.so -->
	<msg id='15' display='false' source='trc'>
		<type>LOAD_MODULE</type>
		<severity>INFO</severity>
		<timestamp>Wed Jul  2 16:59:06 2025</timestamp>
		<arg name='module'>/lib/x86_64-linux-gnu/libnuma.so</arg>
		<arg name='basement'>0x7fefc2e64000</arg>
		<arg name='ceiling'>0x7fefc2e70897</arg>
		<arg name='symtab'>no</arg>
	</msg>
	<!-- Instrumentation of /lib/x86_64-linux-gnu/libnuma.so image skipped because of filter conditions [cs-mode]. -->
	<!-- Update image info for [14:0x7FEF36800000:YN] /opt/intel/oneapi/mpi/2021.10.0//libfabric/lib/libfabric.so.1 -->
	<msg id='16' display='false' source='trc'>
		<type>LOAD_MODULE</type>
		<severity>INFO</severity>
		<timestamp>Wed Jul  2 16:59:07 2025</timestamp>
		<arg name='module'>/opt/intel/oneapi/mpi/2021.10.0//libfabric/lib/libfabric.so.1</arg>
		<arg name='basement'>0x7fef36800000</arg>
		<arg name='ceiling'>0x7fef36a55c6f</arg>
		<arg name='symtab'>yes</arg>
	</msg>
	<!-- Instrumenting image: id = 14, name = /opt/intel/oneapi/mpi/2021.10.0//libfabric/lib/libfabric.so.1 -->
	<!-- Update image info for [15:0x7FEF367DA000:NN] /lib/x86_64-linux-gnu/libpthread.so.0 -->
	<msg id='17' display='false' source='trc'>
		<type>LOAD_MODULE</type>
		<severity>INFO</severity>
		<timestamp>Wed Jul  2 16:59:07 2025</timestamp>
		<arg name='module'>/lib/x86_64-linux-gnu/libpthread.so.0</arg>
		<arg name='basement'>0x7fef367da000</arg>
		<arg name='ceiling'>0x7fef367de00f</arg>
		<arg name='symtab'>no</arg>
	</msg>
	<!-- Instrumentation of /lib/x86_64-linux-gnu/libpthread.so.0 image skipped because of filter conditions [cs-mode]. -->
	<!-- Update image info for [16:0x7FEF35800000:YN] /opt/intel/oneapi/mpi/2021.10.0//libfabric/lib/prov/libverbs-1.12-fi.so -->
	<msg id='18' display='false' source='trc'>
		<type>LOAD_MODULE</type>
		<severity>INFO</severity>
		<timestamp>Wed Jul  2 16:59:07 2025</timestamp>
		<arg name='module'>/opt/intel/oneapi/mpi/2021.10.0//libfabric/lib/prov/libverbs-1.12-fi.so</arg>
		<arg name='basement'>0x7fef35800000</arg>
		<arg name='ceiling'>0x7fef35a6619f</arg>
		<arg name='symtab'>yes</arg>
	</msg>
	<!-- Instrumenting image: id = 16, name = /opt/intel/oneapi/mpi/2021.10.0//libfabric/lib/prov/libverbs-1.12-fi.so -->
	<!-- Update image info for [17:0x7FEF35AC9000:NN] /lib/x86_64-linux-gnu/librdmacm.so.1 -->
	<msg id='19' display='false' source='trc'>
		<type>LOAD_MODULE</type>
		<severity>INFO</severity>
		<timestamp>Wed Jul  2 16:59:07 2025</timestamp>
		<arg name='module'>/lib/x86_64-linux-gnu/librdmacm.so.1</arg>
		<arg name='basement'>0x7fef35ac9000</arg>
		<arg name='ceiling'>0x7fef35ae7227</arg>
		<arg name='symtab'>no</arg>
	</msg>
	<!-- Instrumentation of /lib/x86_64-linux-gnu/librdmacm.so.1 image skipped because of filter conditions [cs-mode]. -->
	<!-- Update image info for [18:0x7FEF35A87000:NN] /lib/x86_64-linux-gnu/libibverbs.so.1 -->
	<msg id='20' display='false' source='trc'>
		<type>LOAD_MODULE</type>
		<severity>INFO</severity>
		<timestamp>Wed Jul  2 16:59:07 2025</timestamp>
		<arg name='module'>/lib/x86_64-linux-gnu/libibverbs.so.1</arg>
		<arg name='basement'>0x7fef35a87000</arg>
		<arg name='ceiling'>0x7fef35aa735f</arg>
		<arg name='symtab'>no</arg>
	</msg>
	<!-- Instrumentation of /lib/x86_64-linux-gnu/libibverbs.so.1 image skipped because of filter conditions [cs-mode]. -->
	<!-- Update image info for [19:0x7FEF357DD000:NN] /lib/x86_64-linux-gnu/libnl-3.so.200 -->
	<msg id='21' display='false' source='trc'>
		<type>LOAD_MODULE</type>
		<severity>INFO</severity>
		<timestamp>Wed Jul  2 16:59:07 2025</timestamp>
		<arg name='module'>/lib/x86_64-linux-gnu/libnl-3.so.200</arg>
		<arg name='basement'>0x7fef357dd000</arg>
		<arg name='ceiling'>0x7fef357ff90f</arg>
		<arg name='symtab'>no</arg>
	</msg>
	<!-- Instrumentation of /lib/x86_64-linux-gnu/libnl-3.so.200 image skipped because of filter conditions [cs-mode]. -->
	<!-- Update image info for [20:0x7FEF3574C000:NN] /lib/x86_64-linux-gnu/libnl-route-3.so.200 -->
	<msg id='22' display='false' source='trc'>
		<type>LOAD_MODULE</type>
		<severity>INFO</severity>
		<timestamp>Wed Jul  2 16:59:07 2025</timestamp>
		<arg name='module'>/lib/x86_64-linux-gnu/libnl-route-3.so.200</arg>
		<arg name='basement'>0x7fef3574c000</arg>
		<arg name='ceiling'>0x7fef357dcb5f</arg>
		<arg name='symtab'>no</arg>
	</msg>
	<!-- Instrumentation of /lib/x86_64-linux-gnu/libnl-route-3.so.200 image skipped because of filter conditions [cs-mode]. -->
	<!-- Update image info for [21:0x7FEF34C00000:YN] /opt/intel/oneapi/mpi/2021.10.0//libfabric/lib/prov/libverbs-1.1-fi.so -->
	<msg id='23' display='false' source='trc'>
		<type>LOAD_MODULE</type>
		<severity>INFO</severity>
		<timestamp>Wed Jul  2 16:59:07 2025</timestamp>
		<arg name='module'>/opt/intel/oneapi/mpi/2021.10.0//libfabric/lib/prov/libverbs-1.1-fi.so</arg>
		<arg name='basement'>0x7fef34c00000</arg>
		<arg name='ceiling'>0x7fef34e62e3f</arg>
		<arg name='symtab'>yes</arg>
	</msg>
	<!-- Instrumentation of /opt/intel/oneapi/mpi/2021.10.0//libfabric/lib/prov/libverbs-1.1-fi.so image skipped because of filter conditions [cs-mode]. -->
	<!-- Update image info for [22:0x7FEF34600000:YN] /opt/intel/oneapi/mpi/2021.10.0//libfabric/lib/prov/libtcp-fi.so -->
	<msg id='24' display='false' source='trc'>
		<type>LOAD_MODULE</type>
		<severity>INFO</severity>
		<timestamp>Wed Jul  2 16:59:07 2025</timestamp>
		<arg name='module'>/opt/intel/oneapi/mpi/2021.10.0//libfabric/lib/prov/libtcp-fi.so</arg>
		<arg name='basement'>0x7fef34600000</arg>
		<arg name='ceiling'>0x7fef3485804f</arg>
		<arg name='symtab'>yes</arg>
	</msg>
	<!-- Instrumenting image: id = 22, name = /opt/intel/oneapi/mpi/2021.10.0//libfabric/lib/prov/libtcp-fi.so -->
	<!-- skipping routine "epoll_wait", reason cannot build control-flow graph (HasDynamicJumps) -->
	<!-- skipping routine "xnet_handle_event_list", reason cannot build control-flow graph (HasDynamicJumps) -->
	<!-- skipping routine "ofi_cq_read", reason cannot build control-flow graph (HasDynamicJumps) -->
	<!-- Update image info for [23:0x7FEF34200000:YN] /opt/intel/oneapi/mpi/2021.10.0//libfabric/lib/prov/libshm-fi.so -->
	<msg id='25' display='false' source='trc'>
		<type>LOAD_MODULE</type>
		<severity>INFO</severity>
		<timestamp>Wed Jul  2 16:59:07 2025</timestamp>
		<arg name='module'>/opt/intel/oneapi/mpi/2021.10.0//libfabric/lib/prov/libshm-fi.so</arg>
		<arg name='basement'>0x7fef34200000</arg>
		<arg name='ceiling'>0x7fef3445f387</arg>
		<arg name='symtab'>yes</arg>
	</msg>
	<!-- Instrumentation of /opt/intel/oneapi/mpi/2021.10.0//libfabric/lib/prov/libshm-fi.so image skipped because of filter conditions [cs-mode]. -->
	<!-- Update image info for [24:0x7FEF33E00000:YN] /opt/intel/oneapi/mpi/2021.10.0//libfabric/lib/prov/librxm-fi.so -->
	<msg id='26' display='false' source='trc'>
		<type>LOAD_MODULE</type>
		<severity>INFO</severity>
		<timestamp>Wed Jul  2 16:59:07 2025</timestamp>
		<arg name='module'>/opt/intel/oneapi/mpi/2021.10.0//libfabric/lib/prov/librxm-fi.so</arg>
		<arg name='basement'>0x7fef33e00000</arg>
		<arg name='ceiling'>0x7fef34062497</arg>
		<arg name='symtab'>yes</arg>
	</msg>
	<!-- Instrumenting image: id = 24, name = /opt/intel/oneapi/mpi/2021.10.0//libfabric/lib/prov/librxm-fi.so -->
	<!-- Update image info for [25:0x7FEF33A00000:NN] /opt/intel/oneapi/mpi/2021.10.0//libfabric/lib/prov/libpsm3-fi.so -->
	<msg id='27' display='false' source='trc'>
		<type>LOAD_MODULE</type>
		<severity>INFO</severity>
		<timestamp>Wed Jul  2 16:59:07 2025</timestamp>
		<arg name='module'>/opt/intel/oneapi/mpi/2021.10.0//libfabric/lib/prov/libpsm3-fi.so</arg>
		<arg name='basement'>0x7fef33a00000</arg>
		<arg name='ceiling'>0x7fef33dabdc7</arg>
		<arg name='symtab'>no</arg>
	</msg>
	<!-- Instrumentation of /opt/intel/oneapi/mpi/2021.10.0//libfabric/lib/prov/libpsm3-fi.so image skipped because of filter conditions [cs-mode]. -->
	<!-- Update image info for [26:0x7FEF34069000:NN] /lib/x86_64-linux-gnu/libuuid.so.1 -->
	<msg id='28' display='false' source='trc'>
		<type>LOAD_MODULE</type>
		<severity>INFO</severity>
		<timestamp>Wed Jul  2 16:59:07 2025</timestamp>
		<arg name='module'>/lib/x86_64-linux-gnu/libuuid.so.1</arg>
		<arg name='basement'>0x7fef34069000</arg>
		<arg name='ceiling'>0x7fef34072027</arg>
		<arg name='symtab'>no</arg>
	</msg>
	<!-- Instrumentation of /lib/x86_64-linux-gnu/libuuid.so.1 image skipped because of filter conditions [cs-mode]. -->
	<!-- Update image info for [27:0x7FEF33200000:YN] /opt/intel/oneapi/mpi/2021.10.0//libfabric/lib/prov/libmlx-fi.so -->
	<msg id='29' display='false' source='trc'>
		<type>LOAD_MODULE</type>
		<severity>INFO</severity>
		<timestamp>Wed Jul  2 16:59:07 2025</timestamp>
		<arg name='module'>/opt/intel/oneapi/mpi/2021.10.0//libfabric/lib/prov/libmlx-fi.so</arg>
		<arg name='basement'>0x7fef33200000</arg>
		<arg name='ceiling'>0x7fef33444c7f</arg>
		<arg name='symtab'>yes</arg>
	</msg>
	<!-- Instrumentation of /opt/intel/oneapi/mpi/2021.10.0//libfabric/lib/prov/libmlx-fi.so image skipped because of filter conditions [cs-mode]. -->
	<!-- Update image info for [28:0x7FEF334C9000:NN] /lib/x86_64-linux-gnu/libucp.so.0 -->
	<msg id='30' display='false' source='trc'>
		<type>LOAD_MODULE</type>
		<severity>INFO</severity>
		<timestamp>Wed Jul  2 16:59:07 2025</timestamp>
		<arg name='module'>/lib/x86_64-linux-gnu/libucp.so.0</arg>
		<arg name='basement'>0x7fef334c9000</arg>
		<arg name='ceiling'>0x7fef335d5bbf</arg>
		<arg name='symtab'>no</arg>
	</msg>
	<!-- Instrumentation of /lib/x86_64-linux-gnu/libucp.so.0 image skipped because of filter conditions [cs-mode]. -->
	<!-- Update image info for [29:0x7FEF3346D000:NN] /lib/x86_64-linux-gnu/libucs.so.0 -->
	<msg id='31' display='false' source='trc'>
		<type>LOAD_MODULE</type>
		<severity>INFO</severity>
		<timestamp>Wed Jul  2 16:59:07 2025</timestamp>
		<arg name='module'>/lib/x86_64-linux-gnu/libucs.so.0</arg>
		<arg name='basement'>0x7fef3346d000</arg>
		<arg name='ceiling'>0x7fef334c8aef</arg>
		<arg name='symtab'>no</arg>
	</msg>
	<!-- Instrumentation of /lib/x86_64-linux-gnu/libucs.so.0 image skipped because of filter conditions [cs-mode]. -->
	<!-- Update image info for [30:0x7FEF331BE000:NN] /lib/x86_64-linux-gnu/libuct.so.0 -->
	<msg id='32' display='false' source='trc'>
		<type>LOAD_MODULE</type>
		<severity>INFO</severity>
		<timestamp>Wed Jul  2 16:59:07 2025</timestamp>
		<arg name='module'>/lib/x86_64-linux-gnu/libuct.so.0</arg>
		<arg name='basement'>0x7fef331be000</arg>
		<arg name='ceiling'>0x7fef331ffc57</arg>
		<arg name='symtab'>no</arg>
	</msg>
	<!-- Instrumentation of /lib/x86_64-linux-gnu/libuct.so.0 image skipped because of filter conditions [cs-mode]. -->
	<!-- Update image info for [31:0x7FEF33453000:NN] /lib/x86_64-linux-gnu/libucm.so.0 -->
	<msg id='33' display='false' source='trc'>
		<type>LOAD_MODULE</type>
		<severity>INFO</severity>
		<timestamp>Wed Jul  2 16:59:07 2025</timestamp>
		<arg name='module'>/lib/x86_64-linux-gnu/libucm.so.0</arg>
		<arg name='basement'>0x7fef33453000</arg>
		<arg name='ceiling'>0x7fef3346c597</arg>
		<arg name='symtab'>no</arg>
	</msg>
	<!-- Instrumentation of /lib/x86_64-linux-gnu/libucm.so.0 image skipped because of filter conditions [cs-mode]. -->
	<!-- Update image info for [32:0x7FEF31A00000:YN] /opt/intel/oneapi/mpi/2021.10.0//libfabric/lib/prov/libefa-fi.so -->
	<msg id='34' display='false' source='trc'>
		<type>LOAD_MODULE</type>
		<severity>INFO</severity>
		<timestamp>Wed Jul  2 16:59:07 2025</timestamp>
		<arg name='module'>/opt/intel/oneapi/mpi/2021.10.0//libfabric/lib/prov/libefa-fi.so</arg>
		<arg name='basement'>0x7fef31a00000</arg>
		<arg name='ceiling'>0x7fef31c8ba37</arg>
		<arg name='symtab'>yes</arg>
	</msg>
	<!-- Instrumentation of /opt/intel/oneapi/mpi/2021.10.0//libfabric/lib/prov/libefa-fi.so image skipped because of filter conditions [cs-mode]. -->
	<!-- Update image info for [33:0x7FEF31CED000:NN] /lib/x86_64-linux-gnu/libefa.so.1 -->
	<msg id='35' display='false' source='trc'>
		<type>LOAD_MODULE</type>
		<severity>INFO</severity>
		<timestamp>Wed Jul  2 16:59:07 2025</timestamp>
		<arg name='module'>/lib/x86_64-linux-gnu/libefa.so.1</arg>
		<arg name='basement'>0x7fef31ced000</arg>
		<arg name='ceiling'>0x7fef31cfa00f</arg>
		<arg name='symtab'>no</arg>
	</msg>
	<!-- Instrumentation of /lib/x86_64-linux-gnu/libefa.so.1 image skipped because of filter conditions [cs-mode]. -->
	<msg id='36' display='false' source='trc'>
		<type>UNLOAD_MODULE</type>
		<severity>INFO</severity>
		<timestamp>Wed Jul  2 16:59:07 2025</timestamp>
		<arg name='module'>/opt/intel/oneapi/mpi/2021.10.0//libfabric/lib/prov/libefa-fi.so</arg>
	</msg>
	<msg id='37' display='false' source='trc'>
		<type>UNLOAD_MODULE</type>
		<severity>INFO</severity>
		<timestamp>Wed Jul  2 16:59:07 2025</timestamp>
		<arg name='module'>/lib/x86_64-linux-gnu/libefa.so.1</arg>
	</msg>
	<msg id='38' display='false' source='trc'>
		<type>UNLOAD_MODULE</type>
		<severity>INFO</severity>
		<timestamp>Wed Jul  2 16:59:19 2025</timestamp>
		<arg name='module'>/opt/intel/oneapi/mpi/2021.10.0//libfabric/lib/prov/libmlx-fi.so</arg>
	</msg>
	<msg id='39' display='false' source='trc'>
		<type>UNLOAD_MODULE</type>
		<severity>INFO</severity>
		<timestamp>Wed Jul  2 16:59:19 2025</timestamp>
		<arg name='module'>/opt/intel/oneapi/mpi/2021.10.0//libfabric/lib/prov/libpsm3-fi.so</arg>
	</msg>
	<msg id='40' display='false' source='trc'>
		<type>UNLOAD_MODULE</type>
		<severity>INFO</severity>
		<timestamp>Wed Jul  2 16:59:19 2025</timestamp>
		<arg name='module'>/lib/x86_64-linux-gnu/libuuid.so.1</arg>
	</msg>
	<msg id='41' display='false' source='trc'>
		<type>UNLOAD_MODULE</type>
		<severity>INFO</severity>
		<timestamp>Wed Jul  2 16:59:19 2025</timestamp>
		<arg name='module'>/opt/intel/oneapi/mpi/2021.10.0//libfabric/lib/prov/librxm-fi.so</arg>
	</msg>
	<msg id='42' display='false' source='trc'>
		<type>UNLOAD_MODULE</type>
		<severity>INFO</severity>
		<timestamp>Wed Jul  2 16:59:19 2025</timestamp>
		<arg name='module'>/opt/intel/oneapi/mpi/2021.10.0//libfabric/lib/prov/libverbs-1.12-fi.so</arg>
	</msg>
	<msg id='43' display='false' source='trc'>
		<type>UNLOAD_MODULE</type>
		<severity>INFO</severity>
		<timestamp>Wed Jul  2 16:59:19 2025</timestamp>
		<arg name='module'>/opt/intel/oneapi/mpi/2021.10.0//libfabric/lib/prov/libverbs-1.1-fi.so</arg>
	</msg>
	<msg id='44' display='false' source='trc'>
		<type>UNLOAD_MODULE</type>
		<severity>INFO</severity>
		<timestamp>Wed Jul  2 16:59:19 2025</timestamp>
		<arg name='module'>/lib/x86_64-linux-gnu/librdmacm.so.1</arg>
	</msg>
	<msg id='45' display='false' source='trc'>
		<type>UNLOAD_MODULE</type>
		<severity>INFO</severity>
		<timestamp>Wed Jul  2 16:59:19 2025</timestamp>
		<arg name='module'>/lib/x86_64-linux-gnu/libibverbs.so.1</arg>
	</msg>
	<msg id='46' display='false' source='trc'>
		<type>UNLOAD_MODULE</type>
		<severity>INFO</severity>
		<timestamp>Wed Jul  2 16:59:19 2025</timestamp>
		<arg name='module'>/lib/x86_64-linux-gnu/libnl-route-3.so.200</arg>
	</msg>
	<msg id='47' display='false' source='trc'>
		<type>UNLOAD_MODULE</type>
		<severity>INFO</severity>
		<timestamp>Wed Jul  2 16:59:19 2025</timestamp>
		<arg name='module'>/lib/x86_64-linux-gnu/libnl-3.so.200</arg>
	</msg>
	<msg id='48' display='false' source='trc'>
		<type>UNLOAD_MODULE</type>
		<severity>INFO</severity>
		<timestamp>Wed Jul  2 16:59:19 2025</timestamp>
		<arg name='module'>/opt/intel/oneapi/mpi/2021.10.0//libfabric/lib/prov/libtcp-fi.so</arg>
	</msg>
	<msg id='49' display='false' source='trc'>
		<type>UNLOAD_MODULE</type>
		<severity>INFO</severity>
		<timestamp>Wed Jul  2 16:59:19 2025</timestamp>
		<arg name='module'>/opt/intel/oneapi/mpi/2021.10.0//libfabric/lib/prov/libshm-fi.so</arg>
	</msg>
	<msg id='50' display='false' source='trc'>
		<type>UNLOAD_MODULE</type>
		<severity>INFO</severity>
		<timestamp>Wed Jul  2 16:59:19 2025</timestamp>
		<arg name='module'>/VM/stud/S5843444/mandelbrot/mpi/mpi_mandelbrot_parametric</arg>
	</msg>
	<msg id='51' display='false' source='trc'>
		<type>UNLOAD_MODULE</type>
		<severity>INFO</severity>
		<timestamp>Wed Jul  2 16:59:19 2025</timestamp>
		<arg name='module'>/lib64/ld-linux-x86-64.so.2</arg>
	</msg>
	<msg id='52' display='false' source='trc'>
		<type>UNLOAD_MODULE</type>
		<severity>INFO</severity>
		<timestamp>Wed Jul  2 16:59:19 2025</timestamp>
		<arg name='module'>[vdso]</arg>
	</msg>
	<msg id='53' display='false' source='trc'>
		<type>UNLOAD_MODULE</type>
		<severity>INFO</severity>
		<timestamp>Wed Jul  2 16:59:19 2025</timestamp>
		<arg name='module'>/opt/intel/oneapi/mpi/2021.10.0//lib/libmpicxx.so.12</arg>
	</msg>
	<msg id='54' display='false' source='trc'>
		<type>UNLOAD_MODULE</type>
		<severity>INFO</severity>
		<timestamp>Wed Jul  2 16:59:19 2025</timestamp>
		<arg name='module'>/opt/intel/oneapi/mpi/2021.10.0//lib/libmpifort.so.12</arg>
	</msg>
	<msg id='55' display='false' source='trc'>
		<type>UNLOAD_MODULE</type>
		<severity>INFO</severity>
		<timestamp>Wed Jul  2 16:59:19 2025</timestamp>
		<arg name='module'>/opt/intel/oneapi/mpi/2021.10.0//lib/release/libmpi.so.12</arg>
	</msg>
	<msg id='56' display='false' source='trc'>
		<type>UNLOAD_MODULE</type>
		<severity>INFO</severity>
		<timestamp>Wed Jul  2 16:59:19 2025</timestamp>
		<arg name='module'>/lib/x86_64-linux-gnu/libstdc++.so.6</arg>
	</msg>
	<msg id='57' display='false' source='trc'>
		<type>UNLOAD_MODULE</type>
		<severity>INFO</severity>
		<timestamp>Wed Jul  2 16:59:19 2025</timestamp>
		<arg name='module'>/lib/x86_64-linux-gnu/libm.so.6</arg>
	</msg>
	<msg id='58' display='false' source='trc'>
		<type>UNLOAD_MODULE</type>
		<severity>INFO</severity>
		<timestamp>Wed Jul  2 16:59:19 2025</timestamp>
		<arg name='module'>/lib/x86_64-linux-gnu/libgcc_s.so.1</arg>
	</msg>
	<msg id='59' display='false' source='trc'>
		<type>UNLOAD_MODULE</type>
		<severity>INFO</severity>
		<timestamp>Wed Jul  2 16:59:19 2025</timestamp>
		<arg name='module'>/lib/x86_64-linux-gnu/libc.so.6</arg>
	</msg>
	<msg id='60' display='false' source='trc'>
		<type>UNLOAD_MODULE</type>
		<severity>INFO</severity>
		<timestamp>Wed Jul  2 16:59:19 2025</timestamp>
		<arg name='module'>/lib/x86_64-linux-gnu/librt.so.1</arg>
	</msg>
	<msg id='61' display='false' source='trc'>
		<type>UNLOAD_MODULE</type>
		<severity>INFO</severity>
		<timestamp>Wed Jul  2 16:59:19 2025</timestamp>
		<arg name='module'>/lib/x86_64-linux-gnu/libdl.so.2</arg>
	</msg>
	<msg id='62' display='false' source='trc'>
		<type>UNLOAD_MODULE</type>
		<severity>INFO</severity>
		<timestamp>Wed Jul  2 16:59:19 2025</timestamp>
		<arg name='module'>/lib/x86_64-linux-gnu/libnuma.so</arg>
	</msg>
	<msg id='63' display='false' source='trc'>
		<type>UNLOAD_MODULE</type>
		<severity>INFO</severity>
		<timestamp>Wed Jul  2 16:59:19 2025</timestamp>
		<arg name='module'>/opt/intel/oneapi/mpi/2021.10.0//libfabric/lib/libfabric.so.1</arg>
	</msg>
	<msg id='64' display='false' source='trc'>
		<type>UNLOAD_MODULE</type>
		<severity>INFO</severity>
		<timestamp>Wed Jul  2 16:59:19 2025</timestamp>
		<arg name='module'>/lib/x86_64-linux-gnu/libpthread.so.0</arg>
	</msg>
	<msg id='65' display='false' source='trc'>
		<type>UNLOAD_MODULE</type>
		<severity>INFO</severity>
		<timestamp>Wed Jul  2 16:59:19 2025</timestamp>
		<arg name='module'>/lib/x86_64-linux-gnu/libucp.so.0</arg>
	</msg>
	<msg id='66' display='false' source='trc'>
		<type>UNLOAD_MODULE</type>
		<severity>INFO</severity>
		<timestamp>Wed Jul  2 16:59:19 2025</timestamp>
		<arg name='module'>/lib/x86_64-linux-gnu/libucs.so.0</arg>
	</msg>
	<msg id='67' display='false' source='trc'>
		<type>UNLOAD_MODULE</type>
		<severity>INFO</severity>
		<timestamp>Wed Jul  2 16:59:19 2025</timestamp>
		<arg name='module'>/lib/x86_64-linux-gnu/libuct.so.0</arg>
	</msg>
	<msg id='68' display='false' source='trc'>
		<type>UNLOAD_MODULE</type>
		<severity>INFO</severity>
		<timestamp>Wed Jul  2 16:59:19 2025</timestamp>
		<arg name='module'>/lib/x86_64-linux-gnu/libucm.so.0</arg>
	</msg>
	<msg id='69' display='false' source='trc'>
		<type>PROCESS_FINISH</type>
		<severity>INFO</severity>
		<timestamp>Wed Jul  2 16:59:19 2025</timestamp>
		<arg name='process'>/VM/stud/S5843444/mandelbrot/mpi/mpi_mandelbrot_parametric</arg>
		<arg name='pid'>297377</arg>
		<arg name='exitcode'>0x0</arg>
	</msg>
	<!-- Application exited with code 0 -->
</log>