<?xml version="1.0" encoding="utf-8" ?>
<!-- DO NOT EDIT THIS FILE -->

<log version='2.0' source='trc'>
	<msg id='1' display='false' source='trc'>
		<type>PROCESS_START</type>
		<severity>INFO</severity>
		<timestamp>Wed Jul  2 16:59:06 2025</timestamp>
		<arg name='process'>/VM/stud/S5843444/mandelbrot/mpi/mpi_mandelbrot_parametric</arg>
		<arg name='pid'>297373</arg>
	</msg>
	<!-- Instrumentation filter's state:
    Patterns applicability:
        Generic loop pattern.....................: disabled
        Generic loop pattern (with dynamic jumps): disabled
        Known trip value loop pattern............: disabled
        Runtime final value loop pattern.........: disabled
        No initial IV loop pattern...............: disabled
        IV step only loop pattern................: disabled
        No entry loop pattern....................: disabled
    Clustered memory model (CMM) applicability:
        Generic loop pattern.....................: enabled
        Generic loop pattern (with dynamic jumps): enabled
        Known trip value loop pattern............: enabled
        Runtime final value loop pattern.........: enabled
        No initial IV loop pattern...............: enabled
        IV step only loop pattern................: enabled
        No entry loop pattern....................: disabled
 -->
	<!-- Callstack mode:
    filter modules.........: true
    filter routines........: true
    count loops............: false
    count flops............: false
    trace..................: false
    extended trace.........: false
    omp trace..............: false
    jit trace..............: false
    failures trace.........: false
    dump raw...............: false
    dump final.............: false
    dump all...............: false
    stack stitching........: true
    stl profiling..........: true
    aggressive frame switch: true
    unwind frame exit......: true
    analyze child loops....: true
 -->
	<!-- Managed application profiling: -->
	<!-- 	State...................: enabled -->
	<!-- Gpu Profiling: -->
	<!-- 	State: disabled -->
	<msg id='2' display='false' source='trc'>
		<type>PROCESS_ANALYSIS_MODE</type>
		<severity>INFO</severity>
		<timestamp>Wed Jul  2 16:59:06 2025</timestamp>
		<arg name='mode'>full</arg>
	</msg>
	<!-- Update image info for [1:0x400000:YN] /VM/stud/S5843444/mandelbrot/mpi/mpi_mandelbrot_parametric -->
	<msg id='3' display='false' source='trc'>
		<type>LOAD_MODULE</type>
		<severity>INFO</severity>
		<timestamp>Wed Jul  2 16:59:06 2025</timestamp>
		<arg name='module'>/VM/stud/S5843444/mandelbrot/mpi/mpi_mandelbrot_parametric</arg>
		<arg name='basement'>0x400000</arg>
		<arg name='ceiling'>0x4171ef</arg>
		<arg name='symtab'>yes</arg>
	</msg>
	<!-- Instrumenting image: id = 1, name = /VM/stud/S5843444/mandelbrot/mpi/mpi_mandelbrot_parametric -->
	<!-- skipping routine "__errno_location", reason cannot build control-flow graph (HasDynamicJumps) -->
	<!-- skipping routine "__libm_hypot", reason cannot build control-flow graph (HasDynamicJumps) -->
	<!-- Update image info for [2:0x7F820A2A3000:NN] /lib64/ld-linux-x86-64.so.2 -->
	<msg id='4' display='false' source='trc'>
		<type>LOAD_MODULE</type>
		<severity>INFO</severity>
		<timestamp>Wed Jul  2 16:59:06 2025</timestamp>
		<arg name='module'>/lib64/ld-linux-x86-64.so.2</arg>
		<arg name='basement'>0x7f820a2a3000</arg>
		<arg name='ceiling'>0x7f820a2d72d7</arg>
		<arg name='symtab'>no</arg>
	</msg>
	<!-- Instrumentation of /lib64/ld-linux-x86-64.so.2 image skipped because of filter conditions. -->
	<!-- Update image info for [3:0x7F820A2A1000:NN] [vdso] -->
	<msg id='5' display='false' source='trc'>
		<type>LOAD_MODULE</type>
		<severity>INFO</severity>
		<timestamp>Wed Jul  2 16:59:06 2025</timestamp>
		<arg name='module'>[vdso]</arg>
		<arg name='basement'>0x7f820a2a1000</arg>
		<arg name='ceiling'>0x7f820a2a1d7b</arg>
		<arg name='symtab'>no</arg>
	</msg>
	<!-- Instrumentation of [vdso] image skipped because of filter conditions [cs-mode]. -->
	<!-- Update image info for [4:0x7F81F4E00000:YN] /opt/intel/oneapi/mpi/2021.10.0//lib/libmpicxx.so.12 -->
	<msg id='6' display='false' source='trc'>
		<type>LOAD_MODULE</type>
		<severity>INFO</severity>
		<timestamp>Wed Jul  2 16:59:06 2025</timestamp>
		<arg name='module'>/opt/intel/oneapi/mpi/2021.10.0//lib/libmpicxx.so.12</arg>
		<arg name='basement'>0x7f81f4e00000</arg>
		<arg name='ceiling'>0x7f81f50207a7</arg>
		<arg name='symtab'>yes</arg>
	</msg>
	<!-- Instrumentation of /opt/intel/oneapi/mpi/2021.10.0//lib/libmpicxx.so.12 image skipped because of filter conditions [cs-mode]. -->
	<!-- Update image info for [5:0x7F81F4800000:YN] /opt/intel/oneapi/mpi/2021.10.0//lib/libmpifort.so.12 -->
	<msg id='7' display='false' source='trc'>
		<type>LOAD_MODULE</type>
		<severity>INFO</severity>
		<timestamp>Wed Jul  2 16:59:06 2025</timestamp>
		<arg name='module'>/opt/intel/oneapi/mpi/2021.10.0//lib/libmpifort.so.12</arg>
		<arg name='basement'>0x7f81f4800000</arg>
		<arg name='ceiling'>0x7f81f4bb1257</arg>
		<arg name='symtab'>yes</arg>
	</msg>
	<!-- Instrumentation of /opt/intel/oneapi/mpi/2021.10.0//lib/libmpifort.so.12 image skipped because of filter conditions [cs-mode]. -->
	<!-- Update image info for [6:0x7F81F2C00000:YN] /opt/intel/oneapi/mpi/2021.10.0//lib/release/libmpi.so.12 -->
	<msg id='8' display='false' source='trc'>
		<type>LOAD_MODULE</type>
		<severity>INFO</severity>
		<timestamp>Wed Jul  2 16:59:06 2025</timestamp>
		<arg name='module'>/opt/intel/oneapi/mpi/2021.10.0//lib/release/libmpi.so.12</arg>
		<arg name='basement'>0x7f81f2c00000</arg>
		<arg name='ceiling'>0x7f81f46d0957</arg>
		<arg name='symtab'>yes</arg>
	</msg>
	<!-- Instrumentation of /opt/intel/oneapi/mpi/2021.10.0//lib/release/libmpi.so.12 image skipped because of filter conditions. -->
	<!-- Update image info for [7:0x7F81F2800000:NN] /lib/x86_64-linux-gnu/libstdc++.so.6 -->
	<msg id='9' display='false' source='trc'>
		<type>LOAD_MODULE</type>
		<severity>INFO</severity>
		<timestamp>Wed Jul  2 16:59:06 2025</timestamp>
		<arg name='module'>/lib/x86_64-linux-gnu/libstdc++.so.6</arg>
		<arg name='basement'>0x7f81f2800000</arg>
		<arg name='ceiling'>0x7f81f2a1987f</arg>
		<arg name='symtab'>no</arg>
	</msg>
	<!-- Instrumentation of /lib/x86_64-linux-gnu/libstdc++.so.6 image skipped because of filter conditions. -->
	<!-- Update image info for [8:0x7F81F4720000:NN] /lib/x86_64-linux-gnu/libm.so.6 -->
	<msg id='10' display='false' source='trc'>
		<type>LOAD_MODULE</type>
		<severity>INFO</severity>
		<timestamp>Wed Jul  2 16:59:06 2025</timestamp>
		<arg name='module'>/lib/x86_64-linux-gnu/libm.so.6</arg>
		<arg name='basement'>0x7f81f4720000</arg>
		<arg name='ceiling'>0x7f81f47ff10f</arg>
		<arg name='symtab'>no</arg>
	</msg>
	<!-- Instrumentation of /lib/x86_64-linux-gnu/libm.so.6 image skipped because of filter conditions [cs-mode]. -->
	<!-- Update image info for [9:0x7F81F4BDD000:NN] /lib/x86_64-linux-gnu/libgcc_s.so.1 -->
	<msg id='11' display='false' source='trc'>
		<type>LOAD_MODULE</type>
		<severity>INFO</severity>
		<timestamp>Wed Jul  2 16:59:06 2025</timestamp>
		<arg name='module'>/lib/x86_64-linux-gnu/libgcc_s.so.1</arg>
		<arg name='basement'>0x7f81f4bdd000</arg>
		<arg name='ceiling'>0x7f81f4bfc2c7</arg>
		<arg name='symtab'>no</arg>
	</msg>
	<!-- Instrumentation of /lib/x86_64-linux-gnu/libgcc_s.so.1 image skipped because of filter conditions [cs-mode]. -->
	<!-- Update image info for [10:0x7F81F2A1F000:NN] /lib/x86_64-linux-gnu/libc.so.6 -->
	<msg id='12' display='false' source='trc'>
		<type>LOAD_MODULE</type>
		<severity>INFO</severity>
		<timestamp>Wed Jul  2 16:59:06 2025</timestamp>
		<arg name='module'>/lib/x86_64-linux-gnu/libc.so.6</arg>
		<arg name='basement'>0x7f81f2a1f000</arg>
		<arg name='ceiling'>0x7f81f2bfff4f</arg>
		<arg name='symtab'>no</arg>
	</msg>
	<!-- Instrumentation of /lib/x86_64-linux-gnu/libc.so.6 image skipped because of filter conditions. -->
	<!-- Update image info for [11:0x7F81F4716000:NN] /lib/x86_64-linux-gnu/librt.so.1 -->
	<msg id='13' display='false' source='trc'>
		<type>LOAD_MODULE</type>
		<severity>INFO</severity>
		<timestamp>Wed Jul  2 16:59:06 2025</timestamp>
		<arg name='module'>/lib/x86_64-linux-gnu/librt.so.1</arg>
		<arg name='basement'>0x7f81f4716000</arg>
		<arg name='ceiling'>0x7f81f471a01f</arg>
		<arg name='symtab'>no</arg>
	</msg>
	<!-- Instrumentation of /lib/x86_64-linux-gnu/librt.so.1 image skipped because of filter conditions [cs-mode]. -->
	<!-- Update image info for [12:0x7F81F46EB000:NN] /lib/x86_64-linux-gnu/libdl.so.2 -->
	<msg id='14' display='false' source='trc'>
		<type>LOAD_MODULE</type>
		<severity>INFO</severity>
		<timestamp>Wed Jul  2 16:59:06 2025</timestamp>
		<arg name='module'>/lib/x86_64-linux-gnu/libdl.so.2</arg>
		<arg name='basement'>0x7f81f46eb000</arg>
		<arg name='ceiling'>0x7f81f46ef00f</arg>
		<arg name='symtab'>no</arg>
	</msg>
	<!-- Instrumentation of /lib/x86_64-linux-gnu/libdl.so.2 image skipped because of filter conditions [cs-mode]. -->
	<!-- Update image info for [13:0x7F81EDB5E000:NN] /lib/x86_64-linux-gnu/libnuma.so -->
	<msg id='15' display='false' source='trc'>
		<type>LOAD_MODULE</type>
		<severity>INFO</severity>
		<timestamp>Wed Jul  2 16:59:06 2025</timestamp>
		<arg name='module'>/lib/x86_64-linux-gnu/libnuma.so</arg>
		<arg name='basement'>0x7f81edb5e000</arg>
		<arg name='ceiling'>0x7f81edb6a897</arg>
		<arg name='symtab'>no</arg>
	</msg>
	<!-- Instrumentation of /lib/x86_64-linux-gnu/libnuma.so image skipped because of filter conditions [cs-mode]. -->
	<!-- Update image info for [14:0x7F8161400000:YN] /opt/intel/oneapi/mpi/2021.10.0//libfabric/lib/libfabric.so.1 -->
	<msg id='16' display='false' source='trc'>
		<type>LOAD_MODULE</type>
		<severity>INFO</severity>
		<timestamp>Wed Jul  2 16:59:07 2025</timestamp>
		<arg name='module'>/opt/intel/oneapi/mpi/2021.10.0//libfabric/lib/libfabric.so.1</arg>
		<arg name='basement'>0x7f8161400000</arg>
		<arg name='ceiling'>0x7f8161655c6f</arg>
		<arg name='symtab'>yes</arg>
	</msg>
	<!-- Instrumenting image: id = 14, name = /opt/intel/oneapi/mpi/2021.10.0//libfabric/lib/libfabric.so.1 -->
	<!-- Update image info for [15:0x7F8161709000:NN] /lib/x86_64-linux-gnu/libpthread.so.0 -->
	<msg id='17' display='false' source='trc'>
		<type>LOAD_MODULE</type>
		<severity>INFO</severity>
		<timestamp>Wed Jul  2 16:59:07 2025</timestamp>
		<arg name='module'>/lib/x86_64-linux-gnu/libpthread.so.0</arg>
		<arg name='basement'>0x7f8161709000</arg>
		<arg name='ceiling'>0x7f816170d00f</arg>
		<arg name='symtab'>no</arg>
	</msg>
	<!-- Instrumentation of /lib/x86_64-linux-gnu/libpthread.so.0 image skipped because of filter conditions [cs-mode]. -->
	<!-- Update image info for [16:0x7F8160400000:YN] /opt/intel/oneapi/mpi/2021.10.0//libfabric/lib/prov/libverbs-1.12-fi.so -->
	<msg id='18' display='false' source='trc'>
		<type>LOAD_MODULE</type>
		<severity>INFO</severity>
		<timestamp>Wed Jul  2 16:59:07 2025</timestamp>
		<arg name='module'>/opt/intel/oneapi/mpi/2021.10.0//libfabric/lib/prov/libverbs-1.12-fi.so</arg>
		<arg name='basement'>0x7f8160400000</arg>
		<arg name='ceiling'>0x7f816066619f</arg>
		<arg name='symtab'>yes</arg>
	</msg>
	<!-- Instrumenting image: id = 16, name = /opt/intel/oneapi/mpi/2021.10.0//libfabric/lib/prov/libverbs-1.12-fi.so -->
	<!-- Update image info for [17:0x7F81607BF000:NN] /lib/x86_64-linux-gnu/librdmacm.so.1 -->
	<msg id='19' display='false' source='trc'>
		<type>LOAD_MODULE</type>
		<severity>INFO</severity>
		<timestamp>Wed Jul  2 16:59:07 2025</timestamp>
		<arg name='module'>/lib/x86_64-linux-gnu/librdmacm.so.1</arg>
		<arg name='basement'>0x7f81607bf000</arg>
		<arg name='ceiling'>0x7f81607dd227</arg>
		<arg name='symtab'>no</arg>
	</msg>
	<!-- Instrumentation of /lib/x86_64-linux-gnu/librdmacm.so.1 image skipped because of filter conditions [cs-mode]. -->
	<!-- Update image info for [18:0x7F816077D000:NN] /lib/x86_64-linux-gnu/libibverbs.so.1 -->
	<msg id='20' display='false' source='trc'>
		<type>LOAD_MODULE</type>
		<severity>INFO</severity>
		<timestamp>Wed Jul  2 16:59:07 2025</timestamp>
		<arg name='module'>/lib/x86_64-linux-gnu/libibverbs.so.1</arg>
		<arg name='basement'>0x7f816077d000</arg>
		<arg name='ceiling'>0x7f816079d35f</arg>
		<arg name='symtab'>no</arg>
	</msg>
	<!-- Instrumentation of /lib/x86_64-linux-gnu/libibverbs.so.1 image skipped because of filter conditions [cs-mode]. -->
	<!-- Update image info for [19:0x7F816075A000:NN] /lib/x86_64-linux-gnu/libnl-3.so.200 -->
	<msg id='21' display='false' source='trc'>
		<type>LOAD_MODULE</type>
		<severity>INFO</severity>
		<timestamp>Wed Jul  2 16:59:07 2025</timestamp>
		<arg name='module'>/lib/x86_64-linux-gnu/libnl-3.so.200</arg>
		<arg name='basement'>0x7f816075a000</arg>
		<arg name='ceiling'>0x7f816077c90f</arg>
		<arg name='symtab'>no</arg>
	</msg>
	<!-- Instrumentation of /lib/x86_64-linux-gnu/libnl-3.so.200 image skipped because of filter conditions [cs-mode]. -->
	<!-- Update image info for [20:0x7F81606C9000:NN] /lib/x86_64-linux-gnu/libnl-route-3.so.200 -->
	<msg id='22' display='false' source='trc'>
		<type>LOAD_MODULE</type>
		<severity>INFO</severity>
		<timestamp>Wed Jul  2 16:59:07 2025</timestamp>
		<arg name='module'>/lib/x86_64-linux-gnu/libnl-route-3.so.200</arg>
		<arg name='basement'>0x7f81606c9000</arg>
		<arg name='ceiling'>0x7f8160759b5f</arg>
		<arg name='symtab'>no</arg>
	</msg>
	<!-- Instrumentation of /lib/x86_64-linux-gnu/libnl-route-3.so.200 image skipped because of filter conditions [cs-mode]. -->
	<!-- Update image info for [21:0x7F815F800000:YN] /opt/intel/oneapi/mpi/2021.10.0//libfabric/lib/prov/libverbs-1.1-fi.so -->
	<msg id='23' display='false' source='trc'>
		<type>LOAD_MODULE</type>
		<severity>INFO</severity>
		<timestamp>Wed Jul  2 16:59:07 2025</timestamp>
		<arg name='module'>/opt/intel/oneapi/mpi/2021.10.0//libfabric/lib/prov/libverbs-1.1-fi.so</arg>
		<arg name='basement'>0x7f815f800000</arg>
		<arg name='ceiling'>0x7f815fa62e3f</arg>
		<arg name='symtab'>yes</arg>
	</msg>
	<!-- Instrumentation of /opt/intel/oneapi/mpi/2021.10.0//libfabric/lib/prov/libverbs-1.1-fi.so image skipped because of filter conditions [cs-mode]. -->
	<!-- Update image info for [22:0x7F815F400000:YN] /opt/intel/oneapi/mpi/2021.10.0//libfabric/lib/prov/libtcp-fi.so -->
	<msg id='24' display='false' source='trc'>
		<type>LOAD_MODULE</type>
		<severity>INFO</severity>
		<timestamp>Wed Jul  2 16:59:07 2025</timestamp>
		<arg name='module'>/opt/intel/oneapi/mpi/2021.10.0//libfabric/lib/prov/libtcp-fi.so</arg>
		<arg name='basement'>0x7f815f400000</arg>
		<arg name='ceiling'>0x7f815f65804f</arg>
		<arg name='symtab'>yes</arg>
	</msg>
	<!-- Instrumenting image: id = 22, name = /opt/intel/oneapi/mpi/2021.10.0//libfabric/lib/prov/libtcp-fi.so -->
	<!-- skipping routine "epoll_wait", reason cannot build control-flow graph (HasDynamicJumps) -->
	<!-- skipping routine "xnet_handle_event_list", reason cannot build control-flow graph (HasDynamicJumps) -->
	<!-- skipping routine "ofi_cq_read", reason cannot build control-flow graph (HasDynamicJumps) -->
	<!-- Update image info for [23:0x7F815F000000:YN] /opt/intel/oneapi/mpi/2021.10.0//libfabric/lib/prov/libshm-fi.so -->
	<msg id='25' display='false' source='trc'>
		<type>LOAD_MODULE</type>
		<severity>INFO</severity>
		<timestamp>Wed Jul  2 16:59:07 2025</timestamp>
		<arg name='module'>/opt/intel/oneapi/mpi/2021.10.0//libfabric/lib/prov/libshm-fi.so</arg>
		<arg name='basement'>0x7f815f000000</arg>
		<arg name='ceiling'>0x7f815f25f387</arg>
		<arg name='symtab'>yes</arg>
	</msg>
	<!-- Instrumentation of /opt/intel/oneapi/mpi/2021.10.0//libfabric/lib/prov/libshm-fi.so image skipped because of filter conditions [cs-mode]. -->
	<!-- Update image info for [24:0x7F815EC00000:YN] /opt/intel/oneapi/mpi/2021.10.0//libfabric/lib/prov/librxm-fi.so -->
	<msg id='26' display='false' source='trc'>
		<type>LOAD_MODULE</type>
		<severity>INFO</severity>
		<timestamp>Wed Jul  2 16:59:07 2025</timestamp>
		<arg name='module'>/opt/intel/oneapi/mpi/2021.10.0//libfabric/lib/prov/librxm-fi.so</arg>
		<arg name='basement'>0x7f815ec00000</arg>
		<arg name='ceiling'>0x7f815ee62497</arg>
		<arg name='symtab'>yes</arg>
	</msg>
	<!-- Instrumenting image: id = 24, name = /opt/intel/oneapi/mpi/2021.10.0//libfabric/lib/prov/librxm-fi.so -->
	<!-- Update image info for [25:0x7F815E600000:NN] /opt/intel/oneapi/mpi/2021.10.0//libfabric/lib/prov/libpsm3-fi.so -->
	<msg id='27' display='false' source='trc'>
		<type>LOAD_MODULE</type>
		<severity>INFO</severity>
		<timestamp>Wed Jul  2 16:59:07 2025</timestamp>
		<arg name='module'>/opt/intel/oneapi/mpi/2021.10.0//libfabric/lib/prov/libpsm3-fi.so</arg>
		<arg name='basement'>0x7f815e600000</arg>
		<arg name='ceiling'>0x7f815e9abdc7</arg>
		<arg name='symtab'>no</arg>
	</msg>
	<!-- Instrumentation of /opt/intel/oneapi/mpi/2021.10.0//libfabric/lib/prov/libpsm3-fi.so image skipped because of filter conditions [cs-mode]. -->
	<!-- Update image info for [26:0x7F815EAD7000:NN] /lib/x86_64-linux-gnu/libuuid.so.1 -->
	<msg id='28' display='false' source='trc'>
		<type>LOAD_MODULE</type>
		<severity>INFO</severity>
		<timestamp>Wed Jul  2 16:59:07 2025</timestamp>
		<arg name='module'>/lib/x86_64-linux-gnu/libuuid.so.1</arg>
		<arg name='basement'>0x7f815ead7000</arg>
		<arg name='ceiling'>0x7f815eae0027</arg>
		<arg name='symtab'>no</arg>
	</msg>
	<!-- Instrumentation of /lib/x86_64-linux-gnu/libuuid.so.1 image skipped because of filter conditions [cs-mode]. -->
	<!-- Update image info for [27:0x7F815E000000:YN] /opt/intel/oneapi/mpi/2021.10.0//libfabric/lib/prov/libmlx-fi.so -->
	<msg id='29' display='false' source='trc'>
		<type>LOAD_MODULE</type>
		<severity>INFO</severity>
		<timestamp>Wed Jul  2 16:59:07 2025</timestamp>
		<arg name='module'>/opt/intel/oneapi/mpi/2021.10.0//libfabric/lib/prov/libmlx-fi.so</arg>
		<arg name='basement'>0x7f815e000000</arg>
		<arg name='ceiling'>0x7f815e244c7f</arg>
		<arg name='symtab'>yes</arg>
	</msg>
	<!-- Instrumentation of /opt/intel/oneapi/mpi/2021.10.0//libfabric/lib/prov/libmlx-fi.so image skipped because of filter conditions [cs-mode]. -->
	<!-- Update image info for [28:0x7F815DEF3000:NN] /lib/x86_64-linux-gnu/libucp.so.0 -->
	<msg id='30' display='false' source='trc'>
		<type>LOAD_MODULE</type>
		<severity>INFO</severity>
		<timestamp>Wed Jul  2 16:59:07 2025</timestamp>
		<arg name='module'>/lib/x86_64-linux-gnu/libucp.so.0</arg>
		<arg name='basement'>0x7f815def3000</arg>
		<arg name='ceiling'>0x7f815dfffbbf</arg>
		<arg name='symtab'>no</arg>
	</msg>
	<!-- Instrumentation of /lib/x86_64-linux-gnu/libucp.so.0 image skipped because of filter conditions [cs-mode]. -->
	<!-- Update image info for [29:0x7F815E25A000:NN] /lib/x86_64-linux-gnu/libucs.so.0 -->
	<msg id='31' display='false' source='trc'>
		<type>LOAD_MODULE</type>
		<severity>INFO</severity>
		<timestamp>Wed Jul  2 16:59:07 2025</timestamp>
		<arg name='module'>/lib/x86_64-linux-gnu/libucs.so.0</arg>
		<arg name='basement'>0x7f815e25a000</arg>
		<arg name='ceiling'>0x7f815e2b5aef</arg>
		<arg name='symtab'>no</arg>
	</msg>
	<!-- Instrumentation of /lib/x86_64-linux-gnu/libucs.so.0 image skipped because of filter conditions [cs-mode]. -->
	<!-- Update image info for [30:0x7F815DEB1000:NN] /lib/x86_64-linux-gnu/libuct.so.0 -->
	<msg id='32' display='false' source='trc'>
		<type>LOAD_MODULE</type>
		<severity>INFO</severity>
		<timestamp>Wed Jul  2 16:59:07 2025</timestamp>
		<arg name='module'>/lib/x86_64-linux-gnu/libuct.so.0</arg>
		<arg name='basement'>0x7f815deb1000</arg>
		<arg name='ceiling'>0x7f815def2c57</arg>
		<arg name='symtab'>no</arg>
	</msg>
	<!-- Instrumentation of /lib/x86_64-linux-gnu/libuct.so.0 image skipped because of filter conditions [cs-mode]. -->
	<!-- Update image info for [31:0x7F815DE97000:NN] /lib/x86_64-linux-gnu/libucm.so.0 -->
	<msg id='33' display='false' source='trc'>
		<type>LOAD_MODULE</type>
		<severity>INFO</severity>
		<timestamp>Wed Jul  2 16:59:07 2025</timestamp>
		<arg name='module'>/lib/x86_64-linux-gnu/libucm.so.0</arg>
		<arg name='basement'>0x7f815de97000</arg>
		<arg name='ceiling'>0x7f815deb0597</arg>
		<arg name='symtab'>no</arg>
	</msg>
	<!-- Instrumentation of /lib/x86_64-linux-gnu/libucm.so.0 image skipped because of filter conditions [cs-mode]. -->
	<!-- Update image info for [32:0x7F815C600000:YN] /opt/intel/oneapi/mpi/2021.10.0//libfabric/lib/prov/libefa-fi.so -->
	<msg id='34' display='false' source='trc'>
		<type>LOAD_MODULE</type>
		<severity>INFO</severity>
		<timestamp>Wed Jul  2 16:59:07 2025</timestamp>
		<arg name='module'>/opt/intel/oneapi/mpi/2021.10.0//libfabric/lib/prov/libefa-fi.so</arg>
		<arg name='basement'>0x7f815c600000</arg>
		<arg name='ceiling'>0x7f815c88ba37</arg>
		<arg name='symtab'>yes</arg>
	</msg>
	<!-- Instrumentation of /opt/intel/oneapi/mpi/2021.10.0//libfabric/lib/prov/libefa-fi.so image skipped because of filter conditions [cs-mode]. -->
	<!-- Update image info for [33:0x7F815C9DC000:NN] /lib/x86_64-linux-gnu/libefa.so.1 -->
	<msg id='35' display='false' source='trc'>
		<type>LOAD_MODULE</type>
		<severity>INFO</severity>
		<timestamp>Wed Jul  2 16:59:07 2025</timestamp>
		<arg name='module'>/lib/x86_64-linux-gnu/libefa.so.1</arg>
		<arg name='basement'>0x7f815c9dc000</arg>
		<arg name='ceiling'>0x7f815c9e900f</arg>
		<arg name='symtab'>no</arg>
	</msg>
	<!-- Instrumentation of /lib/x86_64-linux-gnu/libefa.so.1 image skipped because of filter conditions [cs-mode]. -->
	<msg id='36' display='false' source='trc'>
		<type>UNLOAD_MODULE</type>
		<severity>INFO</severity>
		<timestamp>Wed Jul  2 16:59:07 2025</timestamp>
		<arg name='module'>/opt/intel/oneapi/mpi/2021.10.0//libfabric/lib/prov/libefa-fi.so</arg>
	</msg>
	<msg id='37' display='false' source='trc'>
		<type>UNLOAD_MODULE</type>
		<severity>INFO</severity>
		<timestamp>Wed Jul  2 16:59:07 2025</timestamp>
		<arg name='module'>/lib/x86_64-linux-gnu/libefa.so.1</arg>
	</msg>
	<msg id='38' display='false' source='trc'>
		<type>UNLOAD_MODULE</type>
		<severity>INFO</severity>
		<timestamp>Wed Jul  2 16:59:19 2025</timestamp>
		<arg name='module'>/opt/intel/oneapi/mpi/2021.10.0//libfabric/lib/prov/libmlx-fi.so</arg>
	</msg>
	<msg id='39' display='false' source='trc'>
		<type>UNLOAD_MODULE</type>
		<severity>INFO</severity>
		<timestamp>Wed Jul  2 16:59:19 2025</timestamp>
		<arg name='module'>/opt/intel/oneapi/mpi/2021.10.0//libfabric/lib/prov/libpsm3-fi.so</arg>
	</msg>
	<msg id='40' display='false' source='trc'>
		<type>UNLOAD_MODULE</type>
		<severity>INFO</severity>
		<timestamp>Wed Jul  2 16:59:19 2025</timestamp>
		<arg name='module'>/lib/x86_64-linux-gnu/libuuid.so.1</arg>
	</msg>
	<msg id='41' display='false' source='trc'>
		<type>UNLOAD_MODULE</type>
		<severity>INFO</severity>
		<timestamp>Wed Jul  2 16:59:19 2025</timestamp>
		<arg name='module'>/opt/intel/oneapi/mpi/2021.10.0//libfabric/lib/prov/librxm-fi.so</arg>
	</msg>
	<msg id='42' display='false' source='trc'>
		<type>UNLOAD_MODULE</type>
		<severity>INFO</severity>
		<timestamp>Wed Jul  2 16:59:19 2025</timestamp>
		<arg name='module'>/opt/intel/oneapi/mpi/2021.10.0//libfabric/lib/prov/libverbs-1.12-fi.so</arg>
	</msg>
	<msg id='43' display='false' source='trc'>
		<type>UNLOAD_MODULE</type>
		<severity>INFO</severity>
		<timestamp>Wed Jul  2 16:59:19 2025</timestamp>
		<arg name='module'>/opt/intel/oneapi/mpi/2021.10.0//libfabric/lib/prov/libverbs-1.1-fi.so</arg>
	</msg>
	<msg id='44' display='false' source='trc'>
		<type>UNLOAD_MODULE</type>
		<severity>INFO</severity>
		<timestamp>Wed Jul  2 16:59:19 2025</timestamp>
		<arg name='module'>/lib/x86_64-linux-gnu/librdmacm.so.1</arg>
	</msg>
	<msg id='45' display='false' source='trc'>
		<type>UNLOAD_MODULE</type>
		<severity>INFO</severity>
		<timestamp>Wed Jul  2 16:59:19 2025</timestamp>
		<arg name='module'>/lib/x86_64-linux-gnu/libibverbs.so.1</arg>
	</msg>
	<msg id='46' display='false' source='trc'>
		<type>UNLOAD_MODULE</type>
		<severity>INFO</severity>
		<timestamp>Wed Jul  2 16:59:19 2025</timestamp>
		<arg name='module'>/lib/x86_64-linux-gnu/libnl-route-3.so.200</arg>
	</msg>
	<msg id='47' display='false' source='trc'>
		<type>UNLOAD_MODULE</type>
		<severity>INFO</severity>
		<timestamp>Wed Jul  2 16:59:19 2025</timestamp>
		<arg name='module'>/lib/x86_64-linux-gnu/libnl-3.so.200</arg>
	</msg>
	<msg id='48' display='false' source='trc'>
		<type>UNLOAD_MODULE</type>
		<severity>INFO</severity>
		<timestamp>Wed Jul  2 16:59:19 2025</timestamp>
		<arg name='module'>/opt/intel/oneapi/mpi/2021.10.0//libfabric/lib/prov/libtcp-fi.so</arg>
	</msg>
	<msg id='49' display='false' source='trc'>
		<type>UNLOAD_MODULE</type>
		<severity>INFO</severity>
		<timestamp>Wed Jul  2 16:59:19 2025</timestamp>
		<arg name='module'>/opt/intel/oneapi/mpi/2021.10.0//libfabric/lib/prov/libshm-fi.so</arg>
	</msg>
	<msg id='50' display='false' source='trc'>
		<type>UNLOAD_MODULE</type>
		<severity>INFO</severity>
		<timestamp>Wed Jul  2 16:59:19 2025</timestamp>
		<arg name='module'>/VM/stud/S5843444/mandelbrot/mpi/mpi_mandelbrot_parametric</arg>
	</msg>
	<msg id='51' display='false' source='trc'>
		<type>UNLOAD_MODULE</type>
		<severity>INFO</severity>
		<timestamp>Wed Jul  2 16:59:19 2025</timestamp>
		<arg name='module'>/lib64/ld-linux-x86-64.so.2</arg>
	</msg>
	<msg id='52' display='false' source='trc'>
		<type>UNLOAD_MODULE</type>
		<severity>INFO</severity>
		<timestamp>Wed Jul  2 16:59:19 2025</timestamp>
		<arg name='module'>[vdso]</arg>
	</msg>
	<msg id='53' display='false' source='trc'>
		<type>UNLOAD_MODULE</type>
		<severity>INFO</severity>
		<timestamp>Wed Jul  2 16:59:19 2025</timestamp>
		<arg name='module'>/opt/intel/oneapi/mpi/2021.10.0//lib/libmpicxx.so.12</arg>
	</msg>
	<msg id='54' display='false' source='trc'>
		<type>UNLOAD_MODULE</type>
		<severity>INFO</severity>
		<timestamp>Wed Jul  2 16:59:19 2025</timestamp>
		<arg name='module'>/opt/intel/oneapi/mpi/2021.10.0//lib/libmpifort.so.12</arg>
	</msg>
	<msg id='55' display='false' source='trc'>
		<type>UNLOAD_MODULE</type>
		<severity>INFO</severity>
		<timestamp>Wed Jul  2 16:59:19 2025</timestamp>
		<arg name='module'>/opt/intel/oneapi/mpi/2021.10.0//lib/release/libmpi.so.12</arg>
	</msg>
	<msg id='56' display='false' source='trc'>
		<type>UNLOAD_MODULE</type>
		<severity>INFO</severity>
		<timestamp>Wed Jul  2 16:59:19 2025</timestamp>
		<arg name='module'>/lib/x86_64-linux-gnu/libstdc++.so.6</arg>
	</msg>
	<msg id='57' display='false' source='trc'>
		<type>UNLOAD_MODULE</type>
		<severity>INFO</severity>
		<timestamp>Wed Jul  2 16:59:19 2025</timestamp>
		<arg name='module'>/lib/x86_64-linux-gnu/libm.so.6</arg>
	</msg>
	<msg id='58' display='false' source='trc'>
		<type>UNLOAD_MODULE</type>
		<severity>INFO</severity>
		<timestamp>Wed Jul  2 16:59:19 2025</timestamp>
		<arg name='module'>/lib/x86_64-linux-gnu/libgcc_s.so.1</arg>
	</msg>
	<msg id='59' display='false' source='trc'>
		<type>UNLOAD_MODULE</type>
		<severity>INFO</severity>
		<timestamp>Wed Jul  2 16:59:19 2025</timestamp>
		<arg name='module'>/lib/x86_64-linux-gnu/libc.so.6</arg>
	</msg>
	<msg id='60' display='false' source='trc'>
		<type>UNLOAD_MODULE</type>
		<severity>INFO</severity>
		<timestamp>Wed Jul  2 16:59:19 2025</timestamp>
		<arg name='module'>/lib/x86_64-linux-gnu/librt.so.1</arg>
	</msg>
	<msg id='61' display='false' source='trc'>
		<type>UNLOAD_MODULE</type>
		<severity>INFO</severity>
		<timestamp>Wed Jul  2 16:59:19 2025</timestamp>
		<arg name='module'>/lib/x86_64-linux-gnu/libdl.so.2</arg>
	</msg>
	<msg id='62' display='false' source='trc'>
		<type>UNLOAD_MODULE</type>
		<severity>INFO</severity>
		<timestamp>Wed Jul  2 16:59:19 2025</timestamp>
		<arg name='module'>/lib/x86_64-linux-gnu/libnuma.so</arg>
	</msg>
	<msg id='63' display='false' source='trc'>
		<type>UNLOAD_MODULE</type>
		<severity>INFO</severity>
		<timestamp>Wed Jul  2 16:59:19 2025</timestamp>
		<arg name='module'>/opt/intel/oneapi/mpi/2021.10.0//libfabric/lib/libfabric.so.1</arg>
	</msg>
	<msg id='64' display='false' source='trc'>
		<type>UNLOAD_MODULE</type>
		<severity>INFO</severity>
		<timestamp>Wed Jul  2 16:59:19 2025</timestamp>
		<arg name='module'>/lib/x86_64-linux-gnu/libpthread.so.0</arg>
	</msg>
	<msg id='65' display='false' source='trc'>
		<type>UNLOAD_MODULE</type>
		<severity>INFO</severity>
		<timestamp>Wed Jul  2 16:59:19 2025</timestamp>
		<arg name='module'>/lib/x86_64-linux-gnu/libucp.so.0</arg>
	</msg>
	<msg id='66' display='false' source='trc'>
		<type>UNLOAD_MODULE</type>
		<severity>INFO</severity>
		<timestamp>Wed Jul  2 16:59:19 2025</timestamp>
		<arg name='module'>/lib/x86_64-linux-gnu/libucs.so.0</arg>
	</msg>
	<msg id='67' display='false' source='trc'>
		<type>UNLOAD_MODULE</type>
		<severity>INFO</severity>
		<timestamp>Wed Jul  2 16:59:19 2025</timestamp>
		<arg name='module'>/lib/x86_64-linux-gnu/libuct.so.0</arg>
	</msg>
	<msg id='68' display='false' source='trc'>
		<type>UNLOAD_MODULE</type>
		<severity>INFO</severity>
		<timestamp>Wed Jul  2 16:59:19 2025</timestamp>
		<arg name='module'>/lib/x86_64-linux-gnu/libucm.so.0</arg>
	</msg>
	<msg id='69' display='false' source='trc'>
		<type>PROCESS_FINISH</type>
		<severity>INFO</severity>
		<timestamp>Wed Jul  2 16:59:19 2025</timestamp>
		<arg name='process'>/VM/stud/S5843444/mandelbrot/mpi/mpi_mandelbrot_parametric</arg>
		<arg name='pid'>297373</arg>
		<arg name='exitcode'>0x0</arg>
	</msg>
	<!-- Application exited with code 0 -->
</log>