8 [139750460357696] INFO perfrun.launcher <> - Launcher main begin
9 [139750460357696] INFO perfrun.launcher <> - MessageCatalogInit finished
9 [139750460357696] INFO perfrun.launcher <> - Launcher instance created
9 [139750460357696] INFO perfrun.launcher <> - argc = 6; cmdline = /opt/intel/oneapi/advisor/2023.2.0/bin64/advixe-runss -dump-vdso -r /VM/stud/S5843444/mandelbrot/advisor_results/openmp_demo/static_t8/e000/hs000 --tmp-dir /tmp/advixe-tmp-S5843444 
32 [139750460357696] INFO perfrun.launcher <> - create msngr2::ICliToolContext
32 [139750460357696] INFO perfrun.launcher <> - create file finder object
33 [139750308570816] INFO perfrun.launcher <> - plugin [remoteplug] was disabled because it doesn't support the given collection type.
33 [139750308570816] INFO perfrun.launcher <> - plugin [system] was disabled because it doesn't support the given collection type.
33 [139750308570816] INFO perfrun.vdso <> - dumping [vdso] pseudomodule
36 [139750308570816] INFO perfrun.launcher <> - plugin [itt] was disabled because it doesn't support the given collection type.
36 [139750308570816] INFO perfrun.launcher <> - plugin [] was disabled because it doesn't support the given collection type.
36 [139750308570816] INFO perfrun.launcher <> - plugin [gpu] was disabled because it doesn't support the given collection type.
36 [139750308570816] INFO perfrun.launcher <> - plugin [] was disabled because it doesn't support the given collection type.
36 [139750308570816] INFO perfrun.launcher <> - plugin [] was disabled because it doesn't support the given collection type.
36 [139750308570816] INFO perfrun.launcher <> - plugin [] was disabled because it doesn't support the given collection type.
36 [139750308570816] INFO perfrun.launcher <> - plugin [mrte] was disabled because it doesn't support the given collection type.
36 [139750308570816] INFO perfrun.launcher <> - plugin [] was disabled because it doesn't support the given collection type.
36 [139750308570816] INFO perfrun.launcher <> - plugin [] was disabled because it doesn't support the given collection type.
36 [139750308570816] INFO perfrun.launcher <> - plugin [] was disabled because it doesn't support the given collection type.
36 [139750308570816] INFO perfrun.launcher <> - plugin [] was disabled because it doesn't support the given collection type.
36 [139750308570816] INFO perfrun.launcher <> - plugin [] was disabled because it doesn't support the given collection type.
36 [139750308570816] INFO perfrun.launcher <> - plugin [] was disabled because it doesn't support the given collection type.
36 [139750308570816] INFO perfrun.launcher <> - plugin [] was disabled because it doesn't support the given collection type.
36 [139750308570816] INFO perfrun.launcher <> - plugin [tpss] was disabled because it doesn't support the given collection type.
36 [139750308570816] INFO perfrun.launcher <> - plugin [] was disabled because it doesn't support the given collection type.
36 [139750308570816] INFO perfrun.launcher <> - plugin [] was disabled because it doesn't support the given collection type.
36 [139750308570816] INFO perfrun.launcher <> - plugin [] was disabled because it doesn't support the given collection type.
36 [139750308570816] INFO perfrun.launcher <> - plugin [] was disabled because it doesn't support the given collection type.
36 [139750308570816] INFO perfrun.launcher <> - plugin [] was disabled because it doesn't support the given collection type.
36 [139750308570816] INFO perfrun.launcher <> - plugin [] was disabled because it doesn't support the given collection type.
36 [139750308570816] INFO perfrun.launcher <> - plugin [] was disabled because it doesn't support the given collection type.
36 [139750308570816] INFO perfrun.launcher <> - plugin [] was disabled because it doesn't support the given collection type.
36 [139750308570816] INFO perfrun.launcher <> - plugin [] was disabled because it doesn't support the given collection type.
36 [139750460357696] INFO perfrun.launcher <> - Application exit code: 0
36 [139750460357696] INFO perfrun.launcher <> - Exit code: 0
