<?xml version="1.0" encoding="utf-8"?>
<log version="1.0" tool="runtool">

<msg id="1" tool="runtool">
  <type>log-start</type>
  <arg>2025/07/02 16:14:25</arg>
</msg>
<msg id="2" tool="runtool">
  <type>bandwidth-measurement-starts</type>
</msg>
<msg id="3" tool="runtool">
  <type>bandwidth-measurement-done</type>
</msg>
<msg id="4" tool="runtool">
  <type>collector-starts</type>
</msg>
<msg id="5" tool="runtool">
  <type>marker-file</type>
  <arg>/VM/stud/S5843444/mandelbrot/advisor_results/openmp_demo/static_t8/e000/trc000/trc000.advixe</arg>
</msg>
<msg id="6" tool="trc">
  <type>PROCESS_START</type>
  <arg>/VM/stud/S5843444/mandelbrot/openmp/mandelbrot_static_parametric</arg>
  <arg>280715</arg>
  <severity>INFO</severity>
  <timestamp>Wed Jul  2 16:14:36 2025</timestamp>
</msg>
<msg id="7" tool="trc">
  <type>PROCESS_ANALYSIS_MODE</type>
  <arg>full</arg>
  <severity>INFO</severity>
  <timestamp>Wed Jul  2 16:14:36 2025</timestamp>
</msg>
<msg id="8" tool="trc">
  <type>LOAD_MODULE</type>
  <arg>/VM/stud/S5843444/mandelbrot/openmp/mandelbrot_static_parametric</arg>
  <arg>0x400000</arg>
  <arg>0x40c4cf</arg>
  <arg>yes</arg>
  <severity>INFO</severity>
  <timestamp>Wed Jul  2 16:14:36 2025</timestamp>
</msg>
<msg id="9" tool="trc">
  <type>LOAD_MODULE</type>
  <arg>/lib64/ld-linux-x86-64.so.2</arg>
  <arg>0x7fcfe5fd3000</arg>
  <arg>0x7fcfe60072d7</arg>
  <arg>no</arg>
  <severity>INFO</severity>
  <timestamp>Wed Jul  2 16:14:36 2025</timestamp>
</msg>
<msg id="10" tool="trc">
  <type>LOAD_MODULE</type>
  <arg>[vdso]</arg>
  <arg>0x7ffda7da0000</arg>
  <arg>0x7ffda7da0d7b</arg>
  <arg>no</arg>
  <severity>INFO</severity>
  <timestamp>Wed Jul  2 16:14:36 2025</timestamp>
</msg>
<msg id="11" tool="trc">
  <type>LOAD_MODULE</type>
  <arg>/lib/x86_64-linux-gnu/libstdc++.so.6</arg>
  <arg>0x7fcfd0a00000</arg>
  <arg>0x7fcfd0c1987f</arg>
  <arg>no</arg>
  <severity>INFO</severity>
  <timestamp>Wed Jul  2 16:14:36 2025</timestamp>
</msg>
<msg id="12" tool="trc">
  <type>LOAD_MODULE</type>
  <arg>/lib/x86_64-linux-gnu/libm.so.6</arg>
  <arg>0x7fcfd0920000</arg>
  <arg>0x7fcfd09ff10f</arg>
  <arg>no</arg>
  <severity>INFO</severity>
  <timestamp>Wed Jul  2 16:14:36 2025</timestamp>
</msg>
<msg id="13" tool="trc">
  <type>LOAD_MODULE</type>
  <arg>/opt/intel/oneapi/compiler/2023.2.1/linux/compiler/lib/intel64_lin/libiomp5.so</arg>
  <arg>0x7fcfd0400000</arg>
  <arg>0x7fcfd084114f</arg>
  <arg>yes</arg>
  <severity>INFO</severity>
  <timestamp>Wed Jul  2 16:14:36 2025</timestamp>
</msg>
<msg id="14" tool="trc">
  <type>LOAD_MODULE</type>
  <arg>/lib/x86_64-linux-gnu/libgcc_s.so.1</arg>
  <arg>0x7fcfd08df000</arg>
  <arg>0x7fcfd08fe2c7</arg>
  <arg>no</arg>
  <severity>INFO</severity>
  <timestamp>Wed Jul  2 16:14:36 2025</timestamp>
</msg>
<msg id="15" tool="trc">
  <type>LOAD_MODULE</type>
  <arg>/lib/x86_64-linux-gnu/libc.so.6</arg>
  <arg>0x7fcfd021f000</arg>
  <arg>0x7fcfd03fff4f</arg>
  <arg>no</arg>
  <severity>INFO</severity>
  <timestamp>Wed Jul  2 16:14:36 2025</timestamp>
</msg>
<msg id="16" tool="trc">
  <type>LOAD_MODULE</type>
  <arg>/lib/x86_64-linux-gnu/librt.so.1</arg>
  <arg>0x7fcfd08a4000</arg>
  <arg>0x7fcfd08a801f</arg>
  <arg>no</arg>
  <severity>INFO</severity>
  <timestamp>Wed Jul  2 16:14:36 2025</timestamp>
</msg>
<msg id="17" tool="trc">
  <type>LOAD_MODULE</type>
  <arg>/lib/x86_64-linux-gnu/libpthread.so.0</arg>
  <arg>0x7fcfd089a000</arg>
  <arg>0x7fcfd089e00f</arg>
  <arg>no</arg>
  <severity>INFO</severity>
  <timestamp>Wed Jul  2 16:14:36 2025</timestamp>
</msg>
<msg id="18" tool="trc">
  <type>LOAD_MODULE</type>
  <arg>/lib/x86_64-linux-gnu/libdl.so.2</arg>
  <arg>0x7fcfd0895000</arg>
  <arg>0x7fcfd089900f</arg>
  <arg>no</arg>
  <severity>INFO</severity>
  <timestamp>Wed Jul  2 16:14:36 2025</timestamp>
</msg>
<msg id="19" tool="trc">
  <type>LOAD_MODULE</type>
  <arg>/opt/intel/oneapi/advisor/2023.2.0/lib64/runtime/libittnotify.so</arg>
  <arg>0x7fcfcba00000</arg>
  <arg>0x7fcfcbc0c65f</arg>
  <arg>no</arg>
  <severity>INFO</severity>
  <timestamp>Wed Jul  2 16:14:36 2025</timestamp>
</msg>
<msg id="20" tool="trc">
  <type>LOAD_MODULE</type>
  <arg>/opt/intel/oneapi/advisor/2023.2.0/lib64/libpinjitprofiling.so</arg>
  <arg>0x7fcfcb74a000</arg>
  <arg>0x7fcfcb74e017</arg>
  <arg>yes</arg>
  <severity>INFO</severity>
  <timestamp>Wed Jul  2 16:14:37 2025</timestamp>
</msg>
<msg id="21" tool="trc">
  <type>UNLOAD_MODULE</type>
  <arg>/VM/stud/S5843444/mandelbrot/openmp/mandelbrot_static_parametric</arg>
  <severity>INFO</severity>
  <timestamp>Wed Jul  2 16:14:44 2025</timestamp>
</msg>
<msg id="22" tool="trc">
  <type>UNLOAD_MODULE</type>
  <arg>/lib64/ld-linux-x86-64.so.2</arg>
  <severity>INFO</severity>
  <timestamp>Wed Jul  2 16:14:44 2025</timestamp>
</msg>
<msg id="23" tool="trc">
  <type>UNLOAD_MODULE</type>
  <arg>[vdso]</arg>
  <severity>INFO</severity>
  <timestamp>Wed Jul  2 16:14:44 2025</timestamp>
</msg>
<msg id="24" tool="trc">
  <type>UNLOAD_MODULE</type>
  <arg>/lib/x86_64-linux-gnu/libstdc++.so.6</arg>
  <severity>INFO</severity>
  <timestamp>Wed Jul  2 16:14:44 2025</timestamp>
</msg>
<msg id="25" tool="trc">
  <type>UNLOAD_MODULE</type>
  <arg>/lib/x86_64-linux-gnu/libm.so.6</arg>
  <severity>INFO</severity>
  <timestamp>Wed Jul  2 16:14:44 2025</timestamp>
</msg>
<msg id="26" tool="trc">
  <type>UNLOAD_MODULE</type>
  <arg>/opt/intel/oneapi/compiler/2023.2.1/linux/compiler/lib/intel64_lin/libiomp5.so</arg>
  <severity>INFO</severity>
  <timestamp>Wed Jul  2 16:14:44 2025</timestamp>
</msg>
<msg id="27" tool="trc">
  <type>UNLOAD_MODULE</type>
  <arg>/lib/x86_64-linux-gnu/libgcc_s.so.1</arg>
  <severity>INFO</severity>
  <timestamp>Wed Jul  2 16:14:44 2025</timestamp>
</msg>
<msg id="28" tool="trc">
  <type>UNLOAD_MODULE</type>
  <arg>/lib/x86_64-linux-gnu/libc.so.6</arg>
  <severity>INFO</severity>
  <timestamp>Wed Jul  2 16:14:44 2025</timestamp>
</msg>
<msg id="29" tool="trc">
  <type>UNLOAD_MODULE</type>
  <arg>/lib/x86_64-linux-gnu/librt.so.1</arg>
  <severity>INFO</severity>
  <timestamp>Wed Jul  2 16:14:44 2025</timestamp>
</msg>
<msg id="30" tool="trc">
  <type>UNLOAD_MODULE</type>
  <arg>/lib/x86_64-linux-gnu/libpthread.so.0</arg>
  <severity>INFO</severity>
  <timestamp>Wed Jul  2 16:14:44 2025</timestamp>
</msg>
<msg id="31" tool="trc">
  <type>UNLOAD_MODULE</type>
  <arg>/lib/x86_64-linux-gnu/libdl.so.2</arg>
  <severity>INFO</severity>
  <timestamp>Wed Jul  2 16:14:44 2025</timestamp>
</msg>
<msg id="32" tool="trc">
  <type>UNLOAD_MODULE</type>
  <arg>/opt/intel/oneapi/advisor/2023.2.0/lib64/runtime/libittnotify.so</arg>
  <severity>INFO</severity>
  <timestamp>Wed Jul  2 16:14:44 2025</timestamp>
</msg>
<msg id="33" tool="trc">
  <type>UNLOAD_MODULE</type>
  <arg>/opt/intel/oneapi/advisor/2023.2.0/lib64/libpinjitprofiling.so</arg>
  <severity>INFO</severity>
  <timestamp>Wed Jul  2 16:14:44 2025</timestamp>
</msg>
<msg id="34" tool="trc">
  <type>UNLOAD_MODULE</type>
  <arg>DynamicCodeBin</arg>
  <severity>INFO</severity>
  <timestamp>Wed Jul  2 16:14:44 2025</timestamp>
</msg>
<msg id="35" tool="trc">
  <type>PROCESS_FINISH</type>
  <arg>/VM/stud/S5843444/mandelbrot/openmp/mandelbrot_static_parametric</arg>
  <arg>280715</arg>
  <arg>0x0</arg>
  <severity>INFO</severity>
  <timestamp>Wed Jul  2 16:14:44 2025</timestamp>
</msg>
<msg id="36" tool="runtool">
  <type>app-exit-code</type>
  <arg>0</arg>
</msg>
<msg id="37" tool="runtool">
  <type>marker-file</type>
  <arg>/VM/stud/S5843444/mandelbrot/advisor_results/openmp_demo/static_t8/e000/trc000/trc000.advixe</arg>
</msg>
<msg id="38" tool="runtool">
  <type>collector-done</type>
</msg>
<msg id="39" tool="runtool">
  <type>log-end</type>
  <arg>2025/07/02 16:14:48</arg>
</msg>

</log>

