<?xml version="1.0" encoding="utf-8"?>
<log version="1.0" tool="runtool">

<msg id="1" tool="runtool">
  <type>log-start</type>
  <arg>2025/07/02 16:00:02</arg>
</msg>
<msg id="2" tool="runtool">
  <type>bandwidth-measurement-starts</type>
</msg>
<msg id="3" tool="runtool">
  <type>bandwidth-measurement-done</type>
</msg>
<msg id="4" tool="runtool">
  <type>collector-starts</type>
</msg>
<msg id="5" tool="runtool">
  <type>marker-file</type>
  <arg>/VM/stud/S5843444/mandelbrot/advisor_results/sequential/e000/trc000/trc000.advixe</arg>
</msg>
<msg id="6" tool="trc">
  <type>PROCESS_START</type>
  <arg>/VM/stud/S5843444/mandelbrot/sequential/mandelbrot_advisor</arg>
  <arg>275255</arg>
  <severity>INFO</severity>
  <timestamp>Wed Jul  2 16:00:13 2025</timestamp>
</msg>
<msg id="7" tool="trc">
  <type>PROCESS_ANALYSIS_MODE</type>
  <arg>full</arg>
  <severity>INFO</severity>
  <timestamp>Wed Jul  2 16:00:13 2025</timestamp>
</msg>
<msg id="8" tool="trc">
  <type>LOAD_MODULE</type>
  <arg>/VM/stud/S5843444/mandelbrot/sequential/mandelbrot_advisor</arg>
  <arg>0x400000</arg>
  <arg>0x40b10f</arg>
  <arg>yes</arg>
  <severity>INFO</severity>
  <timestamp>Wed Jul  2 16:00:13 2025</timestamp>
</msg>
<msg id="9" tool="trc">
  <type>LOAD_MODULE</type>
  <arg>/lib64/ld-linux-x86-64.so.2</arg>
  <arg>0x7f3728835000</arg>
  <arg>0x7f37288692d7</arg>
  <arg>no</arg>
  <severity>INFO</severity>
  <timestamp>Wed Jul  2 16:00:13 2025</timestamp>
</msg>
<msg id="10" tool="trc">
  <type>LOAD_MODULE</type>
  <arg>[vdso]</arg>
  <arg>0x7fffd55a2000</arg>
  <arg>0x7fffd55a2d7b</arg>
  <arg>no</arg>
  <severity>INFO</severity>
  <timestamp>Wed Jul  2 16:00:13 2025</timestamp>
</msg>
<msg id="11" tool="trc">
  <type>LOAD_MODULE</type>
  <arg>/lib/x86_64-linux-gnu/libstdc++.so.6</arg>
  <arg>0x7f3713200000</arg>
  <arg>0x7f371341987f</arg>
  <arg>no</arg>
  <severity>INFO</severity>
  <timestamp>Wed Jul  2 16:00:13 2025</timestamp>
</msg>
<msg id="12" tool="trc">
  <type>LOAD_MODULE</type>
  <arg>/lib/x86_64-linux-gnu/libm.so.6</arg>
  <arg>0x7f3713432000</arg>
  <arg>0x7f371351110f</arg>
  <arg>no</arg>
  <severity>INFO</severity>
  <timestamp>Wed Jul  2 16:00:13 2025</timestamp>
</msg>
<msg id="13" tool="trc">
  <type>LOAD_MODULE</type>
  <arg>/lib/x86_64-linux-gnu/libgcc_s.so.1</arg>
  <arg>0x7f37131bf000</arg>
  <arg>0x7f37131de2c7</arg>
  <arg>no</arg>
  <severity>INFO</severity>
  <timestamp>Wed Jul  2 16:00:13 2025</timestamp>
</msg>
<msg id="14" tool="trc">
  <type>LOAD_MODULE</type>
  <arg>/lib/x86_64-linux-gnu/libc.so.6</arg>
  <arg>0x7f3712f71000</arg>
  <arg>0x7f3713151f4f</arg>
  <arg>no</arg>
  <severity>INFO</severity>
  <timestamp>Wed Jul  2 16:00:13 2025</timestamp>
</msg>
<msg id="15" tool="trc">
  <type>UNLOAD_MODULE</type>
  <arg>/VM/stud/S5843444/mandelbrot/sequential/mandelbrot_advisor</arg>
  <severity>INFO</severity>
  <timestamp>Wed Jul  2 16:00:39 2025</timestamp>
</msg>
<msg id="16" tool="trc">
  <type>UNLOAD_MODULE</type>
  <arg>/lib64/ld-linux-x86-64.so.2</arg>
  <severity>INFO</severity>
  <timestamp>Wed Jul  2 16:00:39 2025</timestamp>
</msg>
<msg id="17" tool="trc">
  <type>UNLOAD_MODULE</type>
  <arg>[vdso]</arg>
  <severity>INFO</severity>
  <timestamp>Wed Jul  2 16:00:39 2025</timestamp>
</msg>
<msg id="18" tool="trc">
  <type>UNLOAD_MODULE</type>
  <arg>/lib/x86_64-linux-gnu/libstdc++.so.6</arg>
  <severity>INFO</severity>
  <timestamp>Wed Jul  2 16:00:39 2025</timestamp>
</msg>
<msg id="19" tool="trc">
  <type>UNLOAD_MODULE</type>
  <arg>/lib/x86_64-linux-gnu/libm.so.6</arg>
  <severity>INFO</severity>
  <timestamp>Wed Jul  2 16:00:39 2025</timestamp>
</msg>
<msg id="20" tool="trc">
  <type>UNLOAD_MODULE</type>
  <arg>/lib/x86_64-linux-gnu/libgcc_s.so.1</arg>
  <severity>INFO</severity>
  <timestamp>Wed Jul  2 16:00:39 2025</timestamp>
</msg>
<msg id="21" tool="trc">
  <type>UNLOAD_MODULE</type>
  <arg>/lib/x86_64-linux-gnu/libc.so.6</arg>
  <severity>INFO</severity>
  <timestamp>Wed Jul  2 16:00:39 2025</timestamp>
</msg>
<msg id="22" tool="trc">
  <type>PROCESS_FINISH</type>
  <arg>/VM/stud/S5843444/mandelbrot/sequential/mandelbrot_advisor</arg>
  <arg>275255</arg>
  <arg>0x0</arg>
  <severity>INFO</severity>
  <timestamp>Wed Jul  2 16:00:39 2025</timestamp>
</msg>
<msg id="23" tool="runtool">
  <type>app-exit-code</type>
  <arg>0</arg>
</msg>
<msg id="24" tool="runtool">
  <type>marker-file</type>
  <arg>/VM/stud/S5843444/mandelbrot/advisor_results/sequential/e000/trc000/trc000.advixe</arg>
</msg>
<msg id="25" tool="runtool">
  <type>collector-done</type>
</msg>
<msg id="26" tool="runtool">
  <type>log-end</type>
  <arg>2025/07/02 16:00:43</arg>
</msg>

</log>

