
298210 : 0xfa4cd079367 : 1 : spill_jit_data :  Jit agent is not initialized
298158 : 0xfa4cd0803ce : 2 : ittapi_config_mask_get :  --itt-config mask to be applied: 183
298158 : 0xfa4cd0831c1 : 2 : ittapi_config_apply_per_lib :  ITTAPI function instrumented: __itt_domain_create
298158 : 0xfa4cd08469a : 2 : ittapi_config_apply_per_lib :  ITTAPI function instrumented: __itt_module_load_with_sections
298158 : 0xfa4cd085b5c : 2 : ittapi_config_apply_per_lib :  ITTAPI function not implemented: __itt_module_unload_with_sections
298158 : 0xfa4cd086540 : 2 : ittapi_config_apply_per_lib :  ITTAPI function instrumented: __itt_string_handle_create
298158 : 0xfa4cd086aa9 : 2 : ittapi_config_apply_per_lib :  ITTAPI function instrumented: __itt_counter_create
298158 : 0xfa4cd087137 : 2 : ittapi_config_apply_per_lib :  ITTAPI function instrumented: __itt_counter_create_typed
298158 : 0xfa4cd08787e : 2 : ittapi_config_apply_per_lib :  ITTAPI function instrumented: __itt_pause
298158 : 0xfa4cd087ed5 : 2 : ittapi_config_apply_per_lib :  ITTAPI function instrumented: __itt_resume
298158 : 0xfa4cd09191b : 2 : ittapi_config_apply_per_lib :  ITTAPI function instrumented: __itt_thread_set_name
298158 : 0xfa4cd0920d9 : 2 : ittapi_config_apply_per_lib :  ITTAPI function instrumented: __itt_thread_ignore
298158 : 0xfa4cd0928e0 : 2 : ittapi_config_apply_per_lib :  ITTAPI function instrumented: __itt_thr_name_set
298158 : 0xfa4cd093016 : 2 : ittapi_config_apply_per_lib :  ITTAPI function instrumented: __itt_thr_ignore
298158 : 0xfa4cd0936d7 : 2 : ittapi_config_apply_per_lib :  ITTAPI function instrumented: __itt_histogram_create
298158 : 0xfa4cd094143 : 2 : ittapi_config_apply_per_lib :  ITTAPI function not implemented: __itt_enable_attach
298158 : 0xfa4cd0948f9 : 2 : ittapi_config_apply_per_lib :  ITTAPI function instrumented: __itt_detach
298158 : 0xfa4cd094f1c : 2 : ittapi_config_apply_per_lib :  ITTAPI function NOT instrumented (not matched by --itt-config option): __itt_sync_create

298158 : 0xfa4cd095571 : 2 : ittapi_config_apply_per_lib :  ITTAPI function NOT instrumented (not matched by --itt-config option): __itt_sync_rename

298158 : 0xfa4cd0959f9 : 2 : ittapi_config_apply_per_lib :  ITTAPI function NOT instrumented (not matched by --itt-config option): __itt_sync_destroy

298158 : 0xfa4cd0987ce : 2 : ittapi_config_apply_per_lib :  ITTAPI function NOT instrumented (not matched by --itt-config option): __itt_sync_prepare

298158 : 0xfa4cd098d07 : 2 : ittapi_config_apply_per_lib :  ITTAPI function NOT instrumented (not matched by --itt-config option): __itt_sync_cancel

298158 : 0xfa4cd0991a3 : 2 : ittapi_config_apply_per_lib :  ITTAPI function NOT instrumented (not matched by --itt-config option): __itt_sync_acquired

298158 : 0xfa4cd0996f3 : 2 : ittapi_config_apply_per_lib :  ITTAPI function NOT instrumented (not matched by --itt-config option): __itt_sync_releasing

298158 : 0xfa4cd09a116 : 2 : ittapi_config_apply_per_lib :  ITTAPI function not implemented: __itt_suppress_push
298158 : 0xfa4cd09ab9f : 2 : ittapi_config_apply_per_lib :  ITTAPI function not implemented: __itt_suppress_pop
298158 : 0xfa4cd09b3ae : 2 : ittapi_config_apply_per_lib :  ITTAPI function not implemented: __itt_suppress_mark_range
298158 : 0xfa4cd09bb8a : 2 : ittapi_config_apply_per_lib :  ITTAPI function not implemented: __itt_suppress_clear_range
298158 : 0xfa4cd09c01a : 2 : ittapi_config_apply_per_lib :  ITTAPI function NOT instrumented (not matched by --itt-config option): __itt_sync_prepare

298158 : 0xfa4cd09c44d : 2 : ittapi_config_apply_per_lib :  ITTAPI function NOT instrumented (not matched by --itt-config option): __itt_sync_cancel

298158 : 0xfa4cd09ec8b : 2 : ittapi_config_apply_per_lib :  ITTAPI function NOT instrumented (not matched by --itt-config option): __itt_sync_acquired

298158 : 0xfa4cd09f0d6 : 2 : ittapi_config_apply_per_lib :  ITTAPI function NOT instrumented (not matched by --itt-config option): __itt_sync_releasing

298158 : 0xfa4cd09f82f : 2 : ittapi_config_apply_per_lib :  ITTAPI function instrumented: __itt_model_site_begin
298158 : 0xfa4cd09feec : 2 : ittapi_config_apply_per_lib :  ITTAPI function instrumented: __itt_model_site_end
298158 : 0xfa4cd0a0642 : 2 : ittapi_config_apply_per_lib :  ITTAPI function instrumented: __itt_model_task_begin
298158 : 0xfa4cd0a0c0e : 2 : ittapi_config_apply_per_lib :  ITTAPI function instrumented: __itt_model_task_end
298158 : 0xfa4cd0a125e : 2 : ittapi_config_apply_per_lib :  ITTAPI function instrumented: __itt_model_lock_acquire
298158 : 0xfa4cd0a1976 : 2 : ittapi_config_apply_per_lib :  ITTAPI function instrumented: __itt_model_lock_release
298158 : 0xfa4cd0a2085 : 2 : ittapi_config_apply_per_lib :  ITTAPI function not implemented: __itt_model_record_allocation
298158 : 0xfa4cd0a27f2 : 2 : ittapi_config_apply_per_lib :  ITTAPI function not implemented: __itt_model_record_deallocation
298158 : 0xfa4cd0a7c5d : 2 : ittapi_config_apply_per_lib :  ITTAPI function not implemented: __itt_model_induction_uses
298158 : 0xfa4cd0a84dd : 2 : ittapi_config_apply_per_lib :  ITTAPI function not implemented: __itt_model_reduction_uses
298158 : 0xfa4cd0a8c25 : 2 : ittapi_config_apply_per_lib :  ITTAPI function not implemented: __itt_model_observe_uses
298158 : 0xfa4cd0a9487 : 2 : ittapi_config_apply_per_lib :  ITTAPI function not implemented: __itt_model_clear_uses
298158 : 0xfa4cd0a9b6d : 2 : ittapi_config_apply_per_lib :  ITTAPI function instrumented: __itt_model_site_beginA
298158 : 0xfa4cd0aa1fb : 2 : ittapi_config_apply_per_lib :  ITTAPI function instrumented: __itt_model_site_beginAL
298158 : 0xfa4cd0aa807 : 2 : ittapi_config_apply_per_lib :  ITTAPI function instrumented: __itt_model_task_beginA
298158 : 0xfa4cd0aae12 : 2 : ittapi_config_apply_per_lib :  ITTAPI function instrumented: __itt_model_task_beginAL
298158 : 0xfa4cd0ab47c : 2 : ittapi_config_apply_per_lib :  ITTAPI function instrumented: __itt_model_iteration_taskA
298158 : 0xfa4cd0aba21 : 2 : ittapi_config_apply_per_lib :  ITTAPI function instrumented: __itt_model_iteration_taskAL
298158 : 0xfa4cd0ae4f5 : 2 : ittapi_config_apply_per_lib :  ITTAPI function instrumented: __itt_model_site_end_2
298158 : 0xfa4cd0aebff : 2 : ittapi_config_apply_per_lib :  ITTAPI function instrumented: __itt_model_task_end_2
298158 : 0xfa4cd0af1d5 : 2 : ittapi_config_apply_per_lib :  ITTAPI function instrumented: __itt_model_lock_acquire_2
298158 : 0xfa4cd0af863 : 2 : ittapi_config_apply_per_lib :  ITTAPI function instrumented: __itt_model_lock_release_2
298158 : 0xfa4cd0afe54 : 2 : ittapi_config_apply_per_lib :  ITTAPI function instrumented: __itt_model_aggregate_task
298158 : 0xfa4cd0b0411 : 2 : ittapi_config_apply_per_lib :  ITTAPI function instrumented: __itt_model_disable_push
298158 : 0xfa4cd0b08fc : 2 : ittapi_config_apply_per_lib :  ITTAPI function instrumented: __itt_model_disable_pop
298158 : 0xfa4cd0b0edf : 2 : ittapi_config_apply_per_lib :  ITTAPI function instrumented: __itt_heap_function_create
298158 : 0xfa4cd0b14b5 : 2 : ittapi_config_apply_per_lib :  ITTAPI function instrumented: __itt_heap_allocate_begin
298158 : 0xfa4cd0b19ff : 2 : ittapi_config_apply_per_lib :  ITTAPI function instrumented: __itt_heap_allocate_end
298158 : 0xfa4cd0b4294 : 2 : ittapi_config_apply_per_lib :  ITTAPI function instrumented: __itt_heap_free_begin
298158 : 0xfa4cd0b4924 : 2 : ittapi_config_apply_per_lib :  ITTAPI function instrumented: __itt_heap_free_end
298158 : 0xfa4cd0b501e : 2 : ittapi_config_apply_per_lib :  ITTAPI function instrumented: __itt_heap_reallocate_begin
298158 : 0xfa4cd0b55ee : 2 : ittapi_config_apply_per_lib :  ITTAPI function instrumented: __itt_heap_reallocate_end
298158 : 0xfa4cd0b5dc0 : 2 : ittapi_config_apply_per_lib :  ITTAPI function not implemented: __itt_heap_internal_access_begin
298158 : 0xfa4cd0b6570 : 2 : ittapi_config_apply_per_lib :  ITTAPI function not implemented: __itt_heap_internal_access_end
298158 : 0xfa4cd0b6dc7 : 2 : ittapi_config_apply_per_lib :  ITTAPI function not implemented: __itt_heap_record_memory_growth_begin
298158 : 0xfa4cd0b7637 : 2 : ittapi_config_apply_per_lib :  ITTAPI function not implemented: __itt_heap_record_memory_growth_end
298158 : 0xfa4cd0b7d80 : 2 : ittapi_config_apply_per_lib :  ITTAPI function not implemented: __itt_heap_reset_detection
298158 : 0xfa4cd0b8655 : 2 : ittapi_config_apply_per_lib :  ITTAPI function not implemented: __itt_heap_record
298158 : 0xfa4cd0bc8b2 : 2 : ittapi_config_apply_per_lib :  ITTAPI function not implemented: __itt_id_create
298158 : 0xfa4cd0bd13e : 2 : ittapi_config_apply_per_lib :  ITTAPI function not implemented: __itt_id_destroy
298158 : 0xfa4cd0bd832 : 2 : ittapi_config_apply_per_lib :  ITTAPI function instrumented: __itt_get_timestamp
298158 : 0xfa4cd0be077 : 2 : ittapi_config_apply_per_lib :  ITTAPI function not implemented: __itt_region_begin
298158 : 0xfa4cd0be819 : 2 : ittapi_config_apply_per_lib :  ITTAPI function not implemented: __itt_region_end
298158 : 0xfa4cd0bef51 : 2 : ittapi_config_apply_per_lib :  ITTAPI function instrumented: __itt_frame_begin_v3
298158 : 0xfa4cd0bf743 : 2 : ittapi_config_apply_per_lib :  ITTAPI function instrumented: __itt_frame_end_v3
298158 : 0xfa4cd0bfe29 : 2 : ittapi_config_apply_per_lib :  ITTAPI function instrumented: __itt_frame_submit_v3
298158 : 0xfa4cd0c0581 : 2 : ittapi_config_apply_per_lib :  ITTAPI function not implemented: __itt_task_group
298158 : 0xfa4cd0c0cce : 2 : ittapi_config_apply_per_lib :  ITTAPI function instrumented: __itt_task_begin
298158 : 0xfa4cd0c3bed : 2 : ittapi_config_apply_per_lib :  ITTAPI function instrumented: __itt_task_begin_fn
298158 : 0xfa4cd0c4342 : 2 : ittapi_config_apply_per_lib :  ITTAPI function instrumented: __itt_task_end
298158 : 0xfa4cd0c4b1c : 2 : ittapi_config_apply_per_lib :  ITTAPI function not implemented: __itt_counter_inc_v3
298158 : 0xfa4cd0c538e : 2 : ittapi_config_apply_per_lib :  ITTAPI function not implemented: __itt_counter_inc_delta_v3
298158 : 0xfa4cd0c5ae3 : 2 : ittapi_config_apply_per_lib :  ITTAPI function not implemented: __itt_counter_dec_v3
298158 : 0xfa4cd0c6207 : 2 : ittapi_config_apply_per_lib :  ITTAPI function not implemented: __itt_counter_dec_delta_v3
298158 : 0xfa4cd0c6a52 : 2 : ittapi_config_apply_per_lib :  ITTAPI function not implemented: __itt_marker
298158 : 0xfa4cd0c7081 : 2 : ittapi_config_apply_per_lib :  ITTAPI function instrumented: __itt_metadata_add
298158 : 0xfa4cd0c78a6 : 2 : ittapi_config_apply_per_lib :  ITTAPI function not implemented: __itt_metadata_str_add
298158 : 0xfa4cd0c7f73 : 2 : ittapi_config_apply_per_lib :  ITTAPI function not implemented: __itt_relation_add_to_current
298158 : 0xfa4cd0caad5 : 2 : ittapi_config_apply_per_lib :  ITTAPI function not implemented: __itt_relation_add
298158 : 0xfa4cd0cb176 : 2 : ittapi_config_apply_per_lib :  ITTAPI function instrumented: __itt_event_create
298158 : 0xfa4cd0cb7ab : 2 : ittapi_config_apply_per_lib :  ITTAPI function instrumented: __itt_event_start
298158 : 0xfa4cd0cbee3 : 2 : ittapi_config_apply_per_lib :  ITTAPI function instrumented: __itt_event_end
298158 : 0xfa4cd0cc383 : 2 : ittapi_config_apply_per_lib :  ITTAPI function NOT instrumented (not matched by --itt-config option): __itt_sync_set_name

298158 : 0xfa4cd0cc848 : 2 : ittapi_config_apply_per_lib :  ITTAPI function NOT instrumented (not matched by --itt-config option): __itt_notify_sync_name

298158 : 0xfa4cd0cccd6 : 2 : ittapi_config_apply_per_lib :  ITTAPI function NOT instrumented (not matched by --itt-config option): __itt_notify_sync_prepare

298158 : 0xfa4cd0cd11d : 2 : ittapi_config_apply_per_lib :  ITTAPI function NOT instrumented (not matched by --itt-config option): __itt_notify_sync_cancel

298158 : 0xfa4cd0cd53e : 2 : ittapi_config_apply_per_lib :  ITTAPI function NOT instrumented (not matched by --itt-config option): __itt_notify_sync_acquired

298158 : 0xfa4cd0cd96d : 2 : ittapi_config_apply_per_lib :  ITTAPI function NOT instrumented (not matched by --itt-config option): __itt_notify_sync_releasing

298158 : 0xfa4cd0d0536 : 2 : ittapi_config_apply_per_lib :  ITTAPI function not implemented: __itt_memory_read
298158 : 0xfa4cd0d0dfd : 2 : ittapi_config_apply_per_lib :  ITTAPI function not implemented: __itt_memory_write
298158 : 0xfa4cd0d15fe : 2 : ittapi_config_apply_per_lib :  ITTAPI function not implemented: __itt_memory_update
298158 : 0xfa4cd0d1e92 : 2 : ittapi_config_apply_per_lib :  ITTAPI function not implemented: __itt_state_get
298158 : 0xfa4cd0d25ba : 2 : ittapi_config_apply_per_lib :  ITTAPI function not implemented: __itt_state_set
298158 : 0xfa4cd0d2d2b : 2 : ittapi_config_apply_per_lib :  ITTAPI function not implemented: __itt_obj_mode_set
298158 : 0xfa4cd0d3427 : 2 : ittapi_config_apply_per_lib :  ITTAPI function not implemented: __itt_thr_mode_set
298158 : 0xfa4cd0d3a64 : 2 : ittapi_config_apply_per_lib :  ITTAPI function instrumented: __itt_frame_create
298158 : 0xfa4cd0d3fef : 2 : ittapi_config_apply_per_lib :  ITTAPI function instrumented: __itt_pt_region_create
298158 : 0xfa4cd0d46b8 : 2 : ittapi_config_apply_per_lib :  ITTAPI function instrumented: __itt_frame_begin
298158 : 0xfa4cd0d8326 : 2 : ittapi_config_apply_per_lib :  ITTAPI function instrumented: __itt_frame_end
298158 : 0xfa4cd0d8b39 : 2 : ittapi_config_apply_per_lib :  ITTAPI function not implemented: __itt_counter_destroy
298158 : 0xfa4cd0d924b : 2 : ittapi_config_apply_per_lib :  ITTAPI function instrumented: __itt_counter_inc
298158 : 0xfa4cd0d994f : 2 : ittapi_config_apply_per_lib :  ITTAPI function instrumented: __itt_counter_inc_delta
298158 : 0xfa4cd0d9f59 : 2 : ittapi_config_apply_per_lib :  ITTAPI function instrumented: __itt_counter_dec
298158 : 0xfa4cd0da655 : 2 : ittapi_config_apply_per_lib :  ITTAPI function instrumented: __itt_counter_dec_delta
298158 : 0xfa4cd0dac4b : 2 : ittapi_config_apply_per_lib :  ITTAPI function instrumented: __itt_counter_set_value
298158 : 0xfa4cd0db3ac : 2 : ittapi_config_apply_per_lib :  ITTAPI function not implemented: __itt_counter_set_value_ex
298158 : 0xfa4cd0dbada : 2 : ittapi_config_apply_per_lib :  ITTAPI function not implemented: __itt_mark_create
298158 : 0xfa4cd0dc26c : 2 : ittapi_config_apply_per_lib :  ITTAPI function not implemented: __itt_mark
298158 : 0xfa4cd0df0a4 : 2 : ittapi_config_apply_per_lib :  ITTAPI function not implemented: __itt_mark_off
298158 : 0xfa4cd0df833 : 2 : ittapi_config_apply_per_lib :  ITTAPI function not implemented: __itt_mark_global
298158 : 0xfa4cd0dff74 : 2 : ittapi_config_apply_per_lib :  ITTAPI function not implemented: __itt_mark_global_off
298158 : 0xfa4cd0e07f2 : 2 : ittapi_config_apply_per_lib :  ITTAPI function instrumented: __itt_stack_caller_create
298158 : 0xfa4cd0e0eb3 : 2 : ittapi_config_apply_per_lib :  ITTAPI function instrumented: __itt_stack_caller_destroy
298158 : 0xfa4cd0e15b4 : 2 : ittapi_config_apply_per_lib :  ITTAPI function instrumented: __itt_stack_callee_enter
298158 : 0xfa4cd0e1b84 : 2 : ittapi_config_apply_per_lib :  ITTAPI function instrumented: __itt_stack_callee_leave
298158 : 0xfa4cd0e21f2 : 2 : ittapi_config_apply_per_lib :  ITTAPI function not implemented: __itt_clock_domain_create
298158 : 0xfa4cd0e299a : 2 : ittapi_config_apply_per_lib :  ITTAPI function not implemented: __itt_clock_domain_reset
298158 : 0xfa4cd0e312b : 2 : ittapi_config_apply_per_lib :  ITTAPI function not implemented: __itt_id_create_ex
298158 : 0xfa4cd0e5b67 : 2 : ittapi_config_apply_per_lib :  ITTAPI function not implemented: __itt_id_destroy_ex
298158 : 0xfa4cd0e6374 : 2 : ittapi_config_apply_per_lib :  ITTAPI function not implemented: __itt_task_begin_ex
298158 : 0xfa4cd0e6b24 : 2 : ittapi_config_apply_per_lib :  ITTAPI function not implemented: __itt_task_begin_fn_ex
298158 : 0xfa4cd0e7299 : 2 : ittapi_config_apply_per_lib :  ITTAPI function not implemented: __itt_task_end_ex
298158 : 0xfa4cd0e7992 : 2 : ittapi_config_apply_per_lib :  ITTAPI function instrumented: __itt_task_begin_overlapped
298158 : 0xfa4cd0e80f5 : 2 : ittapi_config_apply_per_lib :  ITTAPI function not implemented: __itt_task_begin_overlapped_ex
298158 : 0xfa4cd0e8726 : 2 : ittapi_config_apply_per_lib :  ITTAPI function instrumented: __itt_task_end_overlapped
298158 : 0xfa4cd0e8ea1 : 2 : ittapi_config_apply_per_lib :  ITTAPI function not implemented: __itt_task_end_overlapped_ex
298158 : 0xfa4cd0e95a5 : 2 : ittapi_config_apply_per_lib :  ITTAPI function not implemented: __itt_marker_ex
298158 : 0xfa4cd0e9d85 : 2 : ittapi_config_apply_per_lib :  ITTAPI function not implemented: __itt_metadata_add_with_scope
298158 : 0xfa4cd0ed9f2 : 2 : ittapi_config_apply_per_lib :  ITTAPI function not implemented: __itt_metadata_str_add_with_scope
298158 : 0xfa4cd0ee23f : 2 : ittapi_config_apply_per_lib :  ITTAPI function not implemented: __itt_relation_add_to_current_ex
298158 : 0xfa4cd0ee9c2 : 2 : ittapi_config_apply_per_lib :  ITTAPI function not implemented: __itt_relation_add_ex
298158 : 0xfa4cd0ef0f1 : 2 : ittapi_config_apply_per_lib :  ITTAPI function not implemented: __itt_track_group_create
298158 : 0xfa4cd0ef75e : 2 : ittapi_config_apply_per_lib :  ITTAPI function not implemented: __itt_track_create
298158 : 0xfa4cd0eff77 : 2 : ittapi_config_apply_per_lib :  ITTAPI function not implemented: __itt_set_track
298158 : 0xfa4cd0f0685 : 2 : ittapi_config_apply_per_lib :  ITTAPI function instrumented: __itt_api_version
298158 : 0xfa4cd0f0e2d : 2 : ittapi_config_apply_per_lib :  ITTAPI function not implemented: __itt_av_save
298158 : 0xfa4cd0f1567 : 2 : ittapi_config_apply_per_lib :  ITTAPI function instrumented: __itt_module_load
298158 : 0xfa4cd0f1d47 : 2 : ittapi_config_apply_per_lib :  ITTAPI function not implemented: __itt_module_unload
298158 : 0xfa4cd0f454f : 2 : ittapi_config_apply_per_lib :  ITTAPI function NOT instrumented (not matched by --itt-config option): __itt_histogram_submit

298158 : 0xfa4cd165650 : 2 : ittapi_config_mask_get :  --itt-config mask to be applied: 183
298158 : 0xfa4cd1661bc : 2 : ittapi_config_apply_per_lib :  ITTAPI function instrumented: __itt_domain_create
298158 : 0xfa4cd166c24 : 2 : ittapi_config_apply_per_lib :  ITTAPI function instrumented: __itt_module_load_with_sections
298158 : 0xfa4cd16753a : 2 : ittapi_config_apply_per_lib :  ITTAPI function not implemented: __itt_module_unload_with_sections
298158 : 0xfa4cd167ba4 : 2 : ittapi_config_apply_per_lib :  ITTAPI function instrumented: __itt_string_handle_create
298158 : 0xfa4cd168139 : 2 : ittapi_config_apply_per_lib :  ITTAPI function instrumented: __itt_counter_create
298158 : 0xfa4cd168796 : 2 : ittapi_config_apply_per_lib :  ITTAPI function instrumented: __itt_counter_create_typed
298158 : 0xfa4cd168e8c : 2 : ittapi_config_apply_per_lib :  ITTAPI function instrumented: __itt_pause
298158 : 0xfa4cd1694c3 : 2 : ittapi_config_apply_per_lib :  ITTAPI function instrumented: __itt_resume
298158 : 0xfa4cd16df96 : 2 : ittapi_config_apply_per_lib :  ITTAPI function instrumented: __itt_thread_set_name
298158 : 0xfa4cd16e697 : 2 : ittapi_config_apply_per_lib :  ITTAPI function instrumented: __itt_thread_ignore
298158 : 0xfa4cd16ed32 : 2 : ittapi_config_apply_per_lib :  ITTAPI function instrumented: __itt_thr_name_set
298158 : 0xfa4cd16f34f : 2 : ittapi_config_apply_per_lib :  ITTAPI function instrumented: __itt_thr_ignore
298158 : 0xfa4cd16fb3b : 2 : ittapi_config_apply_per_lib :  ITTAPI function not implemented: __itt_enable_attach
298158 : 0xfa4cd170206 : 2 : ittapi_config_apply_per_lib :  ITTAPI function instrumented: __itt_detach
298158 : 0xfa4cd170740 : 2 : ittapi_config_apply_per_lib :  ITTAPI function NOT instrumented (not matched by --itt-config option): __itt_sync_create

298158 : 0xfa4cd170c8f : 2 : ittapi_config_apply_per_lib :  ITTAPI function NOT instrumented (not matched by --itt-config option): __itt_sync_rename

298158 : 0xfa4cd1710f8 : 2 : ittapi_config_apply_per_lib :  ITTAPI function NOT instrumented (not matched by --itt-config option): __itt_sync_destroy

298158 : 0xfa4cd1715b7 : 2 : ittapi_config_apply_per_lib :  ITTAPI function NOT instrumented (not matched by --itt-config option): __itt_sync_prepare

298158 : 0xfa4cd173f69 : 2 : ittapi_config_apply_per_lib :  ITTAPI function NOT instrumented (not matched by --itt-config option): __itt_sync_cancel

298158 : 0xfa4cd1743db : 2 : ittapi_config_apply_per_lib :  ITTAPI function NOT instrumented (not matched by --itt-config option): __itt_sync_acquired

298158 : 0xfa4cd17481e : 2 : ittapi_config_apply_per_lib :  ITTAPI function NOT instrumented (not matched by --itt-config option): __itt_sync_releasing

298158 : 0xfa4cd1750fc : 2 : ittapi_config_apply_per_lib :  ITTAPI function not implemented: __itt_suppress_push
298158 : 0xfa4cd175a24 : 2 : ittapi_config_apply_per_lib :  ITTAPI function not implemented: __itt_suppress_pop
298158 : 0xfa4cd176174 : 2 : ittapi_config_apply_per_lib :  ITTAPI function not implemented: __itt_suppress_mark_range
298158 : 0xfa4cd176910 : 2 : ittapi_config_apply_per_lib :  ITTAPI function not implemented: __itt_suppress_clear_range
298158 : 0xfa4cd176d77 : 2 : ittapi_config_apply_per_lib :  ITTAPI function NOT instrumented (not matched by --itt-config option): __itt_sync_prepare

298158 : 0xfa4cd1771c9 : 2 : ittapi_config_apply_per_lib :  ITTAPI function NOT instrumented (not matched by --itt-config option): __itt_sync_cancel

298158 : 0xfa4cd1775d1 : 2 : ittapi_config_apply_per_lib :  ITTAPI function NOT instrumented (not matched by --itt-config option): __itt_sync_acquired

298158 : 0xfa4cd17b586 : 2 : ittapi_config_apply_per_lib :  ITTAPI function NOT instrumented (not matched by --itt-config option): __itt_sync_releasing

298158 : 0xfa4cd17bd78 : 2 : ittapi_config_apply_per_lib :  ITTAPI function instrumented: __itt_model_site_begin
298158 : 0xfa4cd17c445 : 2 : ittapi_config_apply_per_lib :  ITTAPI function instrumented: __itt_model_site_end
298158 : 0xfa4cd17cac7 : 2 : ittapi_config_apply_per_lib :  ITTAPI function instrumented: __itt_model_task_begin
298158 : 0xfa4cd17d061 : 2 : ittapi_config_apply_per_lib :  ITTAPI function instrumented: __itt_model_task_end
298158 : 0xfa4cd17d736 : 2 : ittapi_config_apply_per_lib :  ITTAPI function instrumented: __itt_model_lock_acquire
298158 : 0xfa4cd17de60 : 2 : ittapi_config_apply_per_lib :  ITTAPI function instrumented: __itt_model_lock_release
298158 : 0xfa4cd17e51a : 2 : ittapi_config_apply_per_lib :  ITTAPI function not implemented: __itt_model_record_allocation
298158 : 0xfa4cd17ec04 : 2 : ittapi_config_apply_per_lib :  ITTAPI function not implemented: __itt_model_record_deallocation
298158 : 0xfa4cd17f267 : 2 : ittapi_config_apply_per_lib :  ITTAPI function not implemented: __itt_model_induction_uses
298158 : 0xfa4cd181e4d : 2 : ittapi_config_apply_per_lib :  ITTAPI function not implemented: __itt_model_reduction_uses
298158 : 0xfa4cd1825c0 : 2 : ittapi_config_apply_per_lib :  ITTAPI function not implemented: __itt_model_observe_uses
298158 : 0xfa4cd182dd5 : 2 : ittapi_config_apply_per_lib :  ITTAPI function not implemented: __itt_model_clear_uses
298158 : 0xfa4cd18346d : 2 : ittapi_config_apply_per_lib :  ITTAPI function instrumented: __itt_model_site_beginA
298158 : 0xfa4cd183a90 : 2 : ittapi_config_apply_per_lib :  ITTAPI function instrumented: __itt_model_site_beginAL
298158 : 0xfa4cd1840a1 : 2 : ittapi_config_apply_per_lib :  ITTAPI function instrumented: __itt_model_task_beginA
298158 : 0xfa4cd1846a7 : 2 : ittapi_config_apply_per_lib :  ITTAPI function instrumented: __itt_model_task_beginAL
298158 : 0xfa4cd184c8e : 2 : ittapi_config_apply_per_lib :  ITTAPI function instrumented: __itt_model_iteration_taskA
298158 : 0xfa4cd1851ee : 2 : ittapi_config_apply_per_lib :  ITTAPI function instrumented: __itt_model_iteration_taskAL
298158 : 0xfa4cd185747 : 2 : ittapi_config_apply_per_lib :  ITTAPI function instrumented: __itt_model_site_end_2
298158 : 0xfa4cd1881b7 : 2 : ittapi_config_apply_per_lib :  ITTAPI function instrumented: __itt_model_task_end_2
298158 : 0xfa4cd18877d : 2 : ittapi_config_apply_per_lib :  ITTAPI function instrumented: __itt_model_lock_acquire_2
298158 : 0xfa4cd188dbd : 2 : ittapi_config_apply_per_lib :  ITTAPI function instrumented: __itt_model_lock_release_2
298158 : 0xfa4cd1893cf : 2 : ittapi_config_apply_per_lib :  ITTAPI function instrumented: __itt_model_aggregate_task
298158 : 0xfa4cd189954 : 2 : ittapi_config_apply_per_lib :  ITTAPI function instrumented: __itt_model_disable_push
298158 : 0xfa4cd189e33 : 2 : ittapi_config_apply_per_lib :  ITTAPI function instrumented: __itt_model_disable_pop
298158 : 0xfa4cd18a3cb : 2 : ittapi_config_apply_per_lib :  ITTAPI function instrumented: __itt_heap_function_create
298158 : 0xfa4cd18a984 : 2 : ittapi_config_apply_per_lib :  ITTAPI function instrumented: __itt_heap_allocate_begin
298158 : 0xfa4cd18aedd : 2 : ittapi_config_apply_per_lib :  ITTAPI function instrumented: __itt_heap_allocate_end
298158 : 0xfa4cd18b445 : 2 : ittapi_config_apply_per_lib :  ITTAPI function instrumented: __itt_heap_free_begin
298158 : 0xfa4cd18ed9a : 2 : ittapi_config_apply_per_lib :  ITTAPI function instrumented: __itt_heap_free_end
298158 : 0xfa4cd18f494 : 2 : ittapi_config_apply_per_lib :  ITTAPI function instrumented: __itt_heap_reallocate_begin
298158 : 0xfa4cd18fa09 : 2 : ittapi_config_apply_per_lib :  ITTAPI function instrumented: __itt_heap_reallocate_end
298158 : 0xfa4cd190258 : 2 : ittapi_config_apply_per_lib :  ITTAPI function not implemented: __itt_heap_internal_access_begin
298158 : 0xfa4cd1909ec : 2 : ittapi_config_apply_per_lib :  ITTAPI function not implemented: __itt_heap_internal_access_end
298158 : 0xfa4cd1911d0 : 2 : ittapi_config_apply_per_lib :  ITTAPI function not implemented: __itt_heap_record_memory_growth_begin
298158 : 0xfa4cd1919c2 : 2 : ittapi_config_apply_per_lib :  ITTAPI function not implemented: __itt_heap_record_memory_growth_end
298158 : 0xfa4cd1920cc : 2 : ittapi_config_apply_per_lib :  ITTAPI function not implemented: __itt_heap_reset_detection
298158 : 0xfa4cd19296b : 2 : ittapi_config_apply_per_lib :  ITTAPI function not implemented: __itt_heap_record
298158 : 0xfa4cd1930d6 : 2 : ittapi_config_apply_per_lib :  ITTAPI function not implemented: __itt_id_create
298158 : 0xfa4cd195dc6 : 2 : ittapi_config_apply_per_lib :  ITTAPI function not implemented: __itt_id_destroy
298158 : 0xfa4cd196499 : 2 : ittapi_config_apply_per_lib :  ITTAPI function instrumented: __itt_get_timestamp
298158 : 0xfa4cd196c2d : 2 : ittapi_config_apply_per_lib :  ITTAPI function not implemented: __itt_region_begin
298158 : 0xfa4cd197431 : 2 : ittapi_config_apply_per_lib :  ITTAPI function not implemented: __itt_region_end
298158 : 0xfa4cd197b5d : 2 : ittapi_config_apply_per_lib :  ITTAPI function instrumented: __itt_frame_begin_v3
298158 : 0xfa4cd19825d : 2 : ittapi_config_apply_per_lib :  ITTAPI function instrumented: __itt_frame_end_v3
298158 : 0xfa4cd19895d : 2 : ittapi_config_apply_per_lib :  ITTAPI function instrumented: __itt_frame_submit_v3
298158 : 0xfa4cd199062 : 2 : ittapi_config_apply_per_lib :  ITTAPI function not implemented: __itt_task_group
298158 : 0xfa4cd199795 : 2 : ittapi_config_apply_per_lib :  ITTAPI function instrumented: __itt_task_begin
298158 : 0xfa4cd199e45 : 2 : ittapi_config_apply_per_lib :  ITTAPI function instrumented: __itt_task_begin_fn
298158 : 0xfa4cd19c9a5 : 2 : ittapi_config_apply_per_lib :  ITTAPI function instrumented: __itt_task_end
298158 : 0xfa4cd19d1aa : 2 : ittapi_config_apply_per_lib :  ITTAPI function not implemented: __itt_counter_inc_v3
298158 : 0xfa4cd19d990 : 2 : ittapi_config_apply_per_lib :  ITTAPI function not implemented: __itt_counter_inc_delta_v3
298158 : 0xfa4cd19e138 : 2 : ittapi_config_apply_per_lib :  ITTAPI function not implemented: __itt_counter_dec_v3
298158 : 0xfa4cd19e8c5 : 2 : ittapi_config_apply_per_lib :  ITTAPI function not implemented: __itt_counter_dec_delta_v3
298158 : 0xfa4cd19f026 : 2 : ittapi_config_apply_per_lib :  ITTAPI function not implemented: __itt_marker
298158 : 0xfa4cd19f65d : 2 : ittapi_config_apply_per_lib :  ITTAPI function instrumented: __itt_metadata_add
298158 : 0xfa4cd19fdd4 : 2 : ittapi_config_apply_per_lib :  ITTAPI function not implemented: __itt_metadata_str_add
298158 : 0xfa4cd1a04c1 : 2 : ittapi_config_apply_per_lib :  ITTAPI function not implemented: __itt_relation_add_to_current
298158 : 0xfa4cd1a0b9a : 2 : ittapi_config_apply_per_lib :  ITTAPI function not implemented: __itt_relation_add
298158 : 0xfa4cd1a3f31 : 2 : ittapi_config_apply_per_lib :  ITTAPI function instrumented: __itt_event_create
298158 : 0xfa4cd1a461b : 2 : ittapi_config_apply_per_lib :  ITTAPI function instrumented: __itt_event_start
298158 : 0xfa4cd1a4c9f : 2 : ittapi_config_apply_per_lib :  ITTAPI function instrumented: __itt_event_end
298158 : 0xfa4cd1a5172 : 2 : ittapi_config_apply_per_lib :  ITTAPI function NOT instrumented (not matched by --itt-config option): __itt_sync_set_name

298158 : 0xfa4cd1a56e5 : 2 : ittapi_config_apply_per_lib :  ITTAPI function NOT instrumented (not matched by --itt-config option): __itt_notify_sync_name

298158 : 0xfa4cd1a5b5c : 2 : ittapi_config_apply_per_lib :  ITTAPI function NOT instrumented (not matched by --itt-config option): __itt_notify_sync_prepare

298158 : 0xfa4cd1a5fc6 : 2 : ittapi_config_apply_per_lib :  ITTAPI function NOT instrumented (not matched by --itt-config option): __itt_notify_sync_cancel

298158 : 0xfa4cd1a63ef : 2 : ittapi_config_apply_per_lib :  ITTAPI function NOT instrumented (not matched by --itt-config option): __itt_notify_sync_acquired

298158 : 0xfa4cd1a682c : 2 : ittapi_config_apply_per_lib :  ITTAPI function NOT instrumented (not matched by --itt-config option): __itt_notify_sync_releasing

298158 : 0xfa4cd1a6fb5 : 2 : ittapi_config_apply_per_lib :  ITTAPI function not implemented: __itt_memory_read
298158 : 0xfa4cd1aaddd : 2 : ittapi_config_apply_per_lib :  ITTAPI function not implemented: __itt_memory_write
298158 : 0xfa4cd1ab65b : 2 : ittapi_config_apply_per_lib :  ITTAPI function not implemented: __itt_memory_update
298158 : 0xfa4cd1abe4c : 2 : ittapi_config_apply_per_lib :  ITTAPI function not implemented: __itt_state_get
298158 : 0xfa4cd1ac502 : 2 : ittapi_config_apply_per_lib :  ITTAPI function not implemented: __itt_state_set
298158 : 0xfa4cd1acbee : 2 : ittapi_config_apply_per_lib :  ITTAPI function not implemented: __itt_obj_mode_set
298158 : 0xfa4cd1ad2db : 2 : ittapi_config_apply_per_lib :  ITTAPI function not implemented: __itt_thr_mode_set
298158 : 0xfa4cd1ad8bf : 2 : ittapi_config_apply_per_lib :  ITTAPI function instrumented: __itt_frame_create
298158 : 0xfa4cd1adee4 : 2 : ittapi_config_apply_per_lib :  ITTAPI function instrumented: __itt_pt_region_create
298158 : 0xfa4cd1ae531 : 2 : ittapi_config_apply_per_lib :  ITTAPI function instrumented: __itt_frame_begin
298158 : 0xfa4cd1aebf0 : 2 : ittapi_config_apply_per_lib :  ITTAPI function instrumented: __itt_frame_end
298158 : 0xfa4cd1b1711 : 2 : ittapi_config_apply_per_lib :  ITTAPI function not implemented: __itt_counter_destroy
298158 : 0xfa4cd1b1e17 : 2 : ittapi_config_apply_per_lib :  ITTAPI function instrumented: __itt_counter_inc
298158 : 0xfa4cd1b24b1 : 2 : ittapi_config_apply_per_lib :  ITTAPI function instrumented: __itt_counter_inc_delta
298158 : 0xfa4cd1b2aa8 : 2 : ittapi_config_apply_per_lib :  ITTAPI function instrumented: __itt_counter_dec
298158 : 0xfa4cd1b3124 : 2 : ittapi_config_apply_per_lib :  ITTAPI function instrumented: __itt_counter_dec_delta
298158 : 0xfa4cd1b3753 : 2 : ittapi_config_apply_per_lib :  ITTAPI function instrumented: __itt_counter_set_value
298158 : 0xfa4cd1b3e6d : 2 : ittapi_config_apply_per_lib :  ITTAPI function not implemented: __itt_counter_set_value_ex
298158 : 0xfa4cd1b458d : 2 : ittapi_config_apply_per_lib :  ITTAPI function not implemented: __itt_mark_create
298158 : 0xfa4cd1b4cf6 : 2 : ittapi_config_apply_per_lib :  ITTAPI function not implemented: __itt_mark
298158 : 0xfa4cd1b55b9 : 2 : ittapi_config_apply_per_lib :  ITTAPI function not implemented: __itt_mark_off
298158 : 0xfa4cd1b8099 : 2 : ittapi_config_apply_per_lib :  ITTAPI function not implemented: __itt_mark_global
298158 : 0xfa4cd1b87b5 : 2 : ittapi_config_apply_per_lib :  ITTAPI function not implemented: __itt_mark_global_off
298158 : 0xfa4cd1b900e : 2 : ittapi_config_apply_per_lib :  ITTAPI function instrumented: __itt_stack_caller_create
298158 : 0xfa4cd1b96c7 : 2 : ittapi_config_apply_per_lib :  ITTAPI function instrumented: __itt_stack_caller_destroy
298158 : 0xfa4cd1b9d94 : 2 : ittapi_config_apply_per_lib :  ITTAPI function instrumented: __itt_stack_callee_enter
298158 : 0xfa4cd1ba3a9 : 2 : ittapi_config_apply_per_lib :  ITTAPI function instrumented: __itt_stack_callee_leave
298158 : 0xfa4cd1baa0d : 2 : ittapi_config_apply_per_lib :  ITTAPI function not implemented: __itt_clock_domain_create
298158 : 0xfa4cd1bb1a4 : 2 : ittapi_config_apply_per_lib :  ITTAPI function not implemented: __itt_clock_domain_reset
298158 : 0xfa4cd1bb8d0 : 2 : ittapi_config_apply_per_lib :  ITTAPI function not implemented: __itt_id_create_ex
298158 : 0xfa4cd1bbff8 : 2 : ittapi_config_apply_per_lib :  ITTAPI function not implemented: __itt_id_destroy_ex
298158 : 0xfa4cd1bf992 : 2 : ittapi_config_apply_per_lib :  ITTAPI function not implemented: __itt_task_begin_ex
298158 : 0xfa4cd1c020e : 2 : ittapi_config_apply_per_lib :  ITTAPI function not implemented: __itt_task_begin_fn_ex
298158 : 0xfa4cd1c099b : 2 : ittapi_config_apply_per_lib :  ITTAPI function not implemented: __itt_task_end_ex
298158 : 0xfa4cd1c1068 : 2 : ittapi_config_apply_per_lib :  ITTAPI function instrumented: __itt_task_begin_overlapped
298158 : 0xfa4cd1c179f : 2 : ittapi_config_apply_per_lib :  ITTAPI function not implemented: __itt_task_begin_overlapped_ex
298158 : 0xfa4cd1c1e1d : 2 : ittapi_config_apply_per_lib :  ITTAPI function instrumented: __itt_task_end_overlapped
298158 : 0xfa4cd1c2561 : 2 : ittapi_config_apply_per_lib :  ITTAPI function not implemented: __itt_task_end_overlapped_ex
298158 : 0xfa4cd1c2ce0 : 2 : ittapi_config_apply_per_lib :  ITTAPI function not implemented: __itt_marker_ex
298158 : 0xfa4cd1c34b4 : 2 : ittapi_config_apply_per_lib :  ITTAPI function not implemented: __itt_metadata_add_with_scope
298158 : 0xfa4cd1c3c0f : 2 : ittapi_config_apply_per_lib :  ITTAPI function not implemented: __itt_metadata_str_add_with_scope
298158 : 0xfa4cd1c687c : 2 : ittapi_config_apply_per_lib :  ITTAPI function not implemented: __itt_relation_add_to_current_ex
298158 : 0xfa4cd1c70e4 : 2 : ittapi_config_apply_per_lib :  ITTAPI function not implemented: __itt_relation_add_ex
298158 : 0xfa4cd1c788a : 2 : ittapi_config_apply_per_lib :  ITTAPI function not implemented: __itt_track_group_create
298158 : 0xfa4cd1c7ebf : 2 : ittapi_config_apply_per_lib :  ITTAPI function not implemented: __itt_track_create
298158 : 0xfa4cd1c863a : 2 : ittapi_config_apply_per_lib :  ITTAPI function not implemented: __itt_set_track
298158 : 0xfa4cd1c8ce6 : 2 : ittapi_config_apply_per_lib :  ITTAPI function instrumented: __itt_api_version
298158 : 0xfa4cd1c948c : 2 : ittapi_config_apply_per_lib :  ITTAPI function not implemented: __itt_av_save
298158 : 0xfa4cd1c9b41 : 2 : ittapi_config_apply_per_lib :  ITTAPI function instrumented: __itt_module_load
298158 : 0xfa4cd1ca347 : 2 : ittapi_config_apply_per_lib :  ITTAPI function not implemented: __itt_module_unload