
298209 : 0xfa4cd0d0cb3 : 1 : spill_jit_data :  Jit agent is not initialized
298169 : 0xfa4cd0d7ab4 : 2 : ittapi_config_mask_get :  --itt-config mask to be applied: 183
298169 : 0xfa4cd0dabe2 : 2 : ittapi_config_apply_per_lib :  ITTAPI function instrumented: __itt_domain_create
298169 : 0xfa4cd0db9ab : 2 : ittapi_config_apply_per_lib :  ITTAPI function instrumented: __itt_module_load_with_sections
298169 : 0xfa4cd0dcac9 : 2 : ittapi_config_apply_per_lib :  ITTAPI function not implemented: __itt_module_unload_with_sections
298169 : 0xfa4cd0dd4d6 : 2 : ittapi_config_apply_per_lib :  ITTAPI function instrumented: __itt_string_handle_create
298169 : 0xfa4cd0ddb26 : 2 : ittapi_config_apply_per_lib :  ITTAPI function instrumented: __itt_counter_create
298169 : 0xfa4cd0de205 : 2 : ittapi_config_apply_per_lib :  ITTAPI function instrumented: __itt_counter_create_typed
298169 : 0xfa4cd0dea3a : 2 : ittapi_config_apply_per_lib :  ITTAPI function instrumented: __itt_pause
298169 : 0xfa4cd0df111 : 2 : ittapi_config_apply_per_lib :  ITTAPI function instrumented: __itt_resume
298169 : 0xfa4cd0ec1ad : 2 : ittapi_config_apply_per_lib :  ITTAPI function instrumented: __itt_thread_set_name
298169 : 0xfa4cd0eca17 : 2 : ittapi_config_apply_per_lib :  ITTAPI function instrumented: __itt_thread_ignore
298169 : 0xfa4cd0ed285 : 2 : ittapi_config_apply_per_lib :  ITTAPI function instrumented: __itt_thr_name_set
298169 : 0xfa4cd0ed993 : 2 : ittapi_config_apply_per_lib :  ITTAPI function instrumented: __itt_thr_ignore
298169 : 0xfa4cd0ee0a2 : 2 : ittapi_config_apply_per_lib :  ITTAPI function instrumented: __itt_histogram_create
298169 : 0xfa4cd0ee9ff : 2 : ittapi_config_apply_per_lib :  ITTAPI function not implemented: __itt_enable_attach
298169 : 0xfa4cd0ef184 : 2 : ittapi_config_apply_per_lib :  ITTAPI function instrumented: __itt_detach
298169 : 0xfa4cd0ef77f : 2 : ittapi_config_apply_per_lib :  ITTAPI function NOT instrumented (not matched by --itt-config option): __itt_sync_create

298169 : 0xfa4cd0efd7f : 2 : ittapi_config_apply_per_lib :  ITTAPI function NOT instrumented (not matched by --itt-config option): __itt_sync_rename

298169 : 0xfa4cd0f0224 : 2 : ittapi_config_apply_per_lib :  ITTAPI function NOT instrumented (not matched by --itt-config option): __itt_sync_destroy

298169 : 0xfa4cd0f3786 : 2 : ittapi_config_apply_per_lib :  ITTAPI function NOT instrumented (not matched by --itt-config option): __itt_sync_prepare

298169 : 0xfa4cd0f3c51 : 2 : ittapi_config_apply_per_lib :  ITTAPI function NOT instrumented (not matched by --itt-config option): __itt_sync_cancel

298169 : 0xfa4cd0f412c : 2 : ittapi_config_apply_per_lib :  ITTAPI function NOT instrumented (not matched by --itt-config option): __itt_sync_acquired

298169 : 0xfa4cd0f4609 : 2 : ittapi_config_apply_per_lib :  ITTAPI function NOT instrumented (not matched by --itt-config option): __itt_sync_releasing

298169 : 0xfa4cd0f4f86 : 2 : ittapi_config_apply_per_lib :  ITTAPI function not implemented: __itt_suppress_push
298169 : 0xfa4cd0f5adb : 2 : ittapi_config_apply_per_lib :  ITTAPI function not implemented: __itt_suppress_pop
298169 : 0xfa4cd0f639c : 2 : ittapi_config_apply_per_lib :  ITTAPI function not implemented: __itt_suppress_mark_range
298169 : 0xfa4cd0f6b4c : 2 : ittapi_config_apply_per_lib :  ITTAPI function not implemented: __itt_suppress_clear_range
298169 : 0xfa4cd0f6f73 : 2 : ittapi_config_apply_per_lib :  ITTAPI function NOT instrumented (not matched by --itt-config option): __itt_sync_prepare

298169 : 0xfa4cd0f73be : 2 : ittapi_config_apply_per_lib :  ITTAPI function NOT instrumented (not matched by --itt-config option): __itt_sync_cancel

298169 : 0xfa4cd0f9a59 : 2 : ittapi_config_apply_per_lib :  ITTAPI function NOT instrumented (not matched by --itt-config option): __itt_sync_acquired

298169 : 0xfa4cd0f9eed : 2 : ittapi_config_apply_per_lib :  ITTAPI function NOT instrumented (not matched by --itt-config option): __itt_sync_releasing

298169 : 0xfa4cd0fa6e6 : 2 : ittapi_config_apply_per_lib :  ITTAPI function instrumented: __itt_model_site_begin
298169 : 0xfa4cd0fad78 : 2 : ittapi_config_apply_per_lib :  ITTAPI function instrumented: __itt_model_site_end
298169 : 0xfa4cd0fb459 : 2 : ittapi_config_apply_per_lib :  ITTAPI function instrumented: __itt_model_task_begin
298169 : 0xfa4cd0fba11 : 2 : ittapi_config_apply_per_lib :  ITTAPI function instrumented: __itt_model_task_end
298169 : 0xfa4cd0fc06b : 2 : ittapi_config_apply_per_lib :  ITTAPI function instrumented: __itt_model_lock_acquire
298169 : 0xfa4cd0fc754 : 2 : ittapi_config_apply_per_lib :  ITTAPI function instrumented: __itt_model_lock_release
298169 : 0xfa4cd0fce00 : 2 : ittapi_config_apply_per_lib :  ITTAPI function not implemented: __itt_model_record_allocation
298169 : 0xfa4cd0fd4fa : 2 : ittapi_config_apply_per_lib :  ITTAPI function not implemented: __itt_model_record_deallocation
298169 : 0xfa4cd1021df : 2 : ittapi_config_apply_per_lib :  ITTAPI function not implemented: __itt_model_induction_uses
298169 : 0xfa4cd102a19 : 2 : ittapi_config_apply_per_lib :  ITTAPI function not implemented: __itt_model_reduction_uses
298169 : 0xfa4cd103138 : 2 : ittapi_config_apply_per_lib :  ITTAPI function not implemented: __itt_model_observe_uses
298169 : 0xfa4cd1038c8 : 2 : ittapi_config_apply_per_lib :  ITTAPI function not implemented: __itt_model_clear_uses
298169 : 0xfa4cd103f95 : 2 : ittapi_config_apply_per_lib :  ITTAPI function instrumented: __itt_model_site_beginA
298169 : 0xfa4cd1045a1 : 2 : ittapi_config_apply_per_lib :  ITTAPI function instrumented: __itt_model_site_beginAL
298169 : 0xfa4cd104be3 : 2 : ittapi_config_apply_per_lib :  ITTAPI function instrumented: __itt_model_task_beginA
298169 : 0xfa4cd1051b1 : 2 : ittapi_config_apply_per_lib :  ITTAPI function instrumented: __itt_model_task_beginAL
298169 : 0xfa4cd1057f4 : 2 : ittapi_config_apply_per_lib :  ITTAPI function instrumented: __itt_model_iteration_taskA
298169 : 0xfa4cd105d75 : 2 : ittapi_config_apply_per_lib :  ITTAPI function instrumented: __itt_model_iteration_taskAL
298169 : 0xfa4cd108682 : 2 : ittapi_config_apply_per_lib :  ITTAPI function instrumented: __itt_model_site_end_2
298169 : 0xfa4cd108d28 : 2 : ittapi_config_apply_per_lib :  ITTAPI function instrumented: __itt_model_task_end_2
298169 : 0xfa4cd1092da : 2 : ittapi_config_apply_per_lib :  ITTAPI function instrumented: __itt_model_lock_acquire_2
298169 : 0xfa4cd109964 : 2 : ittapi_config_apply_per_lib :  ITTAPI function instrumented: __itt_model_lock_release_2
298169 : 0xfa4cd109f64 : 2 : ittapi_config_apply_per_lib :  ITTAPI function instrumented: __itt_model_aggregate_task
298169 : 0xfa4cd10a4f3 : 2 : ittapi_config_apply_per_lib :  ITTAPI function instrumented: __itt_model_disable_push
298169 : 0xfa4cd10a9be : 2 : ittapi_config_apply_per_lib :  ITTAPI function instrumented: __itt_model_disable_pop
298169 : 0xfa4cd10af17 : 2 : ittapi_config_apply_per_lib :  ITTAPI function instrumented: __itt_heap_function_create
298169 : 0xfa4cd10b529 : 2 : ittapi_config_apply_per_lib :  ITTAPI function instrumented: __itt_heap_allocate_begin
298169 : 0xfa4cd10ba6c : 2 : ittapi_config_apply_per_lib :  ITTAPI function instrumented: __itt_heap_allocate_end
298169 : 0xfa4cd10e2ac : 2 : ittapi_config_apply_per_lib :  ITTAPI function instrumented: __itt_heap_free_begin
298169 : 0xfa4cd10e926 : 2 : ittapi_config_apply_per_lib :  ITTAPI function instrumented: __itt_heap_free_end
298169 : 0xfa4cd10eff9 : 2 : ittapi_config_apply_per_lib :  ITTAPI function instrumented: __itt_heap_reallocate_begin
298169 : 0xfa4cd10f586 : 2 : ittapi_config_apply_per_lib :  ITTAPI function instrumented: __itt_heap_reallocate_end
298169 : 0xfa4cd10fd81 : 2 : ittapi_config_apply_per_lib :  ITTAPI function not implemented: __itt_heap_internal_access_begin
298169 : 0xfa4cd1104cd : 2 : ittapi_config_apply_per_lib :  ITTAPI function not implemented: __itt_heap_internal_access_end
298169 : 0xfa4cd110c58 : 2 : ittapi_config_apply_per_lib :  ITTAPI function not implemented: __itt_heap_record_memory_growth_begin
298169 : 0xfa4cd111447 : 2 : ittapi_config_apply_per_lib :  ITTAPI function not implemented: __itt_heap_record_memory_growth_end
298169 : 0xfa4cd111ba6 : 2 : ittapi_config_apply_per_lib :  ITTAPI function not implemented: __itt_heap_reset_detection
298169 : 0xfa4cd112310 : 2 : ittapi_config_apply_per_lib :  ITTAPI function not implemented: __itt_heap_record
298169 : 0xfa4cd1162ab : 2 : ittapi_config_apply_per_lib :  ITTAPI function not implemented: __itt_id_create
298169 : 0xfa4cd116bb2 : 2 : ittapi_config_apply_per_lib :  ITTAPI function not implemented: __itt_id_destroy
298169 : 0xfa4cd11727f : 2 : ittapi_config_apply_per_lib :  ITTAPI function instrumented: __itt_get_timestamp
298169 : 0xfa4cd117a72 : 2 : ittapi_config_apply_per_lib :  ITTAPI function not implemented: __itt_region_begin
298169 : 0xfa4cd1181be : 2 : ittapi_config_apply_per_lib :  ITTAPI function not implemented: __itt_region_end
298169 : 0xfa4cd1188c6 : 2 : ittapi_config_apply_per_lib :  ITTAPI function instrumented: __itt_frame_begin_v3
298169 : 0xfa4cd119006 : 2 : ittapi_config_apply_per_lib :  ITTAPI function instrumented: __itt_frame_end_v3
298169 : 0xfa4cd1196ab : 2 : ittapi_config_apply_per_lib :  ITTAPI function instrumented: __itt_frame_submit_v3
298169 : 0xfa4cd119e2e : 2 : ittapi_config_apply_per_lib :  ITTAPI function not implemented: __itt_task_group
298169 : 0xfa4cd11a522 : 2 : ittapi_config_apply_per_lib :  ITTAPI function instrumented: __itt_task_begin
298169 : 0xfa4cd11d22f : 2 : ittapi_config_apply_per_lib :  ITTAPI function instrumented: __itt_task_begin_fn
298169 : 0xfa4cd11d922 : 2 : ittapi_config_apply_per_lib :  ITTAPI function instrumented: __itt_task_end
298169 : 0xfa4cd11e145 : 2 : ittapi_config_apply_per_lib :  ITTAPI function not implemented: __itt_counter_inc_v3
298169 : 0xfa4cd11e9af : 2 : ittapi_config_apply_per_lib :  ITTAPI function not implemented: __itt_counter_inc_delta_v3
298169 : 0xfa4cd11f181 : 2 : ittapi_config_apply_per_lib :  ITTAPI function not implemented: __itt_counter_dec_v3
298169 : 0xfa4cd11f8f0 : 2 : ittapi_config_apply_per_lib :  ITTAPI function not implemented: __itt_counter_dec_delta_v3
298169 : 0xfa4cd120195 : 2 : ittapi_config_apply_per_lib :  ITTAPI function not implemented: __itt_marker
298169 : 0xfa4cd12082b : 2 : ittapi_config_apply_per_lib :  ITTAPI function instrumented: __itt_metadata_add
298169 : 0xfa4cd121044 : 2 : ittapi_config_apply_per_lib :  ITTAPI function not implemented: __itt_metadata_str_add
298169 : 0xfa4cd12177e : 2 : ittapi_config_apply_per_lib :  ITTAPI function not implemented: __itt_relation_add_to_current
298169 : 0xfa4cd1242c0 : 2 : ittapi_config_apply_per_lib :  ITTAPI function not implemented: __itt_relation_add
298169 : 0xfa4cd1249cd : 2 : ittapi_config_apply_per_lib :  ITTAPI function instrumented: __itt_event_create
298169 : 0xfa4cd125035 : 2 : ittapi_config_apply_per_lib :  ITTAPI function instrumented: __itt_event_start
298169 : 0xfa4cd125735 : 2 : ittapi_config_apply_per_lib :  ITTAPI function instrumented: __itt_event_end
298169 : 0xfa4cd125bd1 : 2 : ittapi_config_apply_per_lib :  ITTAPI function NOT instrumented (not matched by --itt-config option): __itt_sync_set_name

298169 : 0xfa4cd1260ce : 2 : ittapi_config_apply_per_lib :  ITTAPI function NOT instrumented (not matched by --itt-config option): __itt_notify_sync_name

298169 : 0xfa4cd126575 : 2 : ittapi_config_apply_per_lib :  ITTAPI function NOT instrumented (not matched by --itt-config option): __itt_notify_sync_prepare

298169 : 0xfa4cd1269da : 2 : ittapi_config_apply_per_lib :  ITTAPI function NOT instrumented (not matched by --itt-config option): __itt_notify_sync_cancel

298169 : 0xfa4cd126e26 : 2 : ittapi_config_apply_per_lib :  ITTAPI function NOT instrumented (not matched by --itt-config option): __itt_notify_sync_acquired

298169 : 0xfa4cd127297 : 2 : ittapi_config_apply_per_lib :  ITTAPI function NOT instrumented (not matched by --itt-config option): __itt_notify_sync_releasing

298169 : 0xfa4cd129d3d : 2 : ittapi_config_apply_per_lib :  ITTAPI function not implemented: __itt_memory_read
298169 : 0xfa4cd12a55a : 2 : ittapi_config_apply_per_lib :  ITTAPI function not implemented: __itt_memory_write
298169 : 0xfa4cd12ad28 : 2 : ittapi_config_apply_per_lib :  ITTAPI function not implemented: __itt_memory_update
298169 : 0xfa4cd12b584 : 2 : ittapi_config_apply_per_lib :  ITTAPI function not implemented: __itt_state_get
298169 : 0xfa4cd12bc6d : 2 : ittapi_config_apply_per_lib :  ITTAPI function not implemented: __itt_state_set
298169 : 0xfa4cd12c377 : 2 : ittapi_config_apply_per_lib :  ITTAPI function not implemented: __itt_obj_mode_set
298169 : 0xfa4cd12cb28 : 2 : ittapi_config_apply_per_lib :  ITTAPI function not implemented: __itt_thr_mode_set
298169 : 0xfa4cd12d0ec : 2 : ittapi_config_apply_per_lib :  ITTAPI function instrumented: __itt_frame_create
298169 : 0xfa4cd12d725 : 2 : ittapi_config_apply_per_lib :  ITTAPI function instrumented: __itt_pt_region_create
298169 : 0xfa4cd12dd81 : 2 : ittapi_config_apply_per_lib :  ITTAPI function instrumented: __itt_frame_begin
298169 : 0xfa4cd1319b3 : 2 : ittapi_config_apply_per_lib :  ITTAPI function instrumented: __itt_frame_end
298169 : 0xfa4cd1321a5 : 2 : ittapi_config_apply_per_lib :  ITTAPI function not implemented: __itt_counter_destroy
298169 : 0xfa4cd1328a5 : 2 : ittapi_config_apply_per_lib :  ITTAPI function instrumented: __itt_counter_inc
298169 : 0xfa4cd132faf : 2 : ittapi_config_apply_per_lib :  ITTAPI function instrumented: __itt_counter_inc_delta
298169 : 0xfa4cd1335cd : 2 : ittapi_config_apply_per_lib :  ITTAPI function instrumented: __itt_counter_dec
298169 : 0xfa4cd133cb1 : 2 : ittapi_config_apply_per_lib :  ITTAPI function instrumented: __itt_counter_dec_delta
298169 : 0xfa4cd1342ea : 2 : ittapi_config_apply_per_lib :  ITTAPI function instrumented: __itt_counter_set_value
298169 : 0xfa4cd134a55 : 2 : ittapi_config_apply_per_lib :  ITTAPI function not implemented: __itt_counter_set_value_ex
298169 : 0xfa4cd135120 : 2 : ittapi_config_apply_per_lib :  ITTAPI function not implemented: __itt_mark_create
298169 : 0xfa4cd1359a8 : 2 : ittapi_config_apply_per_lib :  ITTAPI function not implemented: __itt_mark
298169 : 0xfa4cd13876d : 2 : ittapi_config_apply_per_lib :  ITTAPI function not implemented: __itt_mark_off
298169 : 0xfa4cd138ebc : 2 : ittapi_config_apply_per_lib :  ITTAPI function not implemented: __itt_mark_global
298169 : 0xfa4cd139616 : 2 : ittapi_config_apply_per_lib :  ITTAPI function not implemented: __itt_mark_global_off
298169 : 0xfa4cd139ed7 : 2 : ittapi_config_apply_per_lib :  ITTAPI function instrumented: __itt_stack_caller_create
298169 : 0xfa4cd13a5a4 : 2 : ittapi_config_apply_per_lib :  ITTAPI function instrumented: __itt_stack_caller_destroy
298169 : 0xfa4cd13aca8 : 2 : ittapi_config_apply_per_lib :  ITTAPI function instrumented: __itt_stack_callee_enter
298169 : 0xfa4cd13b219 : 2 : ittapi_config_apply_per_lib :  ITTAPI function instrumented: __itt_stack_callee_leave
298169 : 0xfa4cd13b866 : 2 : ittapi_config_apply_per_lib :  ITTAPI function not implemented: __itt_clock_domain_create
298169 : 0xfa4cd13c04b : 2 : ittapi_config_apply_per_lib :  ITTAPI function not implemented: __itt_clock_domain_reset
298169 : 0xfa4cd13c791 : 2 : ittapi_config_apply_per_lib :  ITTAPI function not implemented: __itt_id_create_ex
298169 : 0xfa4cd13f0fb : 2 : ittapi_config_apply_per_lib :  ITTAPI function not implemented: __itt_id_destroy_ex
298169 : 0xfa4cd13f8d5 : 2 : ittapi_config_apply_per_lib :  ITTAPI function not implemented: __itt_task_begin_ex
298169 : 0xfa4cd140060 : 2 : ittapi_config_apply_per_lib :  ITTAPI function not implemented: __itt_task_begin_fn_ex
298169 : 0xfa4cd1407d9 : 2 : ittapi_config_apply_per_lib :  ITTAPI function not implemented: __itt_task_end_ex
298169 : 0xfa4cd140eb4 : 2 : ittapi_config_apply_per_lib :  ITTAPI function instrumented: __itt_task_begin_overlapped
298169 : 0xfa4cd1415fd : 2 : ittapi_config_apply_per_lib :  ITTAPI function not implemented: __itt_task_begin_overlapped_ex
298169 : 0xfa4cd141ca1 : 2 : ittapi_config_apply_per_lib :  ITTAPI function instrumented: __itt_task_end_overlapped
298169 : 0xfa4cd1423f8 : 2 : ittapi_config_apply_per_lib :  ITTAPI function not implemented: __itt_task_end_overlapped_ex
298169 : 0xfa4cd142b3e : 2 : ittapi_config_apply_per_lib :  ITTAPI function not implemented: __itt_marker_ex
298169 : 0xfa4cd1432c4 : 2 : ittapi_config_apply_per_lib :  ITTAPI function not implemented: __itt_metadata_add_with_scope
298169 : 0xfa4cd1472b7 : 2 : ittapi_config_apply_per_lib :  ITTAPI function not implemented: __itt_metadata_str_add_with_scope
298169 : 0xfa4cd147b1d : 2 : ittapi_config_apply_per_lib :  ITTAPI function not implemented: __itt_relation_add_to_current_ex
298169 : 0xfa4cd1482df : 2 : ittapi_config_apply_per_lib :  ITTAPI function not implemented: __itt_relation_add_ex
298169 : 0xfa4cd148adf : 2 : ittapi_config_apply_per_lib :  ITTAPI function not implemented: __itt_track_group_create
298169 : 0xfa4cd149119 : 2 : ittapi_config_apply_per_lib :  ITTAPI function not implemented: __itt_track_create
298169 : 0xfa4cd1498c0 : 2 : ittapi_config_apply_per_lib :  ITTAPI function not implemented: __itt_set_track
298169 : 0xfa4cd149fac : 2 : ittapi_config_apply_per_lib :  ITTAPI function instrumented: __itt_api_version
298169 : 0xfa4cd14a716 : 2 : ittapi_config_apply_per_lib :  ITTAPI function not implemented: __itt_av_save
298169 : 0xfa4cd14ae3e : 2 : ittapi_config_apply_per_lib :  ITTAPI function instrumented: __itt_module_load
298169 : 0xfa4cd14b625 : 2 : ittapi_config_apply_per_lib :  ITTAPI function not implemented: __itt_module_unload
298169 : 0xfa4cd14e332 : 2 : ittapi_config_apply_per_lib :  ITTAPI function NOT instrumented (not matched by --itt-config option): __itt_histogram_submit

298169 : 0xfa4cd1b60d7 : 2 : ittapi_config_mask_get :  --itt-config mask to be applied: 183
298169 : 0xfa4cd1b6a36 : 2 : ittapi_config_apply_per_lib :  ITTAPI function instrumented: __itt_domain_create
298169 : 0xfa4cd1b73bd : 2 : ittapi_config_apply_per_lib :  ITTAPI function instrumented: __itt_module_load_with_sections
298169 : 0xfa4cd1b7c07 : 2 : ittapi_config_apply_per_lib :  ITTAPI function not implemented: __itt_module_unload_with_sections
298169 : 0xfa4cd1b82b9 : 2 : ittapi_config_apply_per_lib :  ITTAPI function instrumented: __itt_string_handle_create
298169 : 0xfa4cd1b88e0 : 2 : ittapi_config_apply_per_lib :  ITTAPI function instrumented: __itt_counter_create
298169 : 0xfa4cd1b8ef5 : 2 : ittapi_config_apply_per_lib :  ITTAPI function instrumented: __itt_counter_create_typed
298169 : 0xfa4cd1b950e : 2 : ittapi_config_apply_per_lib :  ITTAPI function instrumented: __itt_pause
298169 : 0xfa4cd1b9b3f : 2 : ittapi_config_apply_per_lib :  ITTAPI function instrumented: __itt_resume
298169 : 0xfa4cd1bd496 : 2 : ittapi_config_apply_per_lib :  ITTAPI function instrumented: __itt_thread_set_name
298169 : 0xfa4cd1bdb95 : 2 : ittapi_config_apply_per_lib :  ITTAPI function instrumented: __itt_thread_ignore
298169 : 0xfa4cd1be228 : 2 : ittapi_config_apply_per_lib :  ITTAPI function instrumented: __itt_thr_name_set
298169 : 0xfa4cd1be873 : 2 : ittapi_config_apply_per_lib :  ITTAPI function instrumented: __itt_thr_ignore
298169 : 0xfa4cd1bf047 : 2 : ittapi_config_apply_per_lib :  ITTAPI function not implemented: __itt_enable_attach
298169 : 0xfa4cd1bf749 : 2 : ittapi_config_apply_per_lib :  ITTAPI function instrumented: __itt_detach
298169 : 0xfa4cd1bfc58 : 2 : ittapi_config_apply_per_lib :  ITTAPI function NOT instrumented (not matched by --itt-config option): __itt_sync_create

298169 : 0xfa4cd1c01c5 : 2 : ittapi_config_apply_per_lib :  ITTAPI function NOT instrumented (not matched by --itt-config option): __itt_sync_rename

298169 : 0xfa4cd1c0645 : 2 : ittapi_config_apply_per_lib :  ITTAPI function NOT instrumented (not matched by --itt-config option): __itt_sync_destroy

298169 : 0xfa4cd1c0b2e : 2 : ittapi_config_apply_per_lib :  ITTAPI function NOT instrumented (not matched by --itt-config option): __itt_sync_prepare

298169 : 0xfa4cd1c31ee : 2 : ittapi_config_apply_per_lib :  ITTAPI function NOT instrumented (not matched by --itt-config option): __itt_sync_cancel

298169 : 0xfa4cd1c3661 : 2 : ittapi_config_apply_per_lib :  ITTAPI function NOT instrumented (not matched by --itt-config option): __itt_sync_acquired

298169 : 0xfa4cd1c3a45 : 2 : ittapi_config_apply_per_lib :  ITTAPI function NOT instrumented (not matched by --itt-config option): __itt_sync_releasing

298169 : 0xfa4cd1c42a7 : 2 : ittapi_config_apply_per_lib :  ITTAPI function not implemented: __itt_suppress_push
298169 : 0xfa4cd1c4aed : 2 : ittapi_config_apply_per_lib :  ITTAPI function not implemented: __itt_suppress_pop
298169 : 0xfa4cd1c51a2 : 2 : ittapi_config_apply_per_lib :  ITTAPI function not implemented: __itt_suppress_mark_range
298169 : 0xfa4cd1c5949 : 2 : ittapi_config_apply_per_lib :  ITTAPI function not implemented: __itt_suppress_clear_range
298169 : 0xfa4cd1c5db5 : 2 : ittapi_config_apply_per_lib :  ITTAPI function NOT instrumented (not matched by --itt-config option): __itt_sync_prepare

298169 : 0xfa4cd1c6237 : 2 : ittapi_config_apply_per_lib :  ITTAPI function NOT instrumented (not matched by --itt-config option): __itt_sync_cancel

298169 : 0xfa4cd1c662d : 2 : ittapi_config_apply_per_lib :  ITTAPI function NOT instrumented (not matched by --itt-config option): __itt_sync_acquired

298169 : 0xfa4cd1ca100 : 2 : ittapi_config_apply_per_lib :  ITTAPI function NOT instrumented (not matched by --itt-config option): __itt_sync_releasing

298169 : 0xfa4cd1ca90f : 2 : ittapi_config_apply_per_lib :  ITTAPI function instrumented: __itt_model_site_begin
298169 : 0xfa4cd1cafa6 : 2 : ittapi_config_apply_per_lib :  ITTAPI function instrumented: __itt_model_site_end
298169 : 0xfa4cd1cb636 : 2 : ittapi_config_apply_per_lib :  ITTAPI function instrumented: __itt_model_task_begin
298169 : 0xfa4cd1cbc08 : 2 : ittapi_config_apply_per_lib :  ITTAPI function instrumented: __itt_model_task_end
298169 : 0xfa4cd1cc27a : 2 : ittapi_config_apply_per_lib :  ITTAPI function instrumented: __itt_model_lock_acquire
298169 : 0xfa4cd1cc92e : 2 : ittapi_config_apply_per_lib :  ITTAPI function instrumented: __itt_model_lock_release
298169 : 0xfa4cd1cd018 : 2 : ittapi_config_apply_per_lib :  ITTAPI function not implemented: __itt_model_record_allocation
298169 : 0xfa4cd1cd776 : 2 : ittapi_config_apply_per_lib :  ITTAPI function not implemented: __itt_model_record_deallocation
298169 : 0xfa4cd1cde43 : 2 : ittapi_config_apply_per_lib :  ITTAPI function not implemented: __itt_model_induction_uses
298169 : 0xfa4cd1d09f8 : 2 : ittapi_config_apply_per_lib :  ITTAPI function not implemented: __itt_model_reduction_uses
298169 : 0xfa4cd1d1189 : 2 : ittapi_config_apply_per_lib :  ITTAPI function not implemented: __itt_model_observe_uses
298169 : 0xfa4cd1d199a : 2 : ittapi_config_apply_per_lib :  ITTAPI function not implemented: __itt_model_clear_uses
298169 : 0xfa4cd1d204f : 2 : ittapi_config_apply_per_lib :  ITTAPI function instrumented: __itt_model_site_beginA
298169 : 0xfa4cd1d262b : 2 : ittapi_config_apply_per_lib :  ITTAPI function instrumented: __itt_model_site_beginAL
298169 : 0xfa4cd1d2bb2 : 2 : ittapi_config_apply_per_lib :  ITTAPI function instrumented: __itt_model_task_beginA
298169 : 0xfa4cd1d31a2 : 2 : ittapi_config_apply_per_lib :  ITTAPI function instrumented: __itt_model_task_beginAL
298169 : 0xfa4cd1d3752 : 2 : ittapi_config_apply_per_lib :  ITTAPI function instrumented: __itt_model_iteration_taskA
298169 : 0xfa4cd1d3c7e : 2 : ittapi_config_apply_per_lib :  ITTAPI function instrumented: __itt_model_iteration_taskAL
298169 : 0xfa4cd1d4173 : 2 : ittapi_config_apply_per_lib :  ITTAPI function instrumented: __itt_model_site_end_2
298169 : 0xfa4cd1d6bf2 : 2 : ittapi_config_apply_per_lib :  ITTAPI function instrumented: __itt_model_task_end_2
298169 : 0xfa4cd1d71b8 : 2 : ittapi_config_apply_per_lib :  ITTAPI function instrumented: __itt_model_lock_acquire_2
298169 : 0xfa4cd1d77e1 : 2 : ittapi_config_apply_per_lib :  ITTAPI function instrumented: __itt_model_lock_release_2
298169 : 0xfa4cd1d7dcd : 2 : ittapi_config_apply_per_lib :  ITTAPI function instrumented: __itt_model_aggregate_task
298169 : 0xfa4cd1d8326 : 2 : ittapi_config_apply_per_lib :  ITTAPI function instrumented: __itt_model_disable_push
298169 : 0xfa4cd1d8801 : 2 : ittapi_config_apply_per_lib :  ITTAPI function instrumented: __itt_model_disable_pop
298169 : 0xfa4cd1d8d55 : 2 : ittapi_config_apply_per_lib :  ITTAPI function instrumented: __itt_heap_function_create
298169 : 0xfa4cd1d9362 : 2 : ittapi_config_apply_per_lib :  ITTAPI function instrumented: __itt_heap_allocate_begin
298169 : 0xfa4cd1d9890 : 2 : ittapi_config_apply_per_lib :  ITTAPI function instrumented: __itt_heap_allocate_end
298169 : 0xfa4cd1d9e64 : 2 : ittapi_config_apply_per_lib :  ITTAPI function instrumented: __itt_heap_free_begin
298169 : 0xfa4cd1dd66f : 2 : ittapi_config_apply_per_lib :  ITTAPI function instrumented: __itt_heap_free_end
298169 : 0xfa4cd1ddd2e : 2 : ittapi_config_apply_per_lib :  ITTAPI function instrumented: __itt_heap_reallocate_begin
298169 : 0xfa4cd1de2eb : 2 : ittapi_config_apply_per_lib :  ITTAPI function instrumented: __itt_heap_reallocate_end
298169 : 0xfa4cd1deaf0 : 2 : ittapi_config_apply_per_lib :  ITTAPI function not implemented: __itt_heap_internal_access_begin
298169 : 0xfa4cd1df1cb : 2 : ittapi_config_apply_per_lib :  ITTAPI function not implemented: __itt_heap_internal_access_end
298169 : 0xfa4cd1df93a : 2 : ittapi_config_apply_per_lib :  ITTAPI function not implemented: __itt_heap_record_memory_growth_begin
298169 : 0xfa4cd1e00e6 : 2 : ittapi_config_apply_per_lib :  ITTAPI function not implemented: __itt_heap_record_memory_growth_end
298169 : 0xfa4cd1e07dd : 2 : ittapi_config_apply_per_lib :  ITTAPI function not implemented: __itt_heap_reset_detection
298169 : 0xfa4cd1e0f5a : 2 : ittapi_config_apply_per_lib :  ITTAPI function not implemented: __itt_heap_record
298169 : 0xfa4cd1e1660 : 2 : ittapi_config_apply_per_lib :  ITTAPI function not implemented: __itt_id_create
298169 : 0xfa4cd1e4008 : 2 : ittapi_config_apply_per_lib :  ITTAPI function not implemented: __itt_id_destroy
298169 : 0xfa4cd1e46ad : 2 : ittapi_config_apply_per_lib :  ITTAPI function instrumented: __itt_get_timestamp
298169 : 0xfa4cd1e4e00 : 2 : ittapi_config_apply_per_lib :  ITTAPI function not implemented: __itt_region_begin
298169 : 0xfa4cd1e5566 : 2 : ittapi_config_apply_per_lib :  ITTAPI function not implemented: __itt_region_end
298169 : 0xfa4cd1e5bf1 : 2 : ittapi_config_apply_per_lib :  ITTAPI function instrumented: __itt_frame_begin_v3
298169 : 0xfa4cd1e62ee : 2 : ittapi_config_apply_per_lib :  ITTAPI function instrumented: __itt_frame_end_v3
298169 : 0xfa4cd1e68e2 : 2 : ittapi_config_apply_per_lib :  ITTAPI function instrumented: __itt_frame_submit_v3
298169 : 0xfa4cd1e6f6b : 2 : ittapi_config_apply_per_lib :  ITTAPI function not implemented: __itt_task_group
298169 : 0xfa4cd1e75f3 : 2 : ittapi_config_apply_per_lib :  ITTAPI function instrumented: __itt_task_begin
298169 : 0xfa4cd1e7c71 : 2 : ittapi_config_apply_per_lib :  ITTAPI function instrumented: __itt_task_begin_fn
298169 : 0xfa4cd1ea5ac : 2 : ittapi_config_apply_per_lib :  ITTAPI function instrumented: __itt_task_end
298169 : 0xfa4cd1ead19 : 2 : ittapi_config_apply_per_lib :  ITTAPI function not implemented: __itt_counter_inc_v3
298169 : 0xfa4cd1eb503 : 2 : ittapi_config_apply_per_lib :  ITTAPI function not implemented: __itt_counter_inc_delta_v3
298169 : 0xfa4cd1ebc44 : 2 : ittapi_config_apply_per_lib :  ITTAPI function not implemented: __itt_counter_dec_v3
298169 : 0xfa4cd1ec34f : 2 : ittapi_config_apply_per_lib :  ITTAPI function not implemented: __itt_counter_dec_delta_v3
298169 : 0xfa4cd1ecae9 : 2 : ittapi_config_apply_per_lib :  ITTAPI function not implemented: __itt_marker
298169 : 0xfa4cd1ed0c7 : 2 : ittapi_config_apply_per_lib :  ITTAPI function instrumented: __itt_metadata_add
298169 : 0xfa4cd1ed82a : 2 : ittapi_config_apply_per_lib :  ITTAPI function not implemented: __itt_metadata_str_add
298169 : 0xfa4cd1edeef : 2 : ittapi_config_apply_per_lib :  ITTAPI function not implemented: __itt_relation_add_to_current
298169 : 0xfa4cd1ee63d : 2 : ittapi_config_apply_per_lib :  ITTAPI function not implemented: __itt_relation_add
298169 : 0xfa4cd1f0f1b : 2 : ittapi_config_apply_per_lib :  ITTAPI function instrumented: __itt_event_create
298169 : 0xfa4cd1f15a9 : 2 : ittapi_config_apply_per_lib :  ITTAPI function instrumented: __itt_event_start
298169 : 0xfa4cd1f1c13 : 2 : ittapi_config_apply_per_lib :  ITTAPI function instrumented: __itt_event_end
298169 : 0xfa4cd1f20ee : 2 : ittapi_config_apply_per_lib :  ITTAPI function NOT instrumented (not matched by --itt-config option): __itt_sync_set_name

298169 : 0xfa4cd1f25b3 : 2 : ittapi_config_apply_per_lib :  ITTAPI function NOT instrumented (not matched by --itt-config option): __itt_notify_sync_name

298169 : 0xfa4cd1f2a6d : 2 : ittapi_config_apply_per_lib :  ITTAPI function NOT instrumented (not matched by --itt-config option): __itt_notify_sync_prepare

298169 : 0xfa4cd1f2ef9 : 2 : ittapi_config_apply_per_lib :  ITTAPI function NOT instrumented (not matched by --itt-config option): __itt_notify_sync_cancel

298169 : 0xfa4cd1f3339 : 2 : ittapi_config_apply_per_lib :  ITTAPI function NOT instrumented (not matched by --itt-config option): __itt_notify_sync_acquired

298169 : 0xfa4cd1f3788 : 2 : ittapi_config_apply_per_lib :  ITTAPI function NOT instrumented (not matched by --itt-config option): __itt_notify_sync_releasing

298169 : 0xfa4cd1f3eba : 2 : ittapi_config_apply_per_lib :  ITTAPI function not implemented: __itt_memory_read
298169 : 0xfa4cd1f7c78 : 2 : ittapi_config_apply_per_lib :  ITTAPI function not implemented: __itt_memory_write
298169 : 0xfa4cd1f8475 : 2 : ittapi_config_apply_per_lib :  ITTAPI function not implemented: __itt_memory_update
298169 : 0xfa4cd1f8c47 : 2 : ittapi_config_apply_per_lib :  ITTAPI function not implemented: __itt_state_get
298169 : 0xfa4cd1f92d7 : 2 : ittapi_config_apply_per_lib :  ITTAPI function not implemented: __itt_state_set
298169 : 0xfa4cd1f9a06 : 2 : ittapi_config_apply_per_lib :  ITTAPI function not implemented: __itt_obj_mode_set
298169 : 0xfa4cd1fa10b : 2 : ittapi_config_apply_per_lib :  ITTAPI function not implemented: __itt_thr_mode_set
298169 : 0xfa4cd1fa7a8 : 2 : ittapi_config_apply_per_lib :  ITTAPI function instrumented: __itt_frame_create
298169 : 0xfa4cd1fad9e : 2 : ittapi_config_apply_per_lib :  ITTAPI function instrumented: __itt_pt_region_create
298169 : 0xfa4cd1fb396 : 2 : ittapi_config_apply_per_lib :  ITTAPI function instrumented: __itt_frame_begin
298169 : 0xfa4cd1fb9ee : 2 : ittapi_config_apply_per_lib :  ITTAPI function instrumented: __itt_frame_end
298169 : 0xfa4cd1fe31b : 2 : ittapi_config_apply_per_lib :  ITTAPI function not implemented: __itt_counter_destroy
298169 : 0xfa4cd1fea45 : 2 : ittapi_config_apply_per_lib :  ITTAPI function instrumented: __itt_counter_inc
298169 : 0xfa4cd1ff086 : 2 : ittapi_config_apply_per_lib :  ITTAPI function instrumented: __itt_counter_inc_delta
298169 : 0xfa4cd1ff63e : 2 : ittapi_config_apply_per_lib :  ITTAPI function instrumented: __itt_counter_dec
298169 : 0xfa4cd1ffca4 : 2 : ittapi_config_apply_per_lib :  ITTAPI function instrumented: __itt_counter_dec_delta
298169 : 0xfa4cd200298 : 2 : ittapi_config_apply_per_lib :  ITTAPI function instrumented: __itt_counter_set_value
298169 : 0xfa4cd2009cc : 2 : ittapi_config_apply_per_lib :  ITTAPI function not implemented: __itt_counter_set_value_ex
298169 : 0xfa4cd20109b : 2 : ittapi_config_apply_per_lib :  ITTAPI function not implemented: __itt_mark_create
298169 : 0xfa4cd2017a7 : 2 : ittapi_config_apply_per_lib :  ITTAPI function not implemented: __itt_mark
298169 : 0xfa4cd201f41 : 2 : ittapi_config_apply_per_lib :  ITTAPI function not implemented: __itt_mark_off
298169 : 0xfa4cd204612 : 2 : ittapi_config_apply_per_lib :  ITTAPI function not implemented: __itt_mark_global
298169 : 0xfa4cd204d55 : 2 : ittapi_config_apply_per_lib :  ITTAPI function not implemented: __itt_mark_global_off
298169 : 0xfa4cd205592 : 2 : ittapi_config_apply_per_lib :  ITTAPI function instrumented: __itt_stack_caller_create
298169 : 0xfa4cd205bd1 : 2 : ittapi_config_apply_per_lib :  ITTAPI function instrumented: __itt_stack_caller_destroy
298169 : 0xfa4cd206264 : 2 : ittapi_config_apply_per_lib :  ITTAPI function instrumented: __itt_stack_callee_enter
298169 : 0xfa4cd2067bc : 2 : ittapi_config_apply_per_lib :  ITTAPI function instrumented: __itt_stack_callee_leave
298169 : 0xfa4cd206dc3 : 2 : ittapi_config_apply_per_lib :  ITTAPI function not implemented: __itt_clock_domain_create
298169 : 0xfa4cd207505 : 2 : ittapi_config_apply_per_lib :  ITTAPI function not implemented: __itt_clock_domain_reset
298169 : 0xfa4cd207c11 : 2 : ittapi_config_apply_per_lib :  ITTAPI function not implemented: __itt_id_create_ex
298169 : 0xfa4cd2082b5 : 2 : ittapi_config_apply_per_lib :  ITTAPI function not implemented: __itt_id_destroy_ex
298169 : 0xfa4cd20bb54 : 2 : ittapi_config_apply_per_lib :  ITTAPI function not implemented: __itt_task_begin_ex
298169 : 0xfa4cd20c348 : 2 : ittapi_config_apply_per_lib :  ITTAPI function not implemented: __itt_task_begin_fn_ex
298169 : 0xfa4cd20caa7 : 2 : ittapi_config_apply_per_lib :  ITTAPI function not implemented: __itt_task_end_ex
298169 : 0xfa4cd20d140 : 2 : ittapi_config_apply_per_lib :  ITTAPI function instrumented: __itt_task_begin_overlapped
298169 : 0xfa4cd20d896 : 2 : ittapi_config_apply_per_lib :  ITTAPI function not implemented: __itt_task_begin_overlapped_ex
298169 : 0xfa4cd20dead : 2 : ittapi_config_apply_per_lib :  ITTAPI function instrumented: __itt_task_end_overlapped
298169 : 0xfa4cd20e5d3 : 2 : ittapi_config_apply_per_lib :  ITTAPI function not implemented: __itt_task_end_overlapped_ex
298169 : 0xfa4cd20ec94 : 2 : ittapi_config_apply_per_lib :  ITTAPI function not implemented: __itt_marker_ex
298169 : 0xfa4cd20f3e4 : 2 : ittapi_config_apply_per_lib :  ITTAPI function not implemented: __itt_metadata_add_with_scope
298169 : 0xfa4cd20fb68 : 2 : ittapi_config_apply_per_lib :  ITTAPI function not implemented: __itt_metadata_str_add_with_scope
298169 : 0xfa4cd212755 : 2 : ittapi_config_apply_per_lib :  ITTAPI function not implemented: __itt_relation_add_to_current_ex
298169 : 0xfa4cd212f25 : 2 : ittapi_config_apply_per_lib :  ITTAPI function not implemented: __itt_relation_add_ex
298169 : 0xfa4cd213696 : 2 : ittapi_config_apply_per_lib :  ITTAPI function not implemented: __itt_track_group_create
298169 : 0xfa4cd213d24 : 2 : ittapi_config_apply_per_lib :  ITTAPI function not implemented: __itt_track_create
298169 : 0xfa4cd214434 : 2 : ittapi_config_apply_per_lib :  ITTAPI function not implemented: __itt_set_track
298169 : 0xfa4cd214a7d : 2 : ittapi_config_apply_per_lib :  ITTAPI function instrumented: __itt_api_version
298169 : 0xfa4cd2151fd : 2 : ittapi_config_apply_per_lib :  ITTAPI function not implemented: __itt_av_save
298169 : 0xfa4cd2158a1 : 2 : ittapi_config_apply_per_lib :  ITTAPI function instrumented: __itt_module_load
298169 : 0xfa4cd21603b : 2 : ittapi_config_apply_per_lib :  ITTAPI function not implemented: __itt_module_unload